02-25 10:58:02.719   919  3109 D WifiService: New client listening to asynchronous messages
02-25 10:58:09.350   919  3521 I ActivityManager: Killing 32058:com.google.android.apps.photos/u0a62 (adj 15): empty #17
02-25 10:58:11.788   919   929 I ActivityManager: Start proc 2527:com.google.android.music:main/u0a59 for service com.google.android.music/.wear.MusicWearableListenerService
02-25 10:58:12.728   919  5904 I ActivityManager: Process android.process.media (pid 2142) has died
02-25 10:58:12.774  2527  2527 W ActivityThread: ClassLoader.loadClass: The class loader returned by Thread.getContextClassLoader() may fail for processes that host multiple applications. You should explicitly specify a context class loader. For example: Thread.setContextClassLoader(getClass().getClassLoader());
02-25 10:58:13.539   919   929 D ConnectivityService: ConnectivityService NetworkRequestInfo binderDied(NetworkRequest [ id=1408, legacyType=-1, [ Capabilities: INTERNET&NOT_RESTRICTED&TRUSTED&NOT_VPN] ], android.os.BinderProxy@6f04eba)
02-25 10:58:13.539   919  3109 D WifiService: Client connection lost with reason: 4
02-25 10:58:13.544   919  5908 I ActivityManager: Process com.google.android.googlequicksearchbox:search (pid 2322) has died
02-25 10:58:13.547   919  3110 D ConnectivityService: releasing NetworkRequest NetworkRequest [ id=1408, legacyType=-1, [ Capabilities: INTERNET&NOT_RESTRICTED&TRUSTED&NOT_VPN] ]
02-25 10:58:13.576   919  3110 E ConnectivityService: RemoteException caught trying to send a callback msg for NetworkRequest [ id=1408, legacyType=-1, [ Capabilities: INTERNET&NOT_RESTRICTED&TRUSTED&NOT_VPN] ]
02-25 10:58:13.595   919  5904 E WifiService: Multicaster binderDied
02-25 10:58:13.596   919  3109 D WifiService: Client connection lost with reason: 4
02-25 10:58:13.596   919  5905 I libprocessgroup: Killing pid 658 in uid 10089 as part of process group 607
02-25 10:58:13.602   919  5905 I libprocessgroup: Killing pid 658 in uid 10089 as part of process group 607
02-25 10:58:13.607   919  5905 I libprocessgroup: Killing pid 658 in uid 10089 as part of process group 607
02-25 10:58:13.612   919  5905 I ActivityManager: Process com.estrongs.android.pop (pid 607) has died
02-25 10:58:13.877   919  3835 I ActivityManager: Start proc 2570:com.vuxia.wearchargingwidget/u0a226 for service com.vuxia.wearchargingwidget/.framework.wear.DataLayerListenerService
02-25 10:58:14.243   919  5901 I ActivityManager: Start proc 2590:com.google.android.googlequicksearchbox:search/u0a29 for service com.google.android.googlequicksearchbox/com.google.android.apps.gsa.cardsync.CardSyncWearableListenerService
02-25 10:58:15.026   919  3831 W ActivityManager: Permission Denial: Accessing service ComponentInfo{com.google.samples.apps.iosched/com.google.samples.apps.iosched.feedback.FeedbackWearableListenerService} from pid=12231, uid=10012 that is not exported from uid 10303
02-25 10:58:16.036   919  5901 I ActivityManager: Start proc 2619:com.shazam.android/u0a100 for service com.shazam.android/.service.wearable.ShazamWearableService
02-25 10:58:16.750   919  5904 I ActivityManager: Start proc 2642:com.google.android.wearable.app:commwatchface/u0a156 for service com.google.android.wearable.app/com.google.android.clockwork.watchfaces.communication.companion.CommunicationWatchFaceWearableListenerService
02-25 10:58:17.216   919  5904 W ActivityManager: Unable to start service Intent { act=com.shazam.android pkg=com.shazam.android } U=0: not found
02-25 10:58:18.659   919   929 I ActivityManager: Killing 1799:com.google.android.GoogleCamera/u0a45 (adj 15): empty #17
02-25 10:58:19.709   919  5901 I ActivityManager: Killing 2186:com.vuxia.animatedwatchfaces/u0a225 (adj 15): empty #17
02-25 10:59:13.014   919  3110 D ConnectivityService: NetworkAgentInfo [WIFI () - 1021] EVENT_NETWORK_INFO_CHANGED, going from CONNECTED to DISCONNECTED
02-25 10:59:13.014   919  3110 D ConnectivityService: NetworkAgentInfo [WIFI () - 1021] got DISCONNECTED, was satisfying 7
02-25 10:59:13.050   919  3110 D ConnectivityService: notifyType LOST for NetworkAgentInfo [WIFI () - 1021]
02-25 10:59:13.065   919  3110 D CSLegacyTypeTracker: Sending DISCONNECTED broadcast for type 1 NetworkAgentInfo [WIFI () - 1021] isDefaultNetwork=true
02-25 10:59:13.065   919  3110 D ConnectivityService: sendStickyBroadcast: action=android.net.conn.CONNECTIVITY_CHANGE
02-25 10:59:13.536   919  3110 E ConnectivityService: EVENT_NETWORK_INFO_CHANGED from unknown NetworkAgent
02-25 10:59:13.634   919  3835 I ActivityManager: Start proc 2753:android.process.media/u0a8 for broadcast com.android.providers.downloads/.DownloadReceiver
02-25 10:59:14.016   919  3523 I ActivityManager: Start proc 2788:com.android.sdm.plugins.sprintdm/1001 for broadcast com.android.sdm.plugins.sprintdm/.SprintDMReceiver
02-25 10:59:14.091   919  3218 I ActivityManager: Killing 2204:com.vuxia.wearFaceCollection/u0a227 (adj 15): empty #17
02-25 10:59:14.195   919  5904 I ActivityManager: Start proc 2800:com.google.android.apps.photos/u0a62 for broadcast com.google.android.apps.photos/.actionqueue.SystemReceiver
02-25 10:59:14.198   919  3830 I ActivityManager: Killing 2356:com.google.android.partnersetup/u0a18 (adj 15): empty #17
02-25 10:59:15.142   919  3835 I ActivityManager: Start proc 2819:com.vkontakte.android/u0a84 for broadcast com.vkontakte.android/.NetworkStateReceiver
02-25 10:59:15.143   919  3835 I ActivityManager: Killing 2414:com.google.android.apps.maps/u0a58 (adj 15): empty #17
02-25 10:59:15.591   919  3835 I ActivityManager: Start proc 2844:com.adobe.reader/u0a98 for broadcast com.adobe.reader/.utils.ARNetworkChangeReceiver
02-25 10:59:15.593   919  3835 I ActivityManager: Killing 1996:com.google.android.deskclock/u0a66 (adj 15): empty #17
02-25 10:59:15.996   919   929 I ActivityManager: Killing 31627:com.google.android.apps.fitness/u0a158 (adj 15): empty #17
02-25 10:59:16.123   919  3834 I ActivityManager: Start proc 2917:com.yahoo.mobile.client.android.weather:com.yahoo.snp.service/u0a103 for broadcast com.yahoo.mobile.client.android.weather/com.yahoo.platform.mobile.push.PushAgentReceiver
02-25 10:59:16.183   919  3831 D ConnectivityService: setProvNotificationVisible: E visible=false networkType=0 action=com.android.internal.telephony.PROVISION0
02-25 10:59:16.183   919  3831 D ConnectivityService: setProvNotificationVisibleIntent SIGN_IN visible=false networkType=MOBILE extraInfo=null highPriority=false
02-25 10:59:16.193   919  5908 D ConnectivityService: registerNetworkAgent NetworkAgentInfo{ ni{[type: MOBILE[HSPA], state: CONNECTED/CONNECTED, reason: connected, extra: internet, roaming: false, failover: false, isAvailable: true]}  network{1023}  lp{{InterfaceName: rmnet_data0 LinkAddresses: [100.81.180.110/30,]  Routes: [0.0.0.0/0 -> 100.81.180.109 rmnet_data0,] DnsAddresses: [10.74.32.5,10.74.32.6,] Domains: null MTU: 1430 TcpBufferSizes: 131072,262144,2441216,4096,16384,399360}}  nc{[ Transports: CELLULAR Capabilities: SUPL&INTERNET&NOT_RESTRICTED&TRUSTED&NOT_VPN LinkUpBandwidth>=5898Kbps LinkDnBandwidth>=14336Kbps Specifier: <1>]}  Score{10}  everValidated{false}  lastValidated{false}  created{false} lingering{false} explicitlySelected{false} acceptUnvalidated{false} everCaptivePortalDetected{false} lastCaptivePortalDetected{false} }
02-25 10:59:16.193   919  3110 D ConnectivityService: NetworkAgentInfo [MOBILE (HSPA) - 1023] EVENT_NETWORK_INFO_CHANGED, going from null to CONNECTED
02-25 10:59:16.228   919  3110 D ConnectivityService: Adding iface rmnet_data0 to network 1023
02-25 10:59:16.302   919  3110 D ConnectivityService: Setting MTU size: rmnet_data0, 1430
02-25 10:59:16.303   919  3110 D ConnectivityService: Adding Route [0.0.0.0/0 -> 100.81.180.109 rmnet_data0] to network 1023
02-25 10:59:16.309   919  3110 D ConnectivityService: Setting Dns servers for network 1023 to [/10.74.32.5, /10.74.32.6]
02-25 10:59:16.339   919  3110 D ConnectivityService: notifyType IP_CHANGED for NetworkAgentInfo [MOBILE (HSPA) - 1023]
02-25 10:59:16.376   919  3110 D ConnectivityService: scheduleUnvalidatedPrompt 1023
02-25 10:59:16.376   919  3110 D ConnectivityService: updateSignalStrengthThresholds: CONNECT, sending [] to NetworkAgentInfo [MOBILE (HSPA) - 1023]
02-25 10:59:16.377   919  3110 D ConnectivityService: rematch for NetworkAgentInfo [MOBILE (HSPA) - 1023]
02-25 10:59:16.377   919  3110 D ConnectivityService:    accepting network in place of null
02-25 10:59:16.377   919  3110 D ConnectivityService: Switching to new default network: NetworkAgentInfo{ ni{[type: MOBILE[HSPA], state: CONNECTED/CONNECTED, reason: connected, extra: internet, roaming: false, failover: false, isAvailable: true]}  network{1023}  lp{{InterfaceName: rmnet_data0 LinkAddresses: [100.81.180.110/30,]  Routes: [0.0.0.0/0 -> 100.81.180.109 rmnet_data0,] DnsAddresses: [10.74.32.5,10.74.32.6,] Domains: null MTU: 1430 TcpBufferSizes: 131072,262144,2441216,4096,16384,399360}}  nc{[ Transports: CELLULAR Capabilities: SUPL&INTERNET&NOT_RESTRICTED&TRUSTED&NOT_VPN LinkUpBandwidth>=5898Kbps LinkDnBandwidth>=14336Kbps Specifier: <1>]}  Score{10}  everValidated{false}  lastValidated{false}  created{true} lingering{false} explicitlySelected{false} acceptUnvalidated{false} everCaptivePortalDetected{false} lastCaptivePortalDetected{false} }
02-25 10:59:16.380   919  3110 D ConnectivityService: Setting tx/rx TCP buffers to 131072,262144,2441216,4096,16384,399360
02-25 10:59:16.386   919  3110 D CSLegacyTypeTracker: Sending CONNECTED broadcast for type 0 NetworkAgentInfo [MOBILE (HSPA) - 1023] isDefaultNetwork=true
02-25 10:59:16.386   919  3110 D ConnectivityService: sendStickyBroadcast: action=android.net.conn.CONNECTIVITY_CHANGE
02-25 10:59:16.388   919  3110 D ConnectivityService: notifyType PRECHECK for NetworkAgentInfo [MOBILE (HSPA) - 1023]
02-25 10:59:16.690   919  3108 D ConnectivityService: registerNetworkAgent NetworkAgentInfo{ ni{[type: WIFI[], state: CONNECTING/CONNECTING, reason: (unspecified), extra: "GenieGoOTT_2.4Ghz", roaming: false, failover: false, isAvailable: true]}  network{1024}  lp{{InterfaceName: wlan0 LinkAddresses: []  Routes: [] DnsAddresses: [] Domains: null MTU: 0 TcpBufferSizes: 524288,2097152,4194304,262144,524288,1048576}}  nc{[ Transports: WIFI Capabilities: INTERNET&NOT_RESTRICTED&TRUSTED&NOT_VPN LinkUpBandwidth>=1048576Kbps LinkDnBandwidth>=1048576Kbps]}  Score{20}  everValidated{false}  lastValidated{false}  created{false} lingering{false} explicitlySelected{false} acceptUnvalidated{false} everCaptivePortalDetected{false} lastCaptivePortalDetected{false} }
02-25 10:59:16.691   919  3110 D ConnectivityService: NetworkAgentInfo [WIFI () - 1024] EVENT_NETWORK_INFO_CHANGED, going from null to CONNECTING
02-25 10:59:16.802   919  3110 D ConnectivityService: setProvNotificationVisibleIntent null visible=false networkType=MOBILE extraInfo=null highPriority=false
02-25 10:59:16.803   919  3110 D ConnectivityService: NetworkAgentInfo [MOBILE (HSPA) - 1023] validation  passed
02-25 10:59:16.803   919  3110 D ConnectivityService: notifyType CAP_CHANGED for NetworkAgentInfo [MOBILE (HSPA) - 1023]
02-25 10:59:16.805   919  3110 D ConnectivityService: sendStickyBroadcast: action=android.net.conn.INET_CONDITION_ACTION
02-25 10:59:17.385   919  3110 D ConnectivityService: NetTransition Wakelock (NetworkAgentInfo [WIFI () - 1021] cleared because we found a replacement network
02-25 10:59:17.556   919   932 W ProcessCpuTracker: Skipping unknown process pid 3008
02-25 10:59:17.663   919  3110 D ConnectivityService: NetworkAgentInfo [WIFI () - 1024] EVENT_NETWORK_INFO_CHANGED, going from CONNECTING to CONNECTED
02-25 10:59:17.665   919  3110 D ConnectivityService: Adding iface wlan0 to network 1024
02-25 10:59:17.741   919  3110 E ConnectivityService: Unexpected mtu value: 0, wlan0
02-25 10:59:17.741   919  3110 D ConnectivityService: Adding Route [fe80::/64 -> :: wlan0] to network 1024
02-25 10:59:17.743   919  3110 D ConnectivityService: Adding Route [192.168.5.0/24 -> 0.0.0.0 wlan0] to network 1024
02-25 10:59:17.744   919  3110 D ConnectivityService: Adding Route [0.0.0.0/0 -> 192.168.5.1 wlan0] to network 1024
02-25 10:59:17.746   919  3110 D ConnectivityService: Setting Dns servers for network 1024 to [/192.168.5.1]
02-25 10:59:17.773   919  3110 D ConnectivityService: notifyType IP_CHANGED for NetworkAgentInfo [WIFI () - 1024]
02-25 10:59:17.811   919  3110 D ConnectivityService: scheduleUnvalidatedPrompt 1024
02-25 10:59:17.811   919  3110 D ConnectivityService: updateSignalStrengthThresholds: CONNECT, sending [] to NetworkAgentInfo [WIFI () - 1024]
02-25 10:59:17.813   919  3110 D ConnectivityService: notifyType PRECHECK for NetworkAgentInfo [WIFI () - 1024]
02-25 10:59:17.953   919  3110 D ConnectivityService: setProvNotificationVisibleIntent null visible=false networkType=MOBILE extraInfo=null highPriority=false
02-25 10:59:17.953   919  3110 D ConnectivityService: NetworkAgentInfo [WIFI () - 1024] validation  passed
02-25 10:59:17.953   919  3110 D ConnectivityService: rematch for NetworkAgentInfo [WIFI () - 1024]
02-25 10:59:17.953   919  3110 D ConnectivityService:    accepting network in place of NetworkAgentInfo [MOBILE (HSPA) - 1023]
02-25 10:59:17.954   919  3110 D ConnectivityService: notifyType LOSING for NetworkAgentInfo [MOBILE (HSPA) - 1023]
02-25 10:59:17.956   919  3110 D ConnectivityService: Switching to new default network: NetworkAgentInfo{ ni{[type: WIFI[], state: CONNECTED/CONNECTED, reason: (unspecified), extra: "GenieGoOTT_2.4Ghz", roaming: false, failover: false, isAvailable: true]}  network{1024}  lp{{InterfaceName: wlan0 LinkAddresses: [192.168.5.78/24,]  Routes: [fe80::/64 -> :: wlan0,192.168.5.0/24 -> 0.0.0.0 wlan0,0.0.0.0/0 -> 192.168.5.1 wlan0,] DnsAddresses: [192.168.5.1,] Domains: intropro.com.ua MTU: 0 TcpBufferSizes: 524288,2097152,4194304,262144,524288,1048576}}  nc{[ Transports: WIFI Capabilities: INTERNET&NOT_RESTRICTED&TRUSTED&NOT_VPN&VALIDATED LinkUpBandwidth>=1048576Kbps LinkDnBandwidth>=1048576Kbps]}  Score{60}  everValidated{true}  lastValidated{true}  created{true} lingering{false} explicitlySelected{false} acceptUnvalidated{false} everCaptivePortalDetected{false} lastCaptivePortalDetected{false} }
02-25 10:59:17.959   919  3110 D ConnectivityService: Setting tx/rx TCP buffers to 524288,2097152,4194304,262144,524288,1048576
02-25 10:59:17.963   919  3110 D CSLegacyTypeTracker: Sending DISCONNECTED broadcast for type 0 NetworkAgentInfo [MOBILE (HSPA) - 1023] isDefaultNetwork=true
02-25 10:59:17.963   919  3110 D ConnectivityService: sendStickyBroadcast: action=android.net.conn.CONNECTIVITY_CHANGE
02-25 10:59:17.965   919  3110 D CSLegacyTypeTracker: Sending CONNECTED broadcast for type 1 NetworkAgentInfo [WIFI () - 1024] isDefaultNetwork=true
02-25 10:59:17.965   919  3110 D ConnectivityService: sendStickyBroadcast: action=android.net.conn.CONNECTIVITY_CHANGE
02-25 10:59:17.990   919  3110 D ConnectivityService: notifyType CAP_CHANGED for NetworkAgentInfo [WIFI () - 1024]
02-25 10:59:18.153   919  3616 I ActivityManager: Killing 31615:com.google.android.talk/u0a53 (adj 15): empty #17
02-25 10:59:18.328   919  3831 I ActivityManager: Start proc 3051:com.alibaba.aliexpresshd/u0a99 for broadcast com.alibaba.aliexpresshd/com.taobao.agoo.SystemReceiver
02-25 10:59:18.863   919  3110 D ConnectivityService: notifyType IP_CHANGED for NetworkAgentInfo [WIFI () - 1024]
02-25 10:59:20.339   919  3109 D WifiService: New client listening to asynchronous messages
02-25 10:59:21.511   919  3616 I ActivityManager: Killing 2590:com.google.android.googlequicksearchbox:search/u0a29 (adj 15): empty #17
02-25 10:59:21.738   919  5626 I ActivityManager: Start proc 3203:ru.ok.android/u0a86 for broadcast ru.ok.android/.receivers.ConnectivityReceiver
02-25 10:59:22.836   919  5626 W ActivityManager: Permission Denial: Accessing service ComponentInfo{com.google.android.music/com.google.android.music.dial.DialMediaRouteProviderService} from pid=3203, uid=10086 that is not exported from uid 10059
02-25 10:59:22.898   919  3835 I ActivityManager: Start proc 3250:com.levor.liferpgtasks/u0a262 for broadcast com.levor.liferpgtasks/com.vk.sdk.payments.VKPaymentsReceiver
02-25 10:59:23.833   919  3482 I ActivityManager: Start proc 3296:com.google.android.talk/u0a53 for broadcast com.google.android.talk/com.google.android.apps.hangouts.service.GcmStateReceiver
02-25 10:59:23.834   919  3482 I ActivityManager: Killing 2570:com.vuxia.wearchargingwidget/u0a226 (adj 15): empty #17
02-25 10:59:24.382   919  3110 D ConnectivityService: handlePromptUnvalidated 1023
02-25 10:59:25.201   919  5904 I ActivityManager: Killing 2468:com.skype.raider/u0a159 (adj 15): empty #17
02-25 10:59:25.227   919  3109 D WifiService: Client connection lost with reason: 4
02-25 10:59:25.813   919  3110 D ConnectivityService: handlePromptUnvalidated 1024
02-25 10:59:49.330   919  3110 D ConnectivityService: handleLingerComplete for NetworkAgentInfo [MOBILE (HSPA) - 1023]
02-25 10:59:49.330   919  3110 D ConnectivityService: NetworkAgentInfo [MOBILE (HSPA) - 1023] got DISCONNECTED, was satisfying 5
02-25 10:59:49.366   919  3110 D ConnectivityService: notifyType LOST for NetworkAgentInfo [MOBILE (HSPA) - 1023]
02-25 10:59:50.044   919  3831 I ActivityManager: Start proc 3407:com.skype.raider/u0a159 for broadcast com.skype.raider/com.skype.android.audio.BluetoothReceiver
02-25 10:59:50.700   919  3523 I ActivityManager: Start proc 3489:com.google.android.deskclock/u0a66 for service com.google.android.deskclock/com.android.deskclock.WearableMessageListenerService
02-25 10:59:50.759   919  5904 I ActivityManager: Start proc 3503:com.google.android.googlequicksearchbox:search/u0a29 for service com.google.android.googlequicksearchbox/com.google.android.apps.gsa.cardsync.CardSyncWearableListenerService
02-25 10:59:51.162   919  3616 I ActivityManager: Start proc 3525:com.google.android.keep/u0a80 for service com.google.android.keep/.microapp.WearableService
02-25 10:59:51.436   919  3109 D WifiService: New client listening to asynchronous messages
02-25 10:59:51.909   919  3521 I ActivityManager: Start proc 3560:com.vuxia.wearchargingwidget/u0a226 for service com.vuxia.wearchargingwidget/.framework.wear.DataLayerListenerService
02-25 10:59:53.646   919  3218 I ActivityManager: Start proc 3632:com.google.android.apps.fitness/u0a158 for broadcast com.google.android.apps.fitness/.wearable.WearableSyncReceiver
02-25 10:59:53.686   919  5908 I ActivityManager: Killing 2753:android.process.media/u0a8 (adj 15): empty #17
02-25 10:59:53.740   919  3482 I ActivityManager: Killing 2788:com.android.sdm.plugins.sprintdm/1001 (adj 15): empty #17
02-25 10:59:53.853   919  3521 W ActivityManager: Permission Denial: Accessing service ComponentInfo{com.google.samples.apps.iosched/com.google.samples.apps.iosched.feedback.FeedbackWearableListenerService} from pid=12231, uid=10012 that is not exported from uid 10303
02-25 10:59:54.328   919  3834 I ActivityManager: Killing 2819:com.vkontakte.android/u0a84 (adj 15): empty #17
02-25 10:59:55.488   919   929 I ActivityManager: Killing 2844:com.adobe.reader/u0a98 (adj 15): empty #17
02-25 10:59:55.713   919   932 I ActivityManager: Waited long enough for: ServiceRecord{5cdaa0a u0 ru.ok.android/.services.messages.MessagesService}
02-25 10:59:55.777   919  3482 I ActivityManager: Killing 2917:com.yahoo.mobile.client.android.weather:com.yahoo.snp.service/u0a103 (adj 15): empty #17
02-25 10:59:56.166   919  5905 I ActivityManager: Killing 3051:com.alibaba.aliexpresshd/u0a99 (adj 15): empty #17
02-25 10:59:56.213   919  3109 D WifiService: Client connection lost with reason: 4
02-25 10:59:58.044   919  3830 I Telecom : PhoneAccountRegistrar: SimCallManager queried, returning: null
02-25 10:59:58.143   919  3218 I Telecom : PhoneAccountRegistrar: SimCallManager queried, returning: null
02-25 11:00:01.730   919   919 V FingerprintService: onAuthenticated(owner=com.android.systemui, id=-1982025852, gp=0)
02-25 11:00:01.735   919   929 I PowerManagerService: Waking up from dozing (uid 10027)...
02-25 11:00:01.776   919   939 I DisplayPowerController: Blocking screen on until initial contents have been drawn.
02-25 11:00:01.959   919   937 I DisplayManagerService: Display device changed state: "Built-in Screen", ON
02-25 11:00:01.997   919   937 E WindowAnimator: Timeout waiting for animation to startup
02-25 11:00:02.440   919  5908 I ActivityManager: START u0 {cmp=com.disrapp.coinkeeper.material/.PasscodeActivity} from uid 10101 on display 0
02-25 11:00:02.465   919   939 I DisplayPowerController: Unblocked screen on after 689 ms
02-25 11:00:02.466   919   939 I DreamManagerService: Gently waking up from dream.
02-25 11:00:02.663   919  3831 I DreamManagerService: Leaving dreamland.
02-25 11:00:02.663   919   934 I DreamController: Stopping dream: name=ComponentInfo{com.android.systemui/com.android.systemui.doze.DozeService}, isTest=false, canDoze=true, userId=0
02-25 11:00:02.933   919  3110 D ConnectivityService: notifyType CAP_CHANGED for NetworkAgentInfo [WIFI () - 1024]
02-25 11:00:02.945   919   932 W ActivityManager: Activity pause timeout for ActivityRecord{a7a30a u0 com.disrapp.coinkeeper.material/.MainScreenActivity t5002}
02-25 11:00:03.011   919  3616 W InputMethodManagerService: Focus gain on non-focused client com.android.internal.view.IInputMethodClient$Stub$Proxy@f8131b2 (uid=10101 pid=712)
02-25 11:00:03.062   919   919 E NotificationService: Not posting notification without small icon: Notification(pri=2 contentView=null vibrate=null sound=null defaults=0x0 flags=0x1 color=0xff008cd2 category=alarm vis=PRIVATE)
02-25 11:00:03.062   919   919 E NotificationService: WARNING: In a future release this will crash the app: com.rageconsulting.android.lightflowlegacy
02-25 11:00:03.361   919  3218 I ActivityManager: Start proc 3755:com.estrongs.android.pop/u0a89 for broadcast com.estrongs.android.pop/.app.StartServiceReceiver
02-25 11:00:03.825   919  3072 I ActivityManager: START u0 {act=android.intent.action.MAIN cat=[android.intent.category.HOME] flg=0x10200000 cmp=com.asus.launcher/com.android.launcher3.Launcher (has extras)} from uid 1000 on display 0
02-25 11:00:03.832   919  3072 W WindowManager: Screenshot failure taking screenshot for (1440x2560) to layer 21030
02-25 11:00:04.672   919  3109 D WifiService: New client listening to asynchronous messages
02-25 11:00:04.999   919  3073 I PowerManagerService: Going to sleep due to power button (uid 1000)...
02-25 11:00:05.258   919  3521 I ActivityManager: Killing 3250:com.levor.liferpgtasks/u0a262 (adj 15): empty #17
02-25 11:00:05.297   919  3831 W SettingsProvider: You shouldn't keep your settings in the secure settings. This will soon become an error.
02-25 11:00:05.303   919  5901 W SettingsProvider: You shouldn't keep your settings in the secure settings. This will soon become an error.
02-25 11:00:05.309   919  3616 W SettingsProvider: You shouldn't keep your settings in the secure settings. This will soon become an error.
02-25 11:00:05.653   919   937 I DisplayManagerService: Display device changed state: "Built-in Screen", OFF
02-25 11:00:05.945   919  3110 D ConnectivityService: notifyType CAP_CHANGED for NetworkAgentInfo [WIFI () - 1024]
02-25 11:00:05.959   919   939 I DreamManagerService: Entering dreamland.
02-25 11:00:05.959   919   939 I PowerManagerService: Dozing...
02-25 11:00:05.960   919   934 I DreamController: Starting dream: name=ComponentInfo{com.android.systemui/com.android.systemui.doze.DozeService}, isTest=false, canDoze=true, userId=0
02-25 11:00:05.962   919  3110 D ConnectivityService: updateNetworkScore for NetworkAgentInfo [WIFI () - 1024] to 60
02-25 11:00:06.311   919   919 E NotificationService: Not posting notification without small icon: Notification(pri=2 contentView=null vibrate=null sound=null defaults=0x0 flags=0x1 color=0xff008cd2 category=alarm vis=PRIVATE)
02-25 11:00:06.312   919   919 E NotificationService: WARNING: In a future release this will crash the app: com.rageconsulting.android.lightflowlegacy
02-25 11:00:06.362   919   919 E NotificationService: Not posting notification without small icon: Notification(pri=2 contentView=null vibrate=null sound=null defaults=0x0 flags=0x1 color=0xff008cd2 category=alarm vis=PRIVATE)
02-25 11:00:06.363   919   919 E NotificationService: WARNING: In a future release this will crash the app: com.rageconsulting.android.lightflowlegacy
02-25 11:00:06.534   919   939 I DisplayPowerController: Blocking screen on until initial contents have been drawn.
02-25 11:00:06.535   919   937 I DisplayManagerService: Display device changed state: "Built-in Screen", DOZE
02-25 11:00:06.621   919   939 I DisplayPowerController: Unblocked screen on after 87 ms
02-25 11:00:11.175   919   937 I DisplayManagerService: Display device changed state: "Built-in Screen", OFF
02-25 11:00:11.378   919  3616 I ActivityManager: Killing 3203:ru.ok.android/u0a86 (adj 15): empty #17
02-25 11:00:16.607   919   939 I DisplayPowerController: Blocking screen on until initial contents have been drawn.
02-25 11:00:16.609   919   937 I DisplayManagerService: Display device changed state: "Built-in Screen", DOZE
02-25 11:00:16.683   919   939 I DisplayPowerController: Unblocked screen on after 77 ms
02-25 11:00:21.261   919   937 I DisplayManagerService: Display device changed state: "Built-in Screen", OFF
02-25 11:00:36.547   919   919 V FingerprintService: onAuthenticated(owner=com.android.systemui, id=-1982025852, gp=0)
02-25 11:00:36.551   919  3835 I PowerManagerService: Waking up from dozing (uid 10027)...
02-25 11:00:36.551   919   939 I DreamManagerService: Gently waking up from dream.
02-25 11:00:36.567   919   939 I DisplayPowerController: Blocking screen on until initial contents have been drawn.
02-25 11:00:36.572   919  5904 I DreamManagerService: Leaving dreamland.
02-25 11:00:36.573   919   934 I DreamController: Stopping dream: name=ComponentInfo{com.android.systemui/com.android.systemui.doze.DozeService}, isTest=false, canDoze=true, userId=0
02-25 11:00:36.591   919   937 E WindowAnimator: Timeout waiting for animation to startup
02-25 11:00:36.623   919   937 I DisplayManagerService: Display device changed state: "Built-in Screen", ON
02-25 11:00:36.668   919  5908 W InputMethodManagerService: Window already focused, ignoring focus gain of: com.android.internal.view.IInputMethodClient$Stub$Proxy@36c2c34 attribute=android.view.inputmethod.EditorInfo@ebeda5d, token = android.os.BinderProxy@e317792
02-25 11:00:36.823   919   939 I DisplayPowerController: Unblocked screen on after 256 ms
02-25 11:00:37.213   919  5904 I ActivityManager: Process com.tunnelbear.android (pid 1823) has died
02-25 11:00:37.213   919  5904 W ActivityManager: Scheduling restart of crashed service com.tunnelbear.android/.Registration in 1000ms
02-25 11:00:37.257   919   919 E NotificationService: Not posting notification without small icon: Notification(pri=2 contentView=null vibrate=null sound=null defaults=0x0 flags=0x1 color=0xff008cd2 category=alarm vis=PRIVATE)
02-25 11:00:37.257   919   919 E NotificationService: WARNING: In a future release this will crash the app: com.rageconsulting.android.lightflowlegacy
02-25 11:00:37.336   919  3831 I ActivityManager: Process com.google.android.apps.photos (pid 2800) has died
02-25 11:00:37.427   919  3482 I ActivityManager: Process com.google.android.music:main (pid 2527) has died
02-25 11:00:38.249   919   932 I ActivityManager: Start proc 3979:com.tunnelbear.android/u0a139 for service com.tunnelbear.android/.Registration
02-25 11:00:39.051   919  3834 I ActivityManager: START u0 {act=android.intent.action.MAIN cat=[android.intent.category.LAUNCHER] flg=0x10200000 cmp=com.gusar.tasker2/.MainActivity bnds=[858,853][1134,1213]} from uid 10135 on display 0
02-25 11:00:39.141   919  3831 I ActivityManager: Start proc 4010:com.gusar.tasker2/u0a176 for activity com.gusar.tasker2/.MainActivity
02-25 11:00:52.194   919  3523 I ActivityManager: Start proc 4106:android.process.acore/u0a2 for content provider com.android.providers.userdictionary/.UserDictionaryProvider
02-25 11:00:52.468   919  3830 D WifiService: acquireWifiLockLocked: WifiLock{NlpWifiLock type=2 binder=android.os.BinderProxy@88528fa}
02-25 11:00:52.534   919  5905 D WifiService: releaseWifiLockLocked: WifiLock{NlpWifiLock type=2 binder=android.os.BinderProxy@88528fa}
02-25 11:01:08.467   919  3835 I ActivityManager: Process com.google.android.keep (pid 3525) has died
02-25 11:01:52.866   919  3834 I ActivityManager: Process com.google.android.googlequicksearchbox:search (pid 3503) has died
02-25 11:01:58.991   919   934 I UsbPortManager: USB port changed: port=UsbPort{id=otg_default, supportedModes=dual}, status=UsbPortStatus{connected=true, currentMode=ufp, currentPowerRole=sink, currentDataRole=device, supportedRoleCombinations=[source:host, sink:device]}, canChangeMode=true, canChangePowerRole=false, canChangeDataRole=false
02-25 11:01:59.607   919  3109 D WifiService: Client connection lost with reason: 4
02-25 11:01:59.612   919  3830 I ActivityManager: Process com.skype.raider (pid 3407) has died
02-25 11:01:59.768   919   919 I EntropyMixer: Writing entropy...
02-25 11:01:59.996   919  3218 I ActivityManager: Start proc 4246:android.process.media/u0a8 for content provider com.android.providers.media/.MediaProvider
02-25 11:02:00.203   919   930 I ActivityManager: Start proc 4263:com.android.chrome/u0a39 for broadcast com.android.chrome/org.chromium.base.PowerStatusReceiver
02-25 11:02:00.211   919  5904 I ActivityManager: Process com.shazam.android (pid 2619) has died
02-25 11:02:00.926   919  5908 I ActivityManager: Start proc 4288:com.google.android.apps.photos/u0a62 for broadcast com.google.android.apps.photos/.analytics.alive.AliveLogReceiver
02-25 11:02:10.620   919  3831 I ActivityManager: Start proc 4329:com.google.android.googlequicksearchbox:search/u0a29 for broadcast com.google.android.googlequicksearchbox/com.google.android.apps.gsa.search.core.GmsPackageWatcher
02-25 11:02:11.908   919  3835 D WifiService: acquireWifiLockLocked: WifiLock{NlpWifiLock type=2 binder=android.os.BinderProxy@a49ffb}
02-25 11:02:11.957   919  3616 D WifiService: releaseWifiLockLocked: WifiLock{NlpWifiLock type=2 binder=android.os.BinderProxy@a49ffb}
02-25 11:02:12.504   919  3109 D WifiService: New client listening to asynchronous messages
02-25 11:02:24.689   919   930 I ActivityManager: START u0 {act=android.intent.action.MAIN cat=[android.intent.category.LAUNCHER] flg=0x10000000 cmp=com.gusar.datingapp/.MainActivity} from uid 2000 on display 0
02-25 11:02:25.002   919  3521 I ActivityManager: Start proc 4399:com.gusar.datingapp/u0a371 for activity com.gusar.datingapp/.MainActivity
02-25 11:02:40.778   919  3616 I ActivityManager: START u0 {act=android.content.pm.action.REQUEST_PERMISSIONS pkg=com.google.android.packageinstaller cmp=com.google.android.packageinstaller/com.android.packageinstaller.permission.ui.GrantPermissionsActivity (has extras)} from uid 10371 on display 0
02-25 11:02:40.857   919  3831 I ActivityManager: Start proc 4705:com.google.android.packageinstaller/u0a17 for activity com.google.android.packageinstaller/com.android.packageinstaller.permission.ui.GrantPermissionsActivity
02-25 11:02:40.988   919  5905 W InputMethodManagerService: Window already focused, ignoring focus gain of: com.android.internal.view.IInputMethodClient$Stub$Proxy@c5f3c66 attribute=null, token = android.os.BinderProxy@a6cd890
02-25 11:02:50.169   919   930 I ActivityManager: Process com.vuxia.wearchargingwidget (pid 3560) has died
02-25 11:02:50.228   919  5905 I ActivityManager: Process com.google.android.deskclock (pid 3489) has died
02-25 11:02:50.237   919  3521 I ActivityManager: Process com.google.android.wearable.app:commwatchface (pid 2642) has died
02-25 11:02:50.302   919  3616 I ActivityManager: Process com.google.android.apps.fitness (pid 3632) has died
02-25 11:02:50.306   919  3523 I ActivityManager: Process com.google.android.apps.photos (pid 4288) has died
02-25 11:02:51.307   919  3616 I ActivityManager: Process it.mf.android.autobluetooth (pid 2453) has died
02-25 11:02:51.422   919  3835 E WifiService: Multicaster binderDied
02-25 11:02:51.422   919  3482 I libprocessgroup: Killing pid 3820 in uid 10089 as part of process group 3755
02-25 11:02:51.424   919  3109 D WifiService: Client connection lost with reason: 4
02-25 11:02:51.428   919  3482 I libprocessgroup: Killing pid 3820 in uid 10089 as part of process group 3755
02-25 11:02:51.433   919  3482 I libprocessgroup: Killing pid 3820 in uid 10089 as part of process group 3755
02-25 11:02:51.438   919  3482 I libprocessgroup: Killing pid 3820 in uid 10089 as part of process group 3755
02-25 11:02:51.444   919  3482 I libprocessgroup: Killing pid 3820 in uid 10089 as part of process group 3755
02-25 11:02:51.449   919  3482 I libprocessgroup: Killing pid 3820 in uid 10089 as part of process group 3755
02-25 11:02:51.454   919  3482 I libprocessgroup: Killing pid 3820 in uid 10089 as part of process group 3755
02-25 11:02:51.459   919  3482 I libprocessgroup: Killing pid 3820 in uid 10089 as part of process group 3755
02-25 11:02:51.465   919  3482 I ActivityManager: Process com.estrongs.android.pop (pid 3755) has died
02-25 11:02:51.867   919  5908 I ActivityManager: Process com.google.android.talk (pid 3296) has died
02-25 11:02:52.956   919  3523 I ActivityManager: Start proc 4993:com.google.android.apps.fitness/u0a158 for service com.google.android.apps.fitness/.api.services.ActivityDetectionService
02-25 11:02:52.979   919  3218 I ActivityManager: Process com.android.vending (pid 701) has died
02-25 11:03:11.545   919  3109 D WifiService: Client connection lost with reason: 4
02-25 11:03:11.550   919   930 I ActivityManager: Process com.google.android.googlequicksearchbox:search (pid 4329) has died
02-25 11:03:16.953   919  3835 I ActivityManager: Process com.google.android.packageinstaller (pid 4705) has died
02-25 11:03:20.383   919   929 I ActivityManager: Process com.google.android.apps.fitness (pid 4993) has died
02-25 11:03:20.415   919  5905 I ActivityManager: Process com.google.process.gapps (pid 25164) has died
02-25 11:03:26.211   919  5905 I ActivityManager: Start proc 5499:com.google.android.music:main/u0a59 for service com.google.android.music/.sync.google.MusicGcmTaskService
02-25 11:03:26.267   919   930 I ActivityManager: Process com.yahoo.mobile.client.android.weather:com.yahoo.mobile.client.android.weathersdk.service.WeatherServiceWatchdog (pid 22149) has died
02-25 11:03:26.267   919   930 W ActivityManager: Scheduling restart of crashed service com.yahoo.mobile.client.android.weather/com.yahoo.mobile.client.android.weathersdk.service.WeatherServiceWatchdog in 1000ms
02-25 11:03:26.637   919  3218 I ActivityManager: Start proc 5524:com.google.process.gapps/u0a12 for content provider com.google.android.gsf/.gservices.GservicesProvider
02-25 11:03:26.784  5499  5499 W ActivityThread: ClassLoader.loadClass: The class loader returned by Thread.getContextClassLoader() may fail for processes that host multiple applications. You should explicitly specify a context class loader. For example: Thread.setContextClassLoader(getClass().getClassLoader());
02-25 11:03:27.315   919   932 I ActivityManager: Start proc 5551:com.yahoo.mobile.client.android.weather:com.yahoo.mobile.client.android.weathersdk.service.WeatherServiceWatchdog/u0a103 for service com.yahoo.mobile.client.android.weather/com.yahoo.mobile.client.android.weathersdk.service.WeatherServiceWatchdog
02-25 11:03:27.404   919  3523 I ActivityManager: Start proc 5573:com.google.android.youtube/u0a75 for service com.google.android.youtube/com.google.android.libraries.youtube.common.gcore.gcoreclient.gcm.impl.GcmTaskServiceDelegator
02-25 11:03:27.757   919  5905 I ActivityManager: Process com.qualcomm.qcrilmsgtunnel (pid 12959) has died
02-25 11:03:27.757   919  5905 W ActivityManager: Scheduling restart of crashed service com.qualcomm.qcrilmsgtunnel/.QcrilMsgTunnelService in 1000ms
02-25 11:03:27.786   919  3831 I ActivityManager: Process com.dropbox.android (pid 13120) has died
02-25 11:03:27.786   919  3831 W ActivityManager: Scheduling restart of crashed service com.dropbox.android/com.dropbox.sync.android.DbxSyncService in 10970ms
02-25 11:03:27.786   919  3831 W ActivityManager: Scheduling restart of crashed service com.dropbox.android/.service.WatcherService in 10970ms
02-25 11:03:28.521   919  3835 I ActivityManager: Process com.google.process.gapps (pid 5524) has died
02-25 11:03:28.769   919   932 I ActivityManager: Start proc 5684:com.qualcomm.qcrilmsgtunnel/1001 for service com.qualcomm.qcrilmsgtunnel/.QcrilMsgTunnelService
02-25 11:03:28.791   919  3835 I ActivityManager: Process com.huawei.sarcontrolservice (pid 12939) has died
02-25 11:03:28.792   919  3835 W ActivityManager: Scheduling restart of crashed service com.huawei.sarcontrolservice/.SarControlService in 19965ms
02-25 11:03:28.805   919  3482 I ActivityManager: Process com.qualcomm.display (pid 13377) has died
02-25 11:03:28.805   919  3482 W ActivityManager: Scheduling restart of crashed service com.qualcomm.cabl/.CABLService in 29952ms
02-25 11:03:28.877   919   929 I ActivityManager: Start proc 5697:com.google.process.gapps/u0a12 for content provider com.google.android.gsf/.gservices.GservicesProvider
02-25 11:03:28.877   919  5904 I ActivityManager: Process com.android.chrome (pid 4263) has died
02-25 11:03:29.162   919   929 I ActivityManager: Process com.google.process.gapps (pid 5697) has died
02-25 11:03:29.217   919   932 I ActivityManager: Start proc 5726:com.android.vending/u0a22 for broadcast com.android.vending/com.google.android.finsky.receivers.ConsumptionAppDataChangedReceiver
02-25 11:03:29.298   919  5626 I ActivityManager: Start proc 5740:com.google.process.gapps/u0a12 for content provider com.google.android.gsf/.gservices.GservicesProvider
02-25 11:03:36.196   919  3834 I ActivityManager: Force stopping com.gusar.datingapp appid=10371 user=0: from pid 5891
02-25 11:03:36.196   919  3834 I ActivityManager: Killing 4399:com.gusar.datingapp/u0a371 (adj 0): stop com.gusar.datingapp
02-25 11:03:36.273   919  3218 I WindowState: WIN DEATH: Window{9b44589 u0 com.gusar.datingapp/com.gusar.datingapp.MainActivity}
02-25 11:03:36.314   919  3834 W ActivityManager: Force removing ActivityRecord{701c306 u0 com.gusar.datingapp/.MainActivity t5004}: app died, no saved state
02-25 11:03:36.327   919  3835 W ActivityManager: Spurious death for ProcessRecord{77eab43 0:com.gusar.datingapp/u0a371}, curProc for 4399: null
02-25 11:03:36.465   919   929 W InputMethodManagerService: Got RemoteException sending setActive(false) notification to pid 4399 uid 10371
02-25 11:03:38.858   919   932 I ActivityManager: Start proc 5921:com.dropbox.android/u0a88 for service com.dropbox.android/.service.WatcherService
02-25 11:03:39.387   919  5901 I ActivityManager: Start proc 5934:com.dropbox.android:crash_uploader/u0a88 for service com.dropbox.android/.exception.CrashUploaderService
02-25 11:03:39.606  5921  5921 E ActivityThread: Failed to find provider info for com.dropbox.carousel.CuOwnerCheckProvider
02-25 11:03:47.676   919  5626 I ActivityManager: START u0 {act=android.intent.action.MAIN cat=[android.intent.category.LAUNCHER] flg=0x10000000 cmp=com.gusar.datingapp/.MainActivity} from uid 2000 on display 0
02-25 11:03:47.740   919  3482 I ActivityManager: Start proc 6026:com.gusar.datingapp/u0a371 for activity com.gusar.datingapp/.MainActivity
02-25 11:03:48.778   919   932 I ActivityManager: Start proc 6073:com.huawei.sarcontrolservice/u0a54 for service com.huawei.sarcontrolservice/.SarControlService
02-25 11:03:58.788   919   932 I ActivityManager: Start proc 6237:com.qualcomm.display/1000 for service com.qualcomm.cabl/.CABLService
02-25 11:04:01.577   919  3482 I ActivityManager: START u0 {act=android.content.pm.action.REQUEST_PERMISSIONS pkg=com.google.android.packageinstaller cmp=com.google.android.packageinstaller/com.android.packageinstaller.permission.ui.GrantPermissionsActivity (has extras)} from uid 10371 on display 0
02-25 11:04:01.619   919  5626 I ActivityManager: Start proc 6298:com.google.android.packageinstaller/u0a17 for activity com.google.android.packageinstaller/com.android.packageinstaller.permission.ui.GrantPermissionsActivity
02-25 11:04:01.755   919  5901 W InputMethodManagerService: Window already focused, ignoring focus gain of: com.android.internal.view.IInputMethodClient$Stub$Proxy@9a623 attribute=null, token = android.os.BinderProxy@8285d3e
02-25 11:04:11.586   919   932 W ActivityManager: Launch timeout has expired, giving up wake lock!
02-25 11:04:12.511   919  5901 I ActivityManager: Process com.google.android.youtube (pid 5573) has died
02-25 11:04:12.974   919   929 D WifiService: acquireWifiLockLocked: WifiLock{NlpWifiLock type=2 binder=android.os.BinderProxy@b551776}
02-25 11:04:13.043   919  3830 I ActivityManager: Start proc 6529:com.google.android.apps.fitness/u0a158 for service com.google.android.apps.fitness/.api.services.ActivityDetectionService
02-25 11:04:13.043   919  3835 I ActivityManager: Process com.google.android.music:main (pid 5499) has died
02-25 11:04:13.086   919  3521 D WifiService: releaseWifiLockLocked: WifiLock{NlpWifiLock type=2 binder=android.os.BinderProxy@b551776}
02-25 11:04:47.324   919   919 V BackupManagerService: Scheduling immediate backup pass
02-25 11:04:47.326   919   919 W BackupManagerService: Backup pass but e=false p=true
02-25 11:04:47.463   919  3830 I ActivityManager: Start proc 7071:com.google.android.gms:car/u0a12 for service com.google.android.gms/.car.CarService
02-25 11:04:47.994   919  5626 W ActivityManager: Unable to start service Intent { act=local_bind cmp=com.google.android.gms/.car.InCallServiceImpl } U=0: not found
02-25 11:04:47.997   919  3218 W ActivityManager: Unable to start service Intent { act=local_bind cmp=com.google.android.gms/.car.InCallServiceImpl } U=0: not found
02-25 11:04:50.808  4246  7149 W ActivityThread: ClassLoader.loadClass: The class loader returned by Thread.getContextClassLoader() may fail for processes that host multiple applications. You should explicitly specify a context class loader. For example: Thread.setContextClassLoader(getClass().getClassLoader());
02-25 11:04:53.148  7071  7071 E ActivityThread: Service com.google.android.gms.car.CarService has leaked ServiceConnection com.google.android.gms.car.hr@6498168 that was originally bound here
02-25 11:04:53.148  7071  7071 E ActivityThread: android.app.ServiceConnectionLeaked: Service com.google.android.gms.car.CarService has leaked ServiceConnection com.google.android.gms.car.hr@6498168 that was originally bound here
02-25 11:04:53.148  7071  7071 E ActivityThread: 	at android.app.LoadedApk$ServiceDispatcher.<init>(LoadedApk.java:1092)
02-25 11:04:53.148  7071  7071 E ActivityThread: 	at android.app.LoadedApk.getServiceDispatcher(LoadedApk.java:986)
02-25 11:04:53.148  7071  7071 E ActivityThread: 	at android.app.ContextImpl.bindServiceCommon(ContextImpl.java:1303)
02-25 11:04:53.148  7071  7071 E ActivityThread: 	at android.app.ContextImpl.bindService(ContextImpl.java:1286)
02-25 11:04:53.148  7071  7071 E ActivityThread: 	at android.content.ContextWrapper.bindService(ContextWrapper.java:604)
02-25 11:04:53.148  7071  7071 E ActivityThread: 	at android.content.ContextWrapper.bindService(ContextWrapper.java:604)
02-25 11:04:53.148  7071  7071 E ActivityThread: 	at android.content.ContextWrapper.bindService(ContextWrapper.java:604)
02-25 11:04:53.148  7071  7071 E ActivityThread: 	at com.google.android.gms.common.stats.g.a(SourceFile:128)
02-25 11:04:53.148  7071  7071 E ActivityThread: 	at com.google.android.gms.common.stats.g.a(SourceFile:145)
02-25 11:04:53.148  7071  7071 E ActivityThread: 	at com.google.android.gms.car.hc.<init>(SourceFile:319)
02-25 11:04:53.148  7071  7071 E ActivityThread: 	at com.google.android.gms.car.CarChimeraService.onCreate(SourceFile:74)
02-25 11:04:53.148  7071  7071 E ActivityThread: 	at com.google.android.chimera.ServiceProxy.setImpl(SourceFile:115)
02-25 11:04:53.148  7071  7071 E ActivityThread: 	at com.google.android.chimera.ServiceProxy.onCreate(SourceFile:105)
02-25 11:04:53.148  7071  7071 E ActivityThread: 	at android.app.ActivityThread.handleCreateService(ActivityThread.java:2877)
02-25 11:04:53.148  7071  7071 E ActivityThread: 	at android.app.ActivityThread.-wrap4(ActivityThread.java)
02-25 11:04:53.148  7071  7071 E ActivityThread: 	at android.app.ActivityThread$H.handleMessage(ActivityThread.java:1427)
02-25 11:04:53.148  7071  7071 E ActivityThread: 	at android.os.Handler.dispatchMessage(Handler.java:102)
02-25 11:04:53.148  7071  7071 E ActivityThread: 	at android.os.Looper.loop(Looper.java:148)
02-25 11:04:53.148  7071  7071 E ActivityThread: 	at android.app.ActivityThread.main(ActivityThread.java:5417)
02-25 11:04:53.148  7071  7071 E ActivityThread: 	at java.lang.reflect.Method.invoke(Native Method)
02-25 11:04:53.148  7071  7071 E ActivityThread: 	at com.android.internal.os.ZygoteInit$MethodAndArgsCaller.run(ZygoteInit.java:726)
02-25 11:04:53.148  7071  7071 E ActivityThread: 	at com.android.internal.os.ZygoteInit.main(ZygoteInit.java:616)
02-25 11:04:53.158  7071  7071 E ActivityThread: Service com.google.android.gms.car.CarCallService has leaked ServiceConnection com.google.android.gms.car.dq@599a203 that was originally bound here
02-25 11:04:53.158  7071  7071 E ActivityThread: android.app.ServiceConnectionLeaked: Service com.google.android.gms.car.CarCallService has leaked ServiceConnection com.google.android.gms.car.dq@599a203 that was originally bound here
02-25 11:04:53.158  7071  7071 E ActivityThread: 	at android.app.LoadedApk$ServiceDispatcher.<init>(LoadedApk.java:1092)
02-25 11:04:53.158  7071  7071 E ActivityThread: 	at android.app.LoadedApk.getServiceDispatcher(LoadedApk.java:986)
02-25 11:04:53.158  7071  7071 E ActivityThread: 	at android.app.ContextImpl.bindServiceCommon(ContextImpl.java:1303)
02-25 11:04:53.158  7071  7071 E ActivityThread: 	at android.app.ContextImpl.bindService(ContextImpl.java:1286)
02-25 11:04:53.158  7071  7071 E ActivityThread: 	at android.content.ContextWrapper.bindService(ContextWrapper.java:604)
02-25 11:04:53.158  7071  7071 E ActivityThread: 	at com.google.android.gms.common.stats.g.a(SourceFile:128)
02-25 11:04:53.158  7071  7071 E ActivityThread: 	at com.google.android.gms.common.stats.g.a(SourceFile:145)
02-25 11:04:53.158  7071  7071 E ActivityThread: 	at com.google.android.gms.car.dp.a(SourceFile:586)
02-25 11:04:53.158  7071  7071 E ActivityThread: 	at com.google.android.gms.car.dp.<init>(SourceFile:511)
02-25 11:04:53.158  7071  7071 E ActivityThread: 	at com.google.android.gms.car.dp.a(SourceFile:488)
02-25 11:04:53.158  7071  7071 E ActivityThread: 	at com.google.android.gms.car.dm.<init>(SourceFile:112)
02-25 11:04:53.158  7071  7071 E ActivityThread: 	at com.google.android.gms.car.CarCallService.onBind(SourceFile:79)
02-25 11:04:53.158  7071  7071 E ActivityThread: 	at android.app.ActivityThread.handleBindService(ActivityThread.java:2904)
02-25 11:04:53.158  7071  7071 E ActivityThread: 	at android.app.ActivityThread.-wrap2(ActivityThread.java)
02-25 11:04:53.158  7071  7071 E ActivityThread: 	at android.app.ActivityThread$H.handleMessage(ActivityThread.java:1432)
02-25 11:04:53.158  7071  7071 E ActivityThread: 	at android.os.Handler.dispatchMessage(Handler.java:102)
02-25 11:04:53.158  7071  7071 E ActivityThread: 	at android.os.Looper.loop(Looper.java:148)
02-25 11:04:53.158  7071  7071 E ActivityThread: 	at android.app.ActivityThread.main(ActivityThread.java:5417)
02-25 11:04:53.158  7071  7071 E ActivityThread: 	at java.lang.reflect.Method.invoke(Native Method)
02-25 11:04:53.158  7071  7071 E ActivityThread: 	at com.android.internal.os.ZygoteInit$MethodAndArgsCaller.run(ZygoteInit.java:726)
02-25 11:04:53.158  7071  7071 E ActivityThread: 	at com.android.internal.os.ZygoteInit.main(ZygoteInit.java:616)
02-25 11:04:53.158   919  5901 W ActivityManager: Unbind failed: could not find connection for android.os.BinderProxy@331a80d
02-25 11:04:54.137   919  3830 I ActivityManager: Process com.google.android.packageinstaller (pid 6298) has died
02-25 11:04:54.242   919   929 I ActivityManager: Process com.google.android.apps.fitness (pid 6529) has died
02-25 11:04:54.420   919  3830 I ActivityManager: Process com.android.vending (pid 5726) has died
02-25 11:05:00.182   919  3482 I ActivityManager: Process com.google.process.gapps (pid 5740) has died
02-25 11:05:00.232   919  5905 I ActivityManager: Process com.google.android.gms:car (pid 7071) has died
02-25 11:05:16.367   919  3834 I ActivityManager: Start proc 7530:com.google.android.apps.fitness/u0a158 for service com.google.android.apps.fitness/.api.services.ActivityDetectionService
02-25 11:05:19.360   919  5626 I ActivityManager: Force stopping com.gusar.datingapp appid=10371 user=0: from pid 7598
02-25 11:05:19.361   919  5626 I ActivityManager: Killing 6026:com.gusar.datingapp/u0a371 (adj 0): stop com.gusar.datingapp
02-25 11:05:19.430   919   929 I WindowState: WIN DEATH: Window{18cc79f u0 com.gusar.datingapp/com.gusar.datingapp.MainActivity}
02-25 11:05:19.466   919  5626 W ActivityManager: Force removing ActivityRecord{cbc7642 u0 com.gusar.datingapp/.MainActivity t5005}: app died, no saved state
02-25 11:05:19.476   919  3523 W ActivityManager: Spurious death for ProcessRecord{3b4054c 0:com.gusar.datingapp/u0a371}, curProc for 6026: null
02-25 11:05:19.546   919  3482 W InputMethodManagerService: Got RemoteException sending setActive(false) notification to pid 6026 uid 10371
