02-24 11:12:42.908   919  5901 I chatty  : uid=1000(system) Binder_D expire 10 lines
02-24 11:12:43.296   919  5908 I chatty  : uid=1000(system) Binder_10 expire 7 lines
02-24 11:12:43.887   919  3521 I chatty  : uid=1000(system) Binder_5 expire 7 lines
02-24 11:12:44.001   919  5626 I chatty  : uid=1000(system) Binder_C expire 10 lines
02-24 11:12:45.688   919  3109 I chatty  : uid=1000(system) WifiService expire 8 lines
02-24 11:12:45.737   919   933 I chatty  : uid=1000(system) android.ui expire 2 lines
02-24 11:12:46.845   919  3831 I chatty  : uid=1000(system) Binder_9 expire 7 lines
02-24 11:12:47.446   919  3616 I chatty  : uid=1000(system) Binder_7 expire 10 lines
02-24 11:12:48.947 26667 26667 E ActivityThread: Failed to find provider info for com.getpure.pure.MetricaContentProvider
02-24 11:12:52.260   919  3834 I chatty  : uid=1000(system) Binder_A expire 3 lines
02-24 11:12:53.015   919  5904 I chatty  : uid=1000(system) Binder_E expire 7 lines
02-24 11:13:01.950   919  3523 I chatty  : uid=1000(system) Binder_6 expire 5 lines
02-24 11:13:02.724   919  3058 I chatty  : uid=1000(system) AlarmManager expire 3 lines
02-24 11:14:11.477  3207  3207 V DeadZone: consuming errant click: (915.0,10.0)
02-24 11:14:28.409 28349 28349 E AndroidRuntime: FATAL EXCEPTION: main
02-24 11:14:28.409 28349 28349 E AndroidRuntime: Process: com.gusar.datingapp, PID: 28349
02-24 11:14:28.409 28349 28349 E AndroidRuntime: java.lang.RuntimeException: Unable to get provider com.google.android.gms.measurement.AppMeasurementContentProvider: android.content.res.Resources$NotFoundException: Unable to find resource ID #0x7f070024
02-24 11:14:28.409 28349 28349 E AndroidRuntime: 	at android.app.ActivityThread.installProvider(ActivityThread.java:5156)
02-24 11:14:28.409 28349 28349 E AndroidRuntime: 	at android.app.ActivityThread.installContentProviders(ActivityThread.java:4748)
02-24 11:14:28.409 28349 28349 E AndroidRuntime: 	at android.app.ActivityThread.handleBindApplication(ActivityThread.java:4688)
02-24 11:14:28.409 28349 28349 E AndroidRuntime: 	at android.app.ActivityThread.-wrap1(ActivityThread.java)
02-24 11:14:28.409 28349 28349 E AndroidRuntime: 	at android.app.ActivityThread$H.handleMessage(ActivityThread.java:1405)
02-24 11:14:28.409 28349 28349 E AndroidRuntime: 	at android.os.Handler.dispatchMessage(Handler.java:102)
02-24 11:14:28.409 28349 28349 E AndroidRuntime: 	at android.os.Looper.loop(Looper.java:148)
02-24 11:14:28.409 28349 28349 E AndroidRuntime: 	at android.app.ActivityThread.main(ActivityThread.java:5417)
02-24 11:14:28.409 28349 28349 E AndroidRuntime: 	at java.lang.reflect.Method.invoke(Native Method)
02-24 11:14:28.409 28349 28349 E AndroidRuntime: 	at com.android.internal.os.ZygoteInit$MethodAndArgsCaller.run(ZygoteInit.java:726)
02-24 11:14:28.409 28349 28349 E AndroidRuntime: 	at com.android.internal.os.ZygoteInit.main(ZygoteInit.java:616)
02-24 11:14:28.409 28349 28349 E AndroidRuntime: Caused by: android.content.res.Resources$NotFoundException: Unable to find resource ID #0x7f070024
02-24 11:14:28.409 28349 28349 E AndroidRuntime: 	at android.content.res.Resources.getResourcePackageName(Resources.java:2254)
02-24 11:14:28.409 28349 28349 E AndroidRuntime: 	at com.google.android.gms.measurement.zza.<init>(Unknown Source)
02-24 11:14:28.409 28349 28349 E AndroidRuntime: 	at com.google.android.gms.measurement.zza.zzaR(Unknown Source)
02-24 11:14:28.409 28349 28349 E AndroidRuntime: 	at com.google.android.gms.measurement.internal.zzn.zziJ(Unknown Source)
02-24 11:14:28.409 28349 28349 E AndroidRuntime: 	at com.google.android.gms.measurement.internal.zzz.zza(Unknown Source)
02-24 11:14:28.409 28349 28349 E AndroidRuntime: 	at com.google.android.gms.measurement.internal.zzw.<init>(Unknown Source)
02-24 11:14:28.409 28349 28349 E AndroidRuntime: 	at com.google.android.gms.measurement.internal.zzaa.zzDj(Unknown Source)
02-24 11:14:28.409 28349 28349 E AndroidRuntime: 	at com.google.android.gms.measurement.internal.zzw.zzaT(Unknown Source)
02-24 11:14:28.409 28349 28349 E AndroidRuntime: 	at com.google.android.gms.measurement.AppMeasurementContentProvider.onCreate(Unknown Source)
02-24 11:14:28.409 28349 28349 E AndroidRuntime: 	at android.content.ContentProvider.attachInfo(ContentProvider.java:1748)
02-24 11:14:28.409 28349 28349 E AndroidRuntime: 	at android.content.ContentProvider.attachInfo(ContentProvider.java:1723)
02-24 11:14:28.409 28349 28349 E AndroidRuntime: 	at android.app.ActivityThread.installProvider(ActivityThread.java:5153)
02-24 11:14:28.409 28349 28349 E AndroidRuntime: 	... 10 more
02-24 11:14:43.211 28488 28488 E AndroidRuntime: FATAL EXCEPTION: main
02-24 11:14:43.211 28488 28488 E AndroidRuntime: Process: com.gusar.datingapp, PID: 28488
02-24 11:14:43.211 28488 28488 E AndroidRuntime: java.lang.RuntimeException: Unable to get provider com.google.android.gms.measurement.AppMeasurementContentProvider: android.content.res.Resources$NotFoundException: Unable to find resource ID #0x7f070024
02-24 11:14:43.211 28488 28488 E AndroidRuntime: 	at android.app.ActivityThread.installProvider(ActivityThread.java:5156)
02-24 11:14:43.211 28488 28488 E AndroidRuntime: 	at android.app.ActivityThread.installContentProviders(ActivityThread.java:4748)
02-24 11:14:43.211 28488 28488 E AndroidRuntime: 	at android.app.ActivityThread.handleBindApplication(ActivityThread.java:4688)
02-24 11:14:43.211 28488 28488 E AndroidRuntime: 	at android.app.ActivityThread.-wrap1(ActivityThread.java)
02-24 11:14:43.211 28488 28488 E AndroidRuntime: 	at android.app.ActivityThread$H.handleMessage(ActivityThread.java:1405)
02-24 11:14:43.211 28488 28488 E AndroidRuntime: 	at android.os.Handler.dispatchMessage(Handler.java:102)
02-24 11:14:43.211 28488 28488 E AndroidRuntime: 	at android.os.Looper.loop(Looper.java:148)
02-24 11:14:43.211 28488 28488 E AndroidRuntime: 	at android.app.ActivityThread.main(ActivityThread.java:5417)
02-24 11:14:43.211 28488 28488 E AndroidRuntime: 	at java.lang.reflect.Method.invoke(Native Method)
02-24 11:14:43.211 28488 28488 E AndroidRuntime: 	at com.android.internal.os.ZygoteInit$MethodAndArgsCaller.run(ZygoteInit.java:726)
02-24 11:14:43.211 28488 28488 E AndroidRuntime: 	at com.android.internal.os.ZygoteInit.main(ZygoteInit.java:616)
02-24 11:14:43.211 28488 28488 E AndroidRuntime: Caused by: android.content.res.Resources$NotFoundException: Unable to find resource ID #0x7f070024
02-24 11:14:43.211 28488 28488 E AndroidRuntime: 	at android.content.res.Resources.getResourcePackageName(Resources.java:2254)
02-24 11:14:43.211 28488 28488 E AndroidRuntime: 	at com.google.android.gms.measurement.zza.<init>(Unknown Source)
02-24 11:14:43.211 28488 28488 E AndroidRuntime: 	at com.google.android.gms.measurement.zza.zzaR(Unknown Source)
02-24 11:14:43.211 28488 28488 E AndroidRuntime: 	at com.google.android.gms.measurement.internal.zzn.zziJ(Unknown Source)
02-24 11:14:43.211 28488 28488 E AndroidRuntime: 	at com.google.android.gms.measurement.internal.zzz.zza(Unknown Source)
02-24 11:14:43.211 28488 28488 E AndroidRuntime: 	at com.google.android.gms.measurement.internal.zzw.<init>(Unknown Source)
02-24 11:14:43.211 28488 28488 E AndroidRuntime: 	at com.google.android.gms.measurement.internal.zzaa.zzDj(Unknown Source)
02-24 11:14:43.211 28488 28488 E AndroidRuntime: 	at com.google.android.gms.measurement.internal.zzw.zzaT(Unknown Source)
02-24 11:14:43.211 28488 28488 E AndroidRuntime: 	at com.google.android.gms.measurement.AppMeasurementContentProvider.onCreate(Unknown Source)
02-24 11:14:43.211 28488 28488 E AndroidRuntime: 	at android.content.ContentProvider.attachInfo(ContentProvider.java:1748)
02-24 11:14:43.211 28488 28488 E AndroidRuntime: 	at android.content.ContentProvider.attachInfo(ContentProvider.java:1723)
02-24 11:14:43.211 28488 28488 E AndroidRuntime: 	at android.app.ActivityThread.installProvider(ActivityThread.java:5153)
02-24 11:14:43.211 28488 28488 E AndroidRuntime: 	... 10 more
02-24 11:14:52.978 28729 28729 I chatty  : uid=1000(system) expire 1 line
02-24 11:14:53.158   919  3835 I chatty  : uid=1000(system) Binder_B expire 2 lines
02-24 11:14:53.705   919   919 I chatty  : uid=1000 system_server expire 3 lines
02-24 11:15:39.884 29233 29243 D DefContainer: Copying /data/local/tmp/com.gusar.datingapp to base.apk
02-24 11:15:46.909   919  3110 I chatty  : uid=1000(system) ConnectivitySer expire 3 lines
02-24 11:15:52.316   919   942 I chatty  : uid=1000(system) PackageManager expire 2 lines
02-24 11:15:52.924   919  3218 I chatty  : uid=1000(system) Binder_3 expire 3 lines
02-24 11:15:53.073   919  3830 I chatty  : uid=1000(system) Binder_8 expire 2 lines
02-24 11:15:53.832   919   937 I chatty  : uid=1000(system) android.display expire 18 lines
02-24 11:15:55.071 27204 27204 E ActivityThread: Failed to find provider info for com.getpure.pure.MetricaContentProvider
02-24 11:16:11.002   919  3110 I chatty  : uid=1000(system) ConnectivitySer expire 10 lines
02-24 11:16:22.910   919  3834 I chatty  : uid=1000(system) Binder_A expire 8 lines
02-24 11:16:22.989   919  3482 I chatty  : uid=1000(system) Binder_4 expire 4 lines
02-24 11:16:23.011   919  5626 I chatty  : uid=1000(system) Binder_C expire 8 lines
02-24 11:16:23.168   919   930 I chatty  : uid=1000(system) Binder_2 expire 8 lines
02-24 11:16:30.944   919  3218 I chatty  : uid=1000(system) Binder_3 expire 3 lines
02-24 11:16:33.656   919   933 I chatty  : uid=1000(system) android.ui expire 15 lines
02-24 11:16:43.069   919  5905 I chatty  : uid=1000(system) Binder_F expire 11 lines
02-24 11:16:43.113   919  5901 I chatty  : uid=1000(system) Binder_D expire 4 lines
02-24 11:16:43.157   919  5908 I chatty  : uid=1000(system) Binder_10 expire 7 lines
02-24 11:16:56.622   919   939 I chatty  : uid=1000(system) PowerManagerSer expire 13 lines
02-24 11:16:57.559   919   934 I chatty  : uid=1000(system) android.fg expire 4 lines
02-24 11:16:57.867   919   919 I chatty  : uid=1000 system_server expire 11 lines
02-24 11:17:09.337   919  3830 I chatty  : uid=1000(system) Binder_8 expire 9 lines
02-24 11:17:09.453   919  5904 I chatty  : uid=1000(system) Binder_E expire 4 lines
02-24 11:17:15.010   919  3835 I chatty  : uid=1000(system) Binder_B expire 12 lines
02-24 11:17:28.308   919  3616 I chatty  : uid=1000(system) Binder_7 expire 6 lines
02-24 11:17:28.359   351   389 D vold    : Remounting 10365 as mode read
02-24 11:17:28.366   351   389 D vold    : Found matching PID 30386
02-24 11:17:28.385   919  3101 I chatty  : uid=1000(system) VoldConnector expire 4 lines
02-24 11:17:28.386   919  3521 I chatty  : uid=1000(system) Binder_5 expire 3 lines
02-24 11:17:28.387   351   389 D vold    : Remounting 10365 as mode write
02-24 11:17:28.393   351   389 D vold    : Found matching PID 30386
02-24 11:17:29.439   919   937 I chatty  : uid=1000(system) android.display expire 27 lines
02-24 11:17:32.896   919  3110 I chatty  : uid=1000(system) ConnectivitySer expire 20 lines
02-24 11:18:01.708   919  3831 I chatty  : uid=1000(system) Binder_9 expire 9 lines
02-24 11:18:01.783   919   929 I chatty  : uid=1000(system) Binder_1 expire 6 lines
02-24 11:21:17.342 16246 16246 E ActivityThread: Performing stop of activity that is not resumed: {org.geometerplus.zlibrary.ui.android/org.geometerplus.android.fbreader.FBReader}
02-24 11:21:17.342 16246 16246 E ActivityThread: java.lang.RuntimeException: Performing stop of activity that is not resumed: {org.geometerplus.zlibrary.ui.android/org.geometerplus.android.fbreader.FBReader}
02-24 11:21:17.342 16246 16246 E ActivityThread: 	at android.app.ActivityThread.performStopActivityInner(ActivityThread.java:3465)
02-24 11:21:17.342 16246 16246 E ActivityThread: 	at android.app.ActivityThread.handleStopActivity(ActivityThread.java:3550)
02-24 11:21:17.342 16246 16246 E ActivityThread: 	at android.app.ActivityThread.-wrap20(ActivityThread.java)
02-24 11:21:17.342 16246 16246 E ActivityThread: 	at android.app.ActivityThread$H.handleMessage(ActivityThread.java:1373)
02-24 11:21:17.342 16246 16246 E ActivityThread: 	at android.os.Handler.dispatchMessage(Handler.java:102)
02-24 11:21:17.342 16246 16246 E ActivityThread: 	at android.os.Looper.loop(Looper.java:148)
02-24 11:21:17.342 16246 16246 E ActivityThread: 	at android.app.ActivityThread.main(ActivityThread.java:5417)
02-24 11:21:17.342 16246 16246 E ActivityThread: 	at java.lang.reflect.Method.invoke(Native Method)
02-24 11:21:17.342 16246 16246 E ActivityThread: 	at com.android.internal.os.ZygoteInit$MethodAndArgsCaller.run(ZygoteInit.java:726)
02-24 11:21:17.342 16246 16246 E ActivityThread: 	at com.android.internal.os.ZygoteInit.main(ZygoteInit.java:616)
02-24 11:21:18.882   919   919 I chatty  : uid=1000 system_server expire 7 lines
02-24 11:21:18.892   919   937 I chatty  : uid=1000(system) android.display expire 2 lines
02-24 11:21:18.905   919   939 I chatty  : uid=1000(system) PowerManagerSer expire 1 line
02-24 11:21:18.943   919  3523 I chatty  : uid=1000(system) Binder_6 expire 4 lines
02-24 11:21:25.967   919   932 I chatty  : uid=1000(system) ActivityManager expire 2 lines
02-24 11:21:26.429   919   942 I chatty  : uid=1000(system) PackageManager expire 5 lines
02-24 11:21:26.836  2356  2356 I chatty  : uid=1000(system) expire 1 line
02-24 11:21:27.121   919   931 I chatty  : uid=1000(system) android.bg expire 2 lines
02-24 11:21:29.669   919  3109 I chatty  : uid=1000(system) WifiService expire 2 lines
02-24 11:21:40.053   919  3110 I chatty  : uid=1000(system) ConnectivitySer expire 10 lines
02-24 11:22:11.132  2723  2733 D DefContainer: Copying /data/local/tmp/com.gusar.datingapp to base.apk
02-24 11:22:23.718   919  5905 I chatty  : uid=1000(system) Binder_F expire 1 line
02-24 11:22:26.590   919   933 I chatty  : uid=1000(system) android.ui expire 1 line
02-24 11:22:27.675  2917  2917 E ActivityThread: Failed to find provider info for com.getpure.pure.MetricaContentProvider
02-24 11:22:28.320   919  3110 I chatty  : uid=1000(system) ConnectivitySer expire 38 lines
02-24 11:22:34.128   351   389 D vold    : Remounting 10366 as mode read
02-24 11:22:34.142   351   389 D vold    : Found matching PID 2819
02-24 11:22:34.168   351   389 D vold    : Remounting 10366 as mode write
02-24 11:22:34.175   351   389 D vold    : Found matching PID 2819
02-24 11:22:35.372   919   933 I chatty  : uid=1000(system) android.ui expire 18 lines
02-24 11:22:35.489   919   937 I chatty  : uid=1000(system) android.display expire 31 lines
02-24 11:22:38.700   919  3830 I chatty  : uid=1000(system) Binder_8 expire 8 lines
02-24 11:22:39.237   919  5626 I chatty  : uid=1000(system) Binder_C expire 9 lines
02-24 11:22:39.317   919  3831 I chatty  : uid=1000(system) Binder_9 expire 3 lines
02-24 11:22:46.347   919  3521 I chatty  : uid=1000(system) Binder_5 expire 7 lines
02-24 11:22:46.406   919  3218 I chatty  : uid=1000(system) Binder_3 expire 10 lines
02-24 11:22:58.037   919  5905 I chatty  : uid=1000(system) Binder_F expire 8 lines
02-24 11:22:58.066   919  3835 I chatty  : uid=1000(system) Binder_B expire 3 lines
02-24 11:22:58.208   919  3834 I chatty  : uid=1000(system) Binder_A expire 7 lines
02-24 11:23:20.277   919  3616 I chatty  : uid=1000(system) Binder_7 expire 8 lines
02-24 11:23:20.345   919  5904 I chatty  : uid=1000(system) Binder_E expire 5 lines
02-24 11:24:53.256   919   939 I chatty  : uid=1000(system) PowerManagerSer expire 10 lines
02-24 11:24:54.303   919   934 I chatty  : uid=1000(system) android.fg expire 2 lines
02-24 11:24:55.116   919   919 I chatty  : uid=1000 system_server expire 10 lines
02-24 11:25:21.341   919   930 I chatty  : uid=1000(system) Binder_2 expire 5 lines
02-24 11:25:50.960   919  3482 I chatty  : uid=1000(system) Binder_4 expire 4 lines
02-24 11:27:21.381   919   932 I chatty  : uid=1000(system) ActivityManager expire 4 lines
02-24 11:27:30.586   919  5901 I chatty  : uid=1000(system) Binder_D expire 6 lines
02-24 11:27:56.575   919  3523 I chatty  : uid=1000(system) Binder_6 expire 8 lines
02-24 11:28:27.363   919   929 I chatty  : uid=1000(system) Binder_1 expire 6 lines
02-24 11:28:36.433   919   942 I chatty  : uid=1000(system) PackageManager expire 5 lines
02-24 11:28:36.832  6761  6761 I chatty  : uid=1000(system) expire 1 line
02-24 11:28:37.104   919   931 I chatty  : uid=1000(system) android.bg expire 2 lines
02-24 11:28:38.017   919  5908 I chatty  : uid=1000(system) Binder_10 expire 7 lines
02-24 11:28:39.665   919  3109 I chatty  : uid=1000(system) WifiService expire 4 lines
02-24 11:29:21.574  7196  7207 D DefContainer: Copying /data/local/tmp/com.gusar.datingapp to base.apk
02-24 11:29:34.058   919  3110 I chatty  : uid=1000(system) ConnectivitySer expire 7 lines
02-24 11:29:36.087   919   937 I chatty  : uid=1000(system) android.display expire 13 lines
02-24 11:29:37.648  7391  7391 E ActivityThread: Failed to find provider info for com.getpure.pure.MetricaContentProvider
02-24 11:29:38.717   919   933 I chatty  : uid=1000(system) android.ui expire 6 lines
02-24 11:29:47.889   351   389 D vold    : Remounting 10367 as mode read
02-24 11:29:47.901   351   389 D vold    : Found matching PID 7323
02-24 11:29:47.916   919  3101 I chatty  : uid=1000(system) VoldConnector expire 2 lines
02-24 11:29:47.918   351   389 D vold    : Remounting 10367 as mode write
02-24 11:29:47.928   351   389 D vold    : Found matching PID 7323
02-24 11:30:18.492   919   937 I chatty  : uid=1000(system) android.display expire 37 lines
02-24 11:30:20.835   919   933 I chatty  : uid=1000(system) android.ui expire 9 lines
02-24 11:30:48.873   919  3521 I chatty  : uid=1000(system) Binder_5 expire 5 lines
02-24 11:30:48.932   919  3616 I chatty  : uid=1000(system) Binder_7 expire 3 lines
02-24 11:30:57.664   919   932 I chatty  : uid=1000(system) ActivityManager expire 7 lines
02-24 11:30:58.606   919  3109 I chatty  : uid=1000(system) WifiService expire 8 lines
02-24 11:31:01.858   919  3834 I chatty  : uid=1000(system) Binder_A expire 5 lines
02-24 11:31:02.366   919   919 I chatty  : uid=1000 system_server expire 35 lines
02-24 11:31:03.138   919  3835 I chatty  : uid=1000(system) Binder_B expire 6 lines
02-24 11:31:10.644   919  3110 I chatty  : uid=1000(system) ConnectivitySer expire 18 lines
02-24 11:31:31.815   919  5905 I chatty  : uid=1000(system) Binder_F expire 4 lines
02-24 11:31:31.899   919  5626 I chatty  : uid=1000(system) Binder_C expire 5 lines
02-24 11:31:35.863   919  3073 I chatty  : uid=1000(system) InputReader expire 5 lines
02-24 11:31:36.852   919   939 I chatty  : uid=1000(system) PowerManagerSer expire 32 lines
02-24 11:31:36.859   919   934 I chatty  : uid=1000(system) android.fg expire 7 lines
02-24 11:31:37.023   919   929 I chatty  : uid=1000(system) Binder_1 expire 7 lines
02-24 11:32:06.163   919   931 I chatty  : uid=1000(system) android.bg expire 2 lines
02-24 11:33:04.890   919  3482 I chatty  : uid=1000(system) Binder_4 expire 6 lines
02-24 11:33:20.300   919  3830 I chatty  : uid=1000(system) Binder_8 expire 7 lines
02-24 11:34:24.537   919  5904 I chatty  : uid=1000(system) Binder_E expire 7 lines
02-24 11:34:50.065   919  3218 I chatty  : uid=1000(system) Binder_3 expire 4 lines
02-24 11:34:52.489   919  5908 I chatty  : uid=1000(system) Binder_10 expire 5 lines
02-24 11:35:07.620   919   930 I chatty  : uid=1000(system) Binder_2 expire 5 lines
02-24 11:35:07.686   919  5901 I chatty  : uid=1000(system) Binder_D expire 7 lines
02-24 11:35:30.900   919  3523 I chatty  : uid=1000(system) Binder_6 expire 2 lines
02-24 11:37:06.209   919   942 I chatty  : uid=1000(system) PackageManager expire 4 lines
02-24 11:37:06.699 15138 15138 I chatty  : uid=1000(system) expire 1 line
02-24 11:37:09.094   919  3831 I chatty  : uid=1000(system) Binder_9 expire 3 lines
02-24 11:37:12.072   919  3072 I chatty  : uid=1000(system) InputDispatcher expire 1 line
02-24 11:37:57.721 15621 15631 D DefContainer: Copying /data/local/tmp/com.gusar.datingapp to base.apk
02-24 11:37:58.170   919   919 I chatty  : uid=1000 system_server expire 5 lines
02-24 11:37:58.393   919   939 I chatty  : uid=1000(system) PowerManagerSer expire 2 lines
02-24 11:37:58.395   919   937 I chatty  : uid=1000(system) android.display expire 46 lines
02-24 11:37:59.387   919   929 I chatty  : uid=1000(system) Binder_1 expire 2 lines
02-24 11:37:59.416   919   939 I chatty  : uid=1000(system) PowerManagerSer expire 44 lines
02-24 11:37:59.427   919  3521 I chatty  : uid=1000(system) Binder_5 expire 6 lines
02-24 11:37:59.427   919   934 I chatty  : uid=1000(system) android.fg expire 8 lines
02-24 11:37:59.445   919   932 I chatty  : uid=1000(system) ActivityManager expire 3 lines
02-24 11:37:59.521   919  5626 I chatty  : uid=1000(system) Binder_C expire 6 lines
02-24 11:37:59.572   919  3110 I chatty  : uid=1000(system) ConnectivitySer expire 22 lines
02-24 11:37:59.580   919   919 I chatty  : uid=1000 system_server expire 27 lines
02-24 11:37:59.602   919  3830 I chatty  : uid=1000(system) Binder_8 expire 7 lines
02-24 11:37:59.694   919  3482 I chatty  : uid=1000(system) Binder_4 expire 6 lines
02-24 11:38:09.918   919   942 I chatty  : uid=1000(system) PackageManager expire 2 lines
02-24 11:38:10.591   919  5905 I chatty  : uid=1000(system) Binder_F expire 10 lines
02-24 11:38:10.713   919  3834 I chatty  : uid=1000(system) Binder_A expire 8 lines
02-24 11:38:10.802   919  3616 I chatty  : uid=1000(system) Binder_7 expire 5 lines
02-24 11:38:10.851   919   931 I chatty  : uid=1000(system) android.bg expire 1 line
02-24 11:38:10.982   919  3835 I chatty  : uid=1000(system) Binder_B expire 6 lines
02-24 11:38:12.037   919  3523 I chatty  : uid=1000(system) Binder_6 expire 3 lines
02-24 11:38:12.373   919  3109 I chatty  : uid=1000(system) WifiService expire 3 lines
02-24 11:38:13.225 15842 15842 E ActivityThread: Failed to find provider info for com.getpure.pure.MetricaContentProvider
02-24 11:38:13.246   919   930 I chatty  : uid=1000(system) Binder_2 expire 7 lines
02-24 11:38:14.640   919  5904 I chatty  : uid=1000(system) Binder_E expire 3 lines
02-24 11:38:14.892   919  3218 I chatty  : uid=1000(system) Binder_3 expire 5 lines
02-24 11:38:46.250   919   933 I chatty  : uid=1000(system) android.ui expire 9 lines
02-24 11:38:50.186   351   389 D vold    : Remounting 10368 as mode read
02-24 11:38:50.203   351   389 D vold    : Found matching PID 15975
02-24 11:38:50.275   919  3101 I chatty  : uid=1000(system) VoldConnector expire 2 lines
02-24 11:38:50.278   351   389 D vold    : Remounting 10368 as mode write
02-24 11:38:50.284   351   389 D vold    : Found matching PID 15975
02-24 11:39:20.134   919  3073 I chatty  : uid=1000(system) InputReader expire 4 lines
02-24 11:39:52.244   919  5901 I chatty  : uid=1000(system) Binder_D expire 4 lines
02-24 11:41:20.169   919  5908 I chatty  : uid=1000(system) Binder_10 expire 5 lines
02-24 11:42:27.216   919  3072 I chatty  : uid=1000(system) InputDispatcher expire 1 line
02-24 11:50:44.210 27670 27670 W ActivityThread: ClassLoader.loadClass: The class loader returned by Thread.getContextClassLoader() may fail for processes that host multiple applications. You should explicitly specify a context class loader. For example: Thread.setContextClassLoader(getClass().getClassLoader());
02-24 11:50:46.133   919  5905 I chatty  : uid=1000(system) Binder_F expire 10 lines
02-24 11:50:46.225   919  3482 I chatty  : uid=1000(system) Binder_4 expire 6 lines
02-24 11:50:46.398   919  3521 I chatty  : uid=1000(system) Binder_5 expire 6 lines
02-24 11:50:47.308   919  5904 I chatty  : uid=1000(system) Binder_E expire 4 lines
02-24 11:50:47.352   919  3835 I chatty  : uid=1000(system) Binder_B expire 4 lines
02-24 11:50:47.476   919  3616 I chatty  : uid=1000(system) Binder_7 expire 4 lines
02-24 11:50:47.505   919   930 I chatty  : uid=1000(system) Binder_2 expire 3 lines
02-24 11:50:47.505   919  3110 I chatty  : uid=1000(system) ConnectivitySer expire 28 lines
02-24 11:50:47.505   919  3109 I chatty  : uid=1000(system) WifiService expire 6 lines
02-24 11:50:56.165   919   919 I chatty  : uid=1000 system_server expire 49 lines
02-24 11:50:56.457   919   939 I chatty  : uid=1000(system) PowerManagerSer expire 12 lines
02-24 11:50:56.461   919   937 I chatty  : uid=1000(system) android.display expire 11 lines
02-24 11:50:57.718   919  3218 I chatty  : uid=1000(system) Binder_3 expire 3 lines
02-24 11:51:37.577   919  5901 I chatty  : uid=1000(system) Binder_D expire 7 lines
02-24 11:52:37.723   919  3058 I chatty  : uid=1000(system) AlarmManager expire 1 line
02-24 11:52:39.224   919   931 I chatty  : uid=1000(system) android.bg expire 1 line
02-24 11:52:43.384   919  5626 I chatty  : uid=1000(system) Binder_C expire 3 lines
02-24 11:53:37.799   919  3834 I chatty  : uid=1000(system) Binder_A expire 30 lines
02-24 11:53:37.888   919  5908 I chatty  : uid=1000(system) Binder_10 expire 1 line
02-24 11:53:38.474   919   934 I chatty  : uid=1000(system) android.fg expire 2 lines
02-24 11:53:38.816   919  3681 I chatty  : uid=1000(system) FLP Service Cal expire 1 line
02-24 11:53:39.010   919  3523 I chatty  : uid=1000(system) Binder_6 expire 3 lines
02-24 11:53:41.178   919   932 I chatty  : uid=1000(system) ActivityManager expire 20 lines
02-24 11:53:42.450   919  3072 I chatty  : uid=1000(system) InputDispatcher expire 1 line
02-24 11:53:43.074   919   929 I chatty  : uid=1000(system) Binder_1 expire 23 lines
02-24 11:53:44.133   919  3830 I chatty  : uid=1000(system) Binder_8 expire 1 line
02-24 11:53:44.489   919  3831 I chatty  : uid=1000(system) Binder_9 expire 22 lines
02-24 11:54:32.454   919   919 I chatty  : uid=1000 system_server expire 51 lines
02-24 11:54:33.513   919  3110 I chatty  : uid=1000(system) ConnectivitySer expire 24 lines
02-24 11:54:33.701   919  3073 I chatty  : uid=1000(system) InputReader expire 3 lines
02-24 11:54:33.727   919  5904 I chatty  : uid=1000(system) Binder_E expire 10 lines
02-24 11:54:33.757   919  3218 I chatty  : uid=1000(system) Binder_3 expire 4 lines
02-24 11:54:33.767   919  5901 I chatty  : uid=1000(system) Binder_D expire 7 lines
02-24 11:54:34.248   919   937 I chatty  : uid=1000(system) android.display expire 36 lines
02-24 11:54:34.584   919   939 I chatty  : uid=1000(system) PowerManagerSer expire 42 lines
02-24 11:54:34.586   919   934 I chatty  : uid=1000(system) android.fg expire 8 lines
02-24 11:54:36.247   919  3482 I chatty  : uid=1000(system) Binder_4 expire 6 lines
02-24 11:54:36.378   919   929 I chatty  : uid=1000(system) Binder_1 expire 8 lines
02-24 11:54:36.467   919   933 I chatty  : uid=1000(system) android.ui expire 2 lines
02-24 11:54:36.505   919  5626 I chatty  : uid=1000(system) Binder_C expire 7 lines
02-24 11:55:39.922   919  3834 I chatty  : uid=1000(system) Binder_A expire 4 lines
02-24 11:55:40.179   919  5905 I chatty  : uid=1000(system) Binder_F expire 4 lines
02-24 11:55:48.864   919  3521 I chatty  : uid=1000(system) Binder_5 expire 9 lines
02-24 11:55:48.895   919  5908 I chatty  : uid=1000(system) Binder_10 expire 1 line
02-24 11:55:53.732   919  3835 I chatty  : uid=1000(system) Binder_B expire 2 lines
02-24 11:55:53.832   919  3830 I chatty  : uid=1000(system) Binder_8 expire 5 lines
02-24 11:56:01.969   919   932 I chatty  : uid=1000(system) ActivityManager expire 5 lines
02-24 11:57:58.499   919  3616 I chatty  : uid=1000(system) Binder_7 expire 3 lines
02-24 11:58:57.748   919  3109 I chatty  : uid=1000(system) WifiService expire 1 line
02-24 11:58:59.378   919   930 I chatty  : uid=1000(system) Binder_2 expire 11 lines
02-24 12:02:24.458   919   937 I chatty  : uid=1000(system) android.display expire 17 lines
02-24 12:02:24.500   919  5905 I chatty  : uid=1000(system) Binder_F expire 8 lines
02-24 12:02:24.506   919   939 I chatty  : uid=1000(system) PowerManagerSer expire 1 line
02-24 12:02:24.669   919   919 I chatty  : uid=1000 system_server expire 7 lines
02-24 12:02:24.688   919  3523 I chatty  : uid=1000(system) Binder_6 expire 9 lines
02-24 12:02:24.745   919  3521 I chatty  : uid=1000(system) Binder_5 expire 11 lines
02-24 12:02:37.999   919   933 I chatty  : uid=1000(system) android.ui expire 7 lines
02-24 12:02:39.538   919  3834 I chatty  : uid=1000(system) Binder_A expire 11 lines
02-24 12:02:39.566   919  3110 I chatty  : uid=1000(system) ConnectivitySer expire 14 lines
02-24 12:02:39.592   919  5908 I chatty  : uid=1000(system) Binder_10 expire 9 lines
02-24 12:02:46.451   919  3830 I chatty  : uid=1000(system) Binder_8 expire 10 lines
02-24 12:02:53.422   919  5901 I chatty  : uid=1000(system) Binder_D expire 11 lines
02-24 12:02:53.566   919   932 I chatty  : uid=1000(system) ActivityManager expire 9 lines
02-24 12:02:54.598 29738 29738 E AndroidRuntime: FATAL EXCEPTION: main
02-24 12:02:54.598 29738 29738 E AndroidRuntime: Process: com.gusar.datingapp, PID: 29738
02-24 12:02:54.598 29738 29738 E AndroidRuntime: java.lang.IllegalStateException: Activity has been destroyed
02-24 12:02:54.598 29738 29738 E AndroidRuntime: 	at android.support.v4.app.FragmentManagerImpl.enqueueAction(FragmentManager.java:1511)
02-24 12:02:54.598 29738 29738 E AndroidRuntime: 	at android.support.v4.app.BackStackRecord.commitInternal(BackStackRecord.java:634)
02-24 12:02:54.598 29738 29738 E AndroidRuntime: 	at android.support.v4.app.BackStackRecord.commitAllowingStateLoss(BackStackRecord.java:617)
02-24 12:02:54.598 29738 29738 E AndroidRuntime: 	at com.gusar.datingapp.MainActivity$DownloadJSON.onPostExecute(MainActivity.java:172)
02-24 12:02:54.598 29738 29738 E AndroidRuntime: 	at com.gusar.datingapp.MainActivity$DownloadJSON.onPostExecute(MainActivity.java:125)
02-24 12:02:54.598 29738 29738 E AndroidRuntime: 	at android.os.AsyncTask.finish(AsyncTask.java:651)
02-24 12:02:54.598 29738 29738 E AndroidRuntime: 	at android.os.AsyncTask.-wrap1(AsyncTask.java)
02-24 12:02:54.598 29738 29738 E AndroidRuntime: 	at android.os.AsyncTask$InternalHandler.handleMessage(AsyncTask.java:668)
02-24 12:02:54.598 29738 29738 E AndroidRuntime: 	at android.os.Handler.dispatchMessage(Handler.java:102)
02-24 12:02:54.598 29738 29738 E AndroidRuntime: 	at android.os.Looper.loop(Looper.java:148)
02-24 12:02:54.598 29738 29738 E AndroidRuntime: 	at android.app.ActivityThread.main(ActivityThread.java:5417)
02-24 12:02:54.598 29738 29738 E AndroidRuntime: 	at java.lang.reflect.Method.invoke(Native Method)
02-24 12:02:54.598 29738 29738 E AndroidRuntime: 	at com.android.internal.os.ZygoteInit$MethodAndArgsCaller.run(ZygoteInit.java:726)
02-24 12:02:54.598 29738 29738 E AndroidRuntime: 	at com.android.internal.os.ZygoteInit.main(ZygoteInit.java:616)
02-24 12:02:54.937   919  3835 I chatty  : uid=1000(system) Binder_B expire 11 lines
02-24 12:02:58.825   919  3218 I chatty  : uid=1000(system) Binder_3 expire 9 lines
02-24 12:02:58.868   919  3616 I chatty  : uid=1000(system) Binder_7 expire 9 lines
02-24 12:03:04.990   919  5904 I chatty  : uid=1000(system) Binder_E expire 12 lines
02-24 12:03:11.042 30529 30529 E AndroidRuntime: FATAL EXCEPTION: main
02-24 12:03:11.042 30529 30529 E AndroidRuntime: Process: com.gusar.datingapp, PID: 30529
02-24 12:03:11.042 30529 30529 E AndroidRuntime: java.lang.IllegalStateException: Activity has been destroyed
02-24 12:03:11.042 30529 30529 E AndroidRuntime: 	at android.support.v4.app.FragmentManagerImpl.enqueueAction(FragmentManager.java:1511)
02-24 12:03:11.042 30529 30529 E AndroidRuntime: 	at android.support.v4.app.BackStackRecord.commitInternal(BackStackRecord.java:634)
02-24 12:03:11.042 30529 30529 E AndroidRuntime: 	at android.support.v4.app.BackStackRecord.commitAllowingStateLoss(BackStackRecord.java:617)
02-24 12:03:11.042 30529 30529 E AndroidRuntime: 	at com.gusar.datingapp.MainActivity$DownloadJSON.onPostExecute(MainActivity.java:172)
02-24 12:03:11.042 30529 30529 E AndroidRuntime: 	at com.gusar.datingapp.MainActivity$DownloadJSON.onPostExecute(MainActivity.java:125)
02-24 12:03:11.042 30529 30529 E AndroidRuntime: 	at android.os.AsyncTask.finish(AsyncTask.java:651)
02-24 12:03:11.042 30529 30529 E AndroidRuntime: 	at android.os.AsyncTask.-wrap1(AsyncTask.java)
02-24 12:03:11.042 30529 30529 E AndroidRuntime: 	at android.os.AsyncTask$InternalHandler.handleMessage(AsyncTask.java:668)
02-24 12:03:11.042 30529 30529 E AndroidRuntime: 	at android.os.Handler.dispatchMessage(Handler.java:102)
02-24 12:03:11.042 30529 30529 E AndroidRuntime: 	at android.os.Looper.loop(Looper.java:148)
02-24 12:03:11.042 30529 30529 E AndroidRuntime: 	at android.app.ActivityThread.main(ActivityThread.java:5417)
02-24 12:03:11.042 30529 30529 E AndroidRuntime: 	at java.lang.reflect.Method.invoke(Native Method)
02-24 12:03:11.042 30529 30529 E AndroidRuntime: 	at com.android.internal.os.ZygoteInit$MethodAndArgsCaller.run(ZygoteInit.java:726)
02-24 12:03:11.042 30529 30529 E AndroidRuntime: 	at com.android.internal.os.ZygoteInit.main(ZygoteInit.java:616)
02-24 12:03:16.870   919   929 I chatty  : uid=1000(system) Binder_1 expire 7 lines
02-24 12:03:34.274   919  3831 I chatty  : uid=1000(system) Binder_9 expire 6 lines
02-24 12:03:34.371   919  5626 I chatty  : uid=1000(system) Binder_C expire 10 lines
02-24 12:03:43.320   919   942 I chatty  : uid=1000(system) PackageManager expire 6 lines
02-24 12:03:43.786 30844 30844 I chatty  : uid=1000(system) expire 1 line
02-24 12:03:43.891   919   931 I chatty  : uid=1000(system) android.bg expire 2 lines
02-24 12:03:46.271   919  3109 I chatty  : uid=1000(system) WifiService expire 9 lines
02-24 12:03:52.470   919   934 I chatty  : uid=1000(system) android.fg expire 1 line
02-24 12:03:52.493   919  3482 I chatty  : uid=1000(system) Binder_4 expire 11 lines
02-24 12:04:00.779   919  3058 I chatty  : uid=1000(system) AlarmManager expire 1 line
02-24 12:04:52.933 31788 31799 D DefContainer: Copying /data/local/tmp/com.gusar.datingapp to base.apk
02-24 12:04:54.834   919   930 I chatty  : uid=1000(system) Binder_2 expire 4 lines
02-24 12:05:00.582   919  3110 I chatty  : uid=1000(system) ConnectivitySer expire 8 lines
02-24 12:05:09.140 32073 32073 E ActivityThread: Failed to find provider info for com.getpure.pure.MetricaContentProvider
02-24 12:05:11.886   919  5904 I chatty  : uid=1000(system) Binder_E expire 2 lines
02-24 12:05:12.341   919  5626 I chatty  : uid=1000(system) Binder_C expire 2 lines
02-24 12:05:13.695   919  3830 I chatty  : uid=1000(system) Binder_8 expire 1 line
02-24 12:05:27.009   351   389 D vold    : Remounting 10369 as mode read
02-24 12:05:27.016   351   389 D vold    : Found matching PID 31987
02-24 12:05:27.080   919  3101 I chatty  : uid=1000(system) VoldConnector expire 2 lines
02-24 12:05:27.082   919  3834 I chatty  : uid=1000(system) Binder_A expire 1 line
02-24 12:05:27.083   351   389 D vold    : Remounting 10369 as mode write
02-24 12:05:27.089   351   389 D vold    : Found matching PID 31987
02-24 12:05:28.452   919   937 I chatty  : uid=1000(system) android.display expire 11 lines
02-24 12:05:47.962 31987 31987 E AndroidRuntime: FATAL EXCEPTION: main
02-24 12:05:47.962 31987 31987 E AndroidRuntime: Process: com.gusar.datingapp, PID: 31987
02-24 12:05:47.962 31987 31987 E AndroidRuntime: java.lang.IllegalStateException: Activity has been destroyed
02-24 12:05:47.962 31987 31987 E AndroidRuntime: 	at android.support.v4.app.FragmentManagerImpl.enqueueAction(FragmentManager.java:1511)
02-24 12:05:47.962 31987 31987 E AndroidRuntime: 	at android.support.v4.app.BackStackRecord.commitInternal(BackStackRecord.java:634)
02-24 12:05:47.962 31987 31987 E AndroidRuntime: 	at android.support.v4.app.BackStackRecord.commitAllowingStateLoss(BackStackRecord.java:617)
02-24 12:05:47.962 31987 31987 E AndroidRuntime: 	at com.gusar.datingapp.MainActivity$DownloadJSON.onPostExecute(MainActivity.java:172)
02-24 12:05:47.962 31987 31987 E AndroidRuntime: 	at com.gusar.datingapp.MainActivity$DownloadJSON.onPostExecute(MainActivity.java:125)
02-24 12:05:47.962 31987 31987 E AndroidRuntime: 	at android.os.AsyncTask.finish(AsyncTask.java:651)
02-24 12:05:47.962 31987 31987 E AndroidRuntime: 	at android.os.AsyncTask.-wrap1(AsyncTask.java)
02-24 12:05:47.962 31987 31987 E AndroidRuntime: 	at android.os.AsyncTask$InternalHandler.handleMessage(AsyncTask.java:668)
02-24 12:05:47.962 31987 31987 E AndroidRuntime: 	at android.os.Handler.dispatchMessage(Handler.java:102)
02-24 12:05:47.962 31987 31987 E AndroidRuntime: 	at android.os.Looper.loop(Looper.java:148)
02-24 12:05:47.962 31987 31987 E AndroidRuntime: 	at android.app.ActivityThread.main(ActivityThread.java:5417)
02-24 12:05:47.962 31987 31987 E AndroidRuntime: 	at java.lang.reflect.Method.invoke(Native Method)
02-24 12:05:47.962 31987 31987 E AndroidRuntime: 	at com.android.internal.os.ZygoteInit$MethodAndArgsCaller.run(ZygoteInit.java:726)
02-24 12:05:47.962 31987 31987 E AndroidRuntime: 	at com.android.internal.os.ZygoteInit.main(ZygoteInit.java:616)
02-24 12:06:25.924   919  3482 I chatty  : uid=1000(system) Binder_4 expire 7 lines
02-24 12:06:51.907   919  3110 I chatty  : uid=1000(system) ConnectivitySer expire 26 lines
02-24 12:07:44.727   919   939 I chatty  : uid=1000(system) PowerManagerSer expire 12 lines
02-24 12:07:45.322   919   937 I chatty  : uid=1000(system) android.display expire 13 lines
02-24 12:07:45.634   919   934 I chatty  : uid=1000(system) android.fg expire 3 lines
02-24 12:07:46.344   919   919 I chatty  : uid=1000 system_server expire 10 lines
02-24 12:08:26.980   919  5901 I chatty  : uid=1000(system) Binder_D expire 7 lines
02-24 12:08:27.064   919  3831 I chatty  : uid=1000(system) Binder_9 expire 9 lines
02-24 12:10:28.065   919  5904 I chatty  : uid=1000(system) Binder_E expire 9 lines
02-24 12:10:28.300   919  3834 I chatty  : uid=1000(system) Binder_A expire 11 lines
02-24 12:10:48.006   919   933 I chatty  : uid=1000(system) android.ui expire 3 lines
02-24 12:10:48.068   919  3523 I chatty  : uid=1000(system) Binder_6 expire 6 lines
02-24 12:11:28.336   919   932 I chatty  : uid=1000(system) ActivityManager expire 7 lines
02-24 12:12:36.532   919  5905 I chatty  : uid=1000(system) Binder_F expire 8 lines
02-24 12:12:36.583 31111  5863 D DownloadManager: Removed 0 stale downloads
02-24 12:12:36.634 31111  5863 D DownloadManager: Found 37 files in database
02-24 12:12:36.634 31111  5863 D DownloadManager: Found 0 files on disk
02-24 12:12:36.943   919   930 I chatty  : uid=1000(system) Binder_2 expire 6 lines
02-24 12:14:38.228   919  3835 I chatty  : uid=1000(system) Binder_B expire 4 lines
02-24 12:14:47.660   919   929 I chatty  : uid=1000(system) Binder_1 expire 8 lines
02-24 12:14:49.935   919  3109 I chatty  : uid=1000(system) WifiService expire 6 lines
02-24 12:15:01.336   919  5908 I chatty  : uid=1000(system) Binder_10 expire 5 lines
02-24 12:15:04.714   919  3218 I chatty  : uid=1000(system) Binder_3 expire 7 lines
02-24 12:15:24.592   919  3521 I chatty  : uid=1000(system) Binder_5 expire 7 lines
02-24 12:16:04.224   919  5626 I chatty  : uid=1000(system) Binder_C expire 7 lines
02-24 12:16:04.790   919   931 I chatty  : uid=1000(system) android.bg expire 3 lines
02-24 12:16:04.912   919   942 I chatty  : uid=1000(system) PackageManager expire 6 lines
02-24 12:16:05.067   919  3616 I chatty  : uid=1000(system) Binder_7 expire 8 lines
02-24 12:16:05.433  7382  7382 I chatty  : uid=1000(system) /system/bin/ATFWD-daemon expire 1 line
02-24 12:16:14.826   919  3830 I chatty  : uid=1000(system) Binder_8 expire 2 lines
02-24 12:16:51.904  7863  7873 D DefContainer: Copying /data/local/tmp/com.gusar.datingapp to base.apk
02-24 12:16:57.232   919  3110 I chatty  : uid=1000(system) ConnectivitySer expire 32 lines
02-24 12:17:07.495  8051  8051 E ActivityThread: Failed to find provider info for com.getpure.pure.MetricaContentProvider
02-24 12:17:14.493   919  3834 I chatty  : uid=1000(system) Binder_A expire 1 line
02-24 12:17:14.527   351   389 D vold    : Remounting 10370 as mode read
02-24 12:17:14.536   351   389 D vold    : Found matching PID 8014
02-24 12:17:14.673   919  3101 I chatty  : uid=1000(system) VoldConnector expire 2 lines
02-24 12:17:14.674   351   389 D vold    : Remounting 10370 as mode write
02-24 12:17:14.680   351   389 D vold    : Found matching PID 8014
02-24 12:22:00.385   919   939 I chatty  : uid=1000(system) PowerManagerSer expire 10 lines
02-24 12:22:00.989   919   937 I chatty  : uid=1000(system) android.display expire 6 lines
02-24 12:22:02.150   919   919 I chatty  : uid=1000 system_server expire 11 lines
02-24 12:23:07.219   919   937 I chatty  : uid=1000(system) android.display expire 6 lines
02-24 12:25:00.500   919  5901 I chatty  : uid=1000(system) Binder_D expire 12 lines
02-24 12:30:01.461   919  3831 I chatty  : uid=1000(system) Binder_9 expire 11 lines
02-24 12:30:01.870   919  3616 I chatty  : uid=1000(system) Binder_7 expire 8 lines
02-24 12:30:36.430   919  3521 I chatty  : uid=1000(system) Binder_5 expire 6 lines
02-24 12:30:36.487   919  5905 I chatty  : uid=1000(system) Binder_F expire 5 lines
02-24 12:30:37.292   919  3218 I chatty  : uid=1000(system) Binder_3 expire 6 lines
02-24 12:30:37.395   919  3681 I chatty  : uid=1000(system) FLP Service Cal expire 1 line
02-24 12:30:39.733   919   932 I chatty  : uid=1000(system) ActivityManager expire 13 lines
02-24 12:30:40.140   919   930 I chatty  : uid=1000(system) Binder_2 expire 12 lines
02-24 12:30:40.141   919  3110 I chatty  : uid=1000(system) ConnectivitySer expire 36 lines
02-24 12:30:40.147   919  3830 I chatty  : uid=1000(system) Binder_8 expire 6 lines
02-24 12:30:40.260   919   931 I chatty  : uid=1000(system) android.bg expire 5 lines
02-24 12:31:19.045   919  3523 I chatty  : uid=1000(system) Binder_6 expire 7 lines
02-24 12:36:13.305   919  5908 I chatty  : uid=1000(system) Binder_10 expire 11 lines
02-24 12:36:13.400   919  3834 I chatty  : uid=1000(system) Binder_A expire 10 lines
02-24 12:36:15.512   919  5904 I chatty  : uid=1000(system) Binder_E expire 8 lines
02-24 12:36:15.527   919  3109 I chatty  : uid=1000(system) WifiService expire 6 lines
02-24 12:41:16.005   919  5626 I chatty  : uid=1000(system) Binder_C expire 14 lines
02-24 12:51:15.704   919   929 I chatty  : uid=1000(system) Binder_1 expire 6 lines
02-24 12:56:48.997   919  3058 I chatty  : uid=1000(system) AlarmManager expire 2 lines
02-24 12:56:49.012   919  3835 I chatty  : uid=1000(system) Binder_B expire 8 lines
02-24 13:00:27.124   919   939 I chatty  : uid=1000(system) PowerManagerSer expire 6 lines
02-24 13:00:27.176   919   934 I chatty  : uid=1000(system) android.fg expire 2 lines
02-24 13:00:29.201   919  3482 I chatty  : uid=1000(system) Binder_4 expire 2 lines
02-24 13:02:40.285   919   942 I chatty  : uid=1000(system) PackageManager expire 6 lines
02-24 13:02:42.043  7337  7347 D DefContainer: Copying /data/local/tmp/com.gusar.datingapp to base.apk
02-24 13:02:43.466   919  3110 I chatty  : uid=1000(system) ConnectivitySer expire 10 lines
02-24 13:02:54.333   919   932 I chatty  : uid=1000(system) ActivityManager expire 6 lines
02-24 13:02:55.584  7415  7415 I chatty  : uid=1000(system) expire 1 line
02-24 13:03:03.933  7865  7865 E ActivityThread: Failed to find provider info for com.getpure.pure.MetricaContentProvider
02-24 13:03:28.915  8769  8769 W ActivityThread: Application com.gusar.datingapp is waiting for the debugger on port 8100...
02-24 13:03:31.834   919   930 I chatty  : uid=1000(system) Binder_2 expire 1 line
02-24 13:04:33.223   919  3831 I chatty  : uid=1000(system) Binder_9 expire 2 lines
02-24 13:04:39.400   919  5908 I chatty  : uid=1000(system) Binder_10 expire 2 lines
02-24 13:04:39.489  9842  9842 W ActivityThread: Application com.gusar.datingapp is waiting for the debugger on port 8100...
02-24 13:04:41.034   919  3110 I chatty  : uid=1000(system) ConnectivitySer expire 10 lines
02-24 13:04:48.302   919  5901 I chatty  : uid=1000(system) Binder_D expire 4 lines
02-24 13:06:49.518   919   919 I chatty  : uid=1000 system_server expire 22 lines
02-24 13:06:59.755   919   939 I chatty  : uid=1000(system) PowerManagerSer expire 36 lines
02-24 13:06:59.757   919   937 I chatty  : uid=1000(system) android.display expire 30 lines
02-24 13:07:18.109   919   929 I chatty  : uid=1000(system) Binder_1 expire 13 lines
02-24 13:07:18.154   919  5626 I chatty  : uid=1000(system) Binder_C expire 5 lines
02-24 13:07:18.218   919  3482 I chatty  : uid=1000(system) Binder_4 expire 4 lines
02-24 13:07:18.242   919  3835 I chatty  : uid=1000(system) Binder_B expire 8 lines
02-24 13:07:18.248   919  5905 I chatty  : uid=1000(system) Binder_F expire 5 lines
02-24 13:07:20.965   919  3834 I chatty  : uid=1000(system) Binder_A expire 5 lines
02-24 13:07:20.966   919   934 I chatty  : uid=1000(system) android.fg expire 7 lines
02-24 13:07:21.023   919  3110 I chatty  : uid=1000(system) ConnectivitySer expire 73 lines
02-24 13:07:21.359   919  3831 I chatty  : uid=1000(system) Binder_9 expire 5 lines
02-24 13:07:21.448   919  3616 I chatty  : uid=1000(system) Binder_7 expire 5 lines
02-24 13:07:22.474   919  3218 I chatty  : uid=1000(system) Binder_3 expire 4 lines
02-24 13:07:24.272   919   930 I chatty  : uid=1000(system) Binder_2 expire 3 lines
02-24 13:07:31.950   919  3521 I chatty  : uid=1000(system) Binder_5 expire 5 lines
02-24 13:07:32.026 12935 12935 W ActivityThread: Application com.gusar.datingapp is waiting for the debugger on port 8100...
02-24 13:07:40.311   919  3830 I chatty  : uid=1000(system) Binder_8 expire 6 lines
02-24 13:08:15.875   919  3073 I chatty  : uid=1000(system) InputReader expire 2 lines
02-24 13:11:47.943   919   932 I chatty  : uid=1000(system) ActivityManager expire 2 lines
02-24 13:15:08.017   919  3523 I chatty  : uid=1000(system) Binder_6 expire 1 line
02-24 13:16:17.409   919   931 I chatty  : uid=1000(system) android.bg expire 5 lines
02-24 13:17:36.636   919  5908 I chatty  : uid=1000(system) Binder_10 expire 1 line
02-24 13:17:37.433   919  3681 I chatty  : uid=1000(system) FLP Service Cal expire 3 lines
02-24 13:17:57.387   919  5904 I chatty  : uid=1000(system) Binder_E expire 13 lines
02-24 13:48:59.459   919  5626 I chatty  : uid=1000(system) Binder_C expire 5 lines
02-24 13:49:51.933   919  5908 I chatty  : uid=1000(system) Binder_10 expire 7 lines
02-24 13:49:51.978   919  3681 I chatty  : uid=1000(system) FLP Service Cal expire 1 line
02-24 13:49:54.642   919   932 I chatty  : uid=1000(system) ActivityManager expire 8 lines
02-24 13:49:54.652   919  3523 I chatty  : uid=1000(system) Binder_6 expire 7 lines
02-24 13:49:54.652   919  3110 I chatty  : uid=1000(system) ConnectivitySer expire 61 lines
02-24 13:49:54.747   919   931 I chatty  : uid=1000(system) android.bg expire 2 lines
02-24 13:50:11.989   919  3830 I chatty  : uid=1000(system) Binder_8 expire 15 lines
02-24 13:51:01.347   919  5905 I chatty  : uid=1000(system) Binder_F expire 2 lines
02-24 13:51:01.398   919  3218 I chatty  : uid=1000(system) Binder_3 expire 5 lines
02-24 13:53:21.887   919   929 I chatty  : uid=1000(system) Binder_1 expire 12 lines
02-24 13:53:21.911   919  3831 I chatty  : uid=1000(system) Binder_9 expire 6 lines
02-24 13:53:21.954   919   930 I chatty  : uid=1000(system) Binder_2 expire 6 lines
02-24 13:53:22.014   919  3616 I chatty  : uid=1000(system) Binder_7 expire 3 lines
02-24 13:53:49.368   919   919 I chatty  : uid=1000 system_server expire 22 lines
02-24 13:53:49.373   919   939 I chatty  : uid=1000(system) PowerManagerSer expire 22 lines
02-24 13:53:49.392   919   934 I chatty  : uid=1000(system) android.fg expire 6 lines
02-24 13:53:49.393   919   937 I chatty  : uid=1000(system) android.display expire 17 lines
02-24 13:53:49.637   919   933 I chatty  : uid=1000(system) android.ui expire 2 lines
02-24 13:53:51.941   919  3072 I chatty  : uid=1000(system) InputDispatcher expire 1 line
02-24 13:54:14.941   919  3073 I chatty  : uid=1000(system) InputReader expire 2 lines
02-24 13:55:06.497   919  3521 I chatty  : uid=1000(system) Binder_5 expire 4 lines
02-24 13:57:49.885   919  3106 I chatty  : uid=1000(system) NetworkPolicy expire 1 line
02-24 13:57:51.718   919  3834 I chatty  : uid=1000(system) Binder_A expire 11 lines
02-24 13:57:53.267   919  3482 I chatty  : uid=1000(system) Binder_4 expire 4 lines
02-24 13:57:54.075   919  3109 I chatty  : uid=1000(system) WifiService expire 5 lines
02-24 13:57:54.676   919  5901 I chatty  : uid=1000(system) Binder_D expire 3 lines
02-24 14:07:21.453   919  3835 I chatty  : uid=1000(system) Binder_B expire 10 lines
02-24 14:11:23.162   919   939 I chatty  : uid=1000(system) PowerManagerSer expire 20 lines
02-24 14:11:23.169   919   937 I chatty  : uid=1000(system) android.display expire 14 lines
02-24 14:11:25.955   919  5904 I chatty  : uid=1000(system) Binder_E expire 7 lines
02-24 14:11:26.029   919  3831 I chatty  : uid=1000(system) Binder_9 expire 7 lines
02-24 14:11:26.479 15704 16490 W ActivityThread: ClassLoader.loadClass: The class loader returned by Thread.getContextClassLoader() may fail for processes that host multiple applications. You should explicitly specify a context class loader. For example: Thread.setContextClassLoader(getClass().getClassLoader());
02-24 14:12:19.396   919   932 I chatty  : uid=1000(system) ActivityManager expire 8 lines
02-24 14:13:28.330   919  3616 I chatty  : uid=1000(system) Binder_7 expire 7 lines
02-24 14:13:28.416   919   930 I chatty  : uid=1000(system) Binder_2 expire 8 lines
02-24 14:13:45.435   919   919 I chatty  : uid=1000 system_server expire 16 lines
02-24 14:13:45.503   919  3834 I chatty  : uid=1000(system) Binder_A expire 4 lines
02-24 14:13:45.514   919  3110 I chatty  : uid=1000(system) ConnectivitySer expire 16 lines
02-24 14:13:45.713   919   934 I chatty  : uid=1000(system) android.fg expire 8 lines
02-24 14:13:47.027   919  3072 I chatty  : uid=1000(system) InputDispatcher expire 3 lines
02-24 14:13:47.909   919   929 I chatty  : uid=1000(system) Binder_1 expire 4 lines
02-24 14:13:48.553   919  3830 I chatty  : uid=1000(system) Binder_8 expire 11 lines
