02-23 16:11:52.880   919  3058 I chatty  : uid=1000(system) AlarmManager expire 2 lines
02-23 16:13:28.942 20760 20760 I chatty  : uid=1000(system) expire 1 line
02-23 16:13:30.511   919  3218 I chatty  : uid=1000(system) Binder_3 expire 5 lines
02-23 16:15:46.927 21266 21276 D DefContainer: Copying /data/local/tmp/com.gusar.datingapp to base.apk
02-23 16:15:48.314   919  3110 I chatty  : uid=1000(system) ConnectivitySer expire 2 lines
02-23 16:15:59.804   919   942 I chatty  : uid=1000(system) PackageManager expire 7 lines
02-23 16:15:59.824   919  5626 I chatty  : uid=1000(system) Binder_C expire 8 lines
02-23 16:16:00.192   919   932 I chatty  : uid=1000(system) ActivityManager expire 11 lines
02-23 16:16:00.386   919   931 I chatty  : uid=1000(system) android.bg expire 4 lines
02-23 16:16:00.414   919  3831 I chatty  : uid=1000(system) Binder_9 expire 6 lines
02-23 16:16:00.619   919  5901 I chatty  : uid=1000(system) Binder_D expire 8 lines
02-23 16:16:00.621   919   929 I chatty  : uid=1000(system) Binder_1 expire 4 lines
02-23 16:16:00.754   919  3521 I chatty  : uid=1000(system) Binder_5 expire 4 lines
02-23 16:16:00.797   919  3109 I chatty  : uid=1000(system) WifiService expire 2 lines
02-23 16:16:00.801   919  3834 I chatty  : uid=1000(system) Binder_A expire 5 lines
02-23 16:16:01.788 19508 19508 E ActivityThread: Failed to find provider info for com.getpure.pure.MetricaContentProvider
02-23 16:16:02.105   919  3482 I chatty  : uid=1000(system) Binder_4 expire 9 lines
02-23 16:16:03.080   919  3835 I chatty  : uid=1000(system) Binder_B expire 3 lines
02-23 16:16:03.283   919  5904 I chatty  : uid=1000(system) Binder_E expire 8 lines
02-23 16:16:03.366   919  3218 I chatty  : uid=1000(system) Binder_3 expire 4 lines
02-23 16:16:06.386   919  3110 I chatty  : uid=1000(system) ConnectivitySer expire 52 lines
02-23 16:16:07.519   919   930 I chatty  : uid=1000(system) Binder_2 expire 9 lines
02-23 16:16:08.852   351   389 D vold    : Remounting 10350 as mode read
02-23 16:16:08.860   351   389 D vold    : Found matching PID 21355
02-23 16:16:08.918   919  3101 I chatty  : uid=1000(system) VoldConnector expire 2 lines
02-23 16:16:08.920   351   389 D vold    : Remounting 10350 as mode write
02-23 16:16:08.930   351   389 D vold    : Found matching PID 21355
02-23 16:17:48.953   919  5905 I chatty  : uid=1000(system) Binder_F expire 5 lines
02-23 16:18:15.103   919  3073 I chatty  : uid=1000(system) InputReader expire 3 lines
02-23 16:18:15.787   919   937 I chatty  : uid=1000(system) android.display expire 23 lines
02-23 16:18:16.089   919   939 I chatty  : uid=1000(system) PowerManagerSer expire 29 lines
02-23 16:18:16.089   919   934 I chatty  : uid=1000(system) android.fg expire 6 lines
02-23 16:18:16.923   919   919 I chatty  : uid=1000 system_server expire 24 lines
02-23 16:20:23.264   919  5908 I chatty  : uid=1000(system) Binder_10 expire 6 lines
02-23 16:21:56.326   919  3523 I chatty  : uid=1000(system) Binder_6 expire 4 lines
02-23 16:24:07.754 29380 29380 I chatty  : uid=1000(system) expire 1 line
02-23 16:24:12.703   919  3830 I chatty  : uid=1000(system) Binder_8 expire 3 lines
02-23 16:25:31.512   919  3616 I chatty  : uid=1000(system) Binder_7 expire 1 line
02-23 16:25:32.660 29805 29820 D DefContainer: Copying /data/local/tmp/com.gusar.datingapp to base.apk
02-23 16:25:34.375   919  3110 I chatty  : uid=1000(system) ConnectivitySer expire 4 lines
02-23 16:25:46.441   919   932 I chatty  : uid=1000(system) ActivityManager expire 33 lines
02-23 16:25:46.734   919  5908 I chatty  : uid=1000(system) Binder_10 expire 4 lines
02-23 16:25:46.847   919   929 I chatty  : uid=1000(system) Binder_1 expire 3 lines
02-23 16:25:46.853   919  3616 I chatty  : uid=1000(system) Binder_7 expire 4 lines
02-23 16:25:46.892   919  5901 I chatty  : uid=1000(system) Binder_D expire 3 lines
02-23 16:25:46.917   919  3834 I chatty  : uid=1000(system) Binder_A expire 4 lines
02-23 16:25:46.983   919  3831 I chatty  : uid=1000(system) Binder_9 expire 1 line
02-23 16:25:47.067   919  3523 I chatty  : uid=1000(system) Binder_6 expire 3 lines
02-23 16:25:47.907   919  3830 I chatty  : uid=1000(system) Binder_8 expire 22 lines
02-23 16:25:48.951 30065 30065 E ActivityThread: Failed to find provider info for com.getpure.pure.MetricaContentProvider
02-23 16:25:48.964   919   930 I chatty  : uid=1000(system) Binder_2 expire 1 line
02-23 16:25:49.000   919  3109 I chatty  : uid=1000(system) WifiService expire 2 lines
02-23 16:25:52.467   919  3110 I chatty  : uid=1000(system) ConnectivitySer expire 42 lines
02-23 16:25:58.883   919  3218 I chatty  : uid=1000(system) Binder_3 expire 10 lines
02-23 16:25:59.201   919  5905 I chatty  : uid=1000(system) Binder_F expire 2 lines
02-23 16:25:59.767   351   389 D vold    : Remounting 10351 as mode read
02-23 16:25:59.775   351   389 D vold    : Found matching PID 29982
02-23 16:25:59.838   919  3101 I chatty  : uid=1000(system) VoldConnector expire 2 lines
02-23 16:25:59.839   919  5904 I chatty  : uid=1000(system) Binder_E expire 4 lines
02-23 16:25:59.840   351   389 D vold    : Remounting 10351 as mode write
02-23 16:25:59.850   351   389 D vold    : Found matching PID 29982
02-23 16:26:07.121   919  3073 I chatty  : uid=1000(system) InputReader expire 2 lines
02-23 16:26:07.770   919   939 I chatty  : uid=1000(system) PowerManagerSer expire 13 lines
02-23 16:26:07.776   919   937 I chatty  : uid=1000(system) android.display expire 16 lines
02-23 16:26:08.085   919   934 I chatty  : uid=1000(system) android.fg expire 3 lines
02-23 16:26:08.351   919   919 I chatty  : uid=1000 system_server expire 40 lines
02-23 16:27:02.011   919  4172 I chatty  : uid=1000(system) AsyncQueryWorke expire 1 line
02-23 16:27:02.360   919 31440 I chatty  : uid=1000 system_server expire 3 lines
02-23 16:27:02.642   919  5626 I chatty  : uid=1000(system) Binder_C expire 1 line
02-23 16:27:04.758   919  3835 I chatty  : uid=1000(system) Binder_B expire 34 lines
02-23 16:28:25.084   919  3482 I chatty  : uid=1000(system) Binder_4 expire 2 lines
02-23 16:30:08.637   919  3521 I chatty  : uid=1000(system) Binder_5 expire 11 lines
02-23 16:32:38.952   919   939 I chatty  : uid=1000(system) PowerManagerSer expire 21 lines
02-23 16:32:38.953   919   934 I chatty  : uid=1000(system) android.fg expire 5 lines
02-23 16:32:39.170   919   919 I chatty  : uid=1000 system_server expire 18 lines
02-23 16:32:39.409   919   937 I chatty  : uid=1000(system) android.display expire 14 lines
02-23 16:32:59.628   919  3834 I chatty  : uid=1000(system) Binder_A expire 8 lines
02-23 16:32:59.772   919   930 I chatty  : uid=1000(system) Binder_2 expire 6 lines
02-23 16:33:00.032   919  3110 I chatty  : uid=1000(system) ConnectivitySer expire 27 lines
02-23 16:33:00.125   919  5901 I chatty  : uid=1000(system) Binder_D expire 10 lines
02-23 16:33:00.188   919  5904 I chatty  : uid=1000(system) Binder_E expire 8 lines
02-23 16:33:03.344   919  3218 I chatty  : uid=1000(system) Binder_3 expire 5 lines
02-23 16:33:32.479   919  3523 I chatty  : uid=1000(system) Binder_6 expire 9 lines
02-23 16:35:01.184   919  3616 I chatty  : uid=1000(system) Binder_7 expire 10 lines
02-23 16:39:03.550   919  5626 I chatty  : uid=1000(system) Binder_C expire 3 lines
02-23 16:39:33.161   919  3830 I chatty  : uid=1000(system) Binder_8 expire 13 lines
02-23 16:39:33.405   919  3831 I chatty  : uid=1000(system) Binder_9 expire 5 lines
02-23 16:39:36.573   919  3482 I chatty  : uid=1000(system) Binder_4 expire 10 lines
02-23 16:39:40.569   919   932 I chatty  : uid=1000(system) ActivityManager expire 6 lines
02-23 16:39:41.081   919   942 I chatty  : uid=1000(system) PackageManager expire 6 lines
02-23 16:39:41.474  6707  6707 I chatty  : uid=1000(system) expire 1 line
02-23 16:39:41.583   919   931 I chatty  : uid=1000(system) android.bg expire 3 lines
02-23 16:39:44.601   919  3109 I chatty  : uid=1000(system) WifiService expire 3 lines
02-23 16:39:48.902   919   929 I chatty  : uid=1000(system) Binder_1 expire 6 lines
02-23 16:40:00.140   919  5908 I chatty  : uid=1000(system) Binder_10 expire 7 lines
02-23 16:40:04.321   919  5905 I chatty  : uid=1000(system) Binder_F expire 5 lines
02-23 16:40:58.805  7192  7204 D DefContainer: Copying /data/local/tmp/com.gusar.datingapp to base.apk
02-23 16:41:13.170   919  3835 I chatty  : uid=1000(system) Binder_B expire 5 lines
02-23 16:41:15.253  7351  7351 E ActivityThread: Failed to find provider info for com.getpure.pure.MetricaContentProvider
02-23 16:41:20.668   351   389 D vold    : Remounting 10352 as mode read
02-23 16:41:20.683   351   389 D vold    : Found matching PID 7300
02-23 16:41:20.750   919  3101 I chatty  : uid=1000(system) VoldConnector expire 2 lines
02-23 16:41:20.751   351   389 D vold    : Remounting 10352 as mode write
02-23 16:41:20.758   351   389 D vold    : Found matching PID 7300
02-23 16:41:46.823   919   919 I chatty  : uid=1000 system_server expire 2 lines
02-23 16:41:48.600   919  5901 I chatty  : uid=1000(system) Binder_D expire 3 lines
02-23 16:42:34.077   919  3110 I chatty  : uid=1000(system) ConnectivitySer expire 22 lines
02-23 16:45:02.962   919   933 I chatty  : uid=1000(system) android.ui expire 1 line
02-23 16:45:03.213   919   937 I chatty  : uid=1000(system) android.display expire 18 lines
02-23 16:45:15.815   919  3218 I chatty  : uid=1000(system) Binder_3 expire 2 lines
02-23 16:45:15.887   919  5626 I chatty  : uid=1000(system) Binder_C expire 7 lines
02-23 16:45:17.934   919   933 I chatty  : uid=1000(system) android.ui expire 10 lines
02-23 16:45:28.958   919  3110 I chatty  : uid=1000(system) ConnectivitySer expire 26 lines
02-23 16:45:49.262   919   932 I chatty  : uid=1000(system) ActivityManager expire 7 lines
02-23 16:45:49.691   919  3834 I chatty  : uid=1000(system) Binder_A expire 4 lines
02-23 16:45:50.496   919  3523 I chatty  : uid=1000(system) Binder_6 expire 5 lines
02-23 16:45:51.467   919  3835 I chatty  : uid=1000(system) Binder_B expire 12 lines
02-23 16:45:54.095   919  5905 I chatty  : uid=1000(system) Binder_F expire 7 lines
02-23 16:46:12.308   919  5904 I chatty  : uid=1000(system) Binder_E expire 4 lines
02-23 16:46:25.114   919  3616 I chatty  : uid=1000(system) Binder_7 expire 3 lines
02-23 16:46:25.185   919  3830 I chatty  : uid=1000(system) Binder_8 expire 9 lines
02-23 16:46:31.362   919   929 I chatty  : uid=1000(system) Binder_1 expire 7 lines
02-23 16:46:42.526   919  3521 I chatty  : uid=1000(system) Binder_5 expire 4 lines
02-23 16:46:44.943   919   930 I chatty  : uid=1000(system) Binder_2 expire 12 lines
02-23 16:46:45.109   919  5908 I chatty  : uid=1000(system) Binder_10 expire 8 lines
02-23 16:46:45.989   919  5901 I chatty  : uid=1000(system) Binder_D expire 8 lines
02-23 16:46:50.086   919  3482 I chatty  : uid=1000(system) Binder_4 expire 9 lines
02-23 16:48:49.925   919   939 I chatty  : uid=1000(system) PowerManagerSer expire 10 lines
02-23 16:48:50.859   919   934 I chatty  : uid=1000(system) android.fg expire 4 lines
02-23 16:48:51.776   919   919 I chatty  : uid=1000 system_server expire 10 lines
02-23 16:49:31.106   919  3831 I chatty  : uid=1000(system) Binder_9 expire 5 lines
02-23 16:49:31.630   919   942 I chatty  : uid=1000(system) PackageManager expire 6 lines
02-23 16:49:31.869 16432 16432 I chatty  : uid=1000(system) expire 1 line
02-23 16:49:32.483   919   931 I chatty  : uid=1000(system) android.bg expire 2 lines
02-23 16:49:34.837   919  3109 I chatty  : uid=1000(system) WifiService expire 2 lines
02-23 16:50:46.908 16848 16858 D DefContainer: Copying /data/local/tmp/com.gusar.datingapp to base.apk
02-23 16:50:54.884   919  3110 I chatty  : uid=1000(system) ConnectivitySer expire 12 lines
02-23 16:51:03.575 17015 17015 E ActivityThread: Failed to find provider info for com.getpure.pure.MetricaContentProvider
02-23 16:51:07.055   919   937 I chatty  : uid=1000(system) android.display expire 12 lines
02-23 16:51:32.800  3207  3207 V DeadZone: consuming errant click: (60.0,0.0)
02-23 16:53:34.333   919   939 I chatty  : uid=1000(system) PowerManagerSer expire 8 lines
02-23 16:53:35.640   919   919 I chatty  : uid=1000 system_server expire 7 lines
02-23 16:54:05.437   351   389 D vold    : Remounting 10353 as mode read
02-23 16:54:05.444   351   389 D vold    : Found matching PID 16928
02-23 16:54:05.496   919  3101 I chatty  : uid=1000(system) VoldConnector expire 2 lines
02-23 16:54:05.497   351   389 D vold    : Remounting 10353 as mode write
02-23 16:54:05.503   351   389 D vold    : Found matching PID 16928
02-23 16:55:03.754   919  3110 I chatty  : uid=1000(system) ConnectivitySer expire 27 lines
02-23 16:56:10.549   919  5901 I chatty  : uid=1000(system) Binder_D expire 11 lines
02-23 16:56:10.586   919  3835 I chatty  : uid=1000(system) Binder_B expire 9 lines
02-23 16:56:10.656   919  5908 I chatty  : uid=1000(system) Binder_10 expire 8 lines
02-23 16:56:10.701   919  3523 I chatty  : uid=1000(system) Binder_6 expire 7 lines
02-23 16:56:10.767   919   937 I chatty  : uid=1000(system) android.display expire 19 lines
02-23 16:56:16.023   919  5905 I chatty  : uid=1000(system) Binder_F expire 6 lines
02-23 16:56:16.764   919  3218 I chatty  : uid=1000(system) Binder_3 expire 8 lines
02-23 16:56:16.858   919   932 I chatty  : uid=1000(system) ActivityManager expire 11 lines
02-23 16:56:17.281   919   942 I chatty  : uid=1000(system) PackageManager expire 11 lines
02-23 16:56:17.375   919  3616 I chatty  : uid=1000(system) Binder_7 expire 4 lines
02-23 16:56:17.479 22230 22230 I chatty  : uid=1000(system) expire 1 line
02-23 16:56:17.619   919   931 I chatty  : uid=1000(system) android.bg expire 5 lines
02-23 16:56:17.632   919  5904 I chatty  : uid=1000(system) Binder_E expire 7 lines
02-23 16:56:17.895   919   919 I chatty  : uid=1000 system_server expire 10 lines
02-23 16:56:17.978   919  3521 I chatty  : uid=1000(system) Binder_5 expire 6 lines
02-23 16:56:18.499   919  3831 I chatty  : uid=1000(system) Binder_9 expire 3 lines
02-23 16:56:19.588   919  3109 I chatty  : uid=1000(system) WifiService expire 3 lines
02-23 16:56:21.181   919  5626 I chatty  : uid=1000(system) Binder_C expire 5 lines
02-23 16:56:21.356   919   929 I chatty  : uid=1000(system) Binder_1 expire 3 lines
02-23 16:56:32.621   919  3058 I chatty  : uid=1000(system) AlarmManager expire 1 line
02-23 16:56:33.109   919  3830 I chatty  : uid=1000(system) Binder_8 expire 7 lines
02-23 16:56:37.217   919  3482 I chatty  : uid=1000(system) Binder_4 expire 3 lines
02-23 16:56:52.184   919  3072 I chatty  : uid=1000(system) InputDispatcher expire 1 line
02-23 16:57:32.699   919  3073 I chatty  : uid=1000(system) InputReader expire 1 line
02-23 16:57:33.644   919   939 I chatty  : uid=1000(system) PowerManagerSer expire 16 lines
02-23 16:57:33.653   919   934 I chatty  : uid=1000(system) android.fg expire 4 lines
02-23 16:57:36.518   919   930 I chatty  : uid=1000(system) Binder_2 expire 4 lines
02-23 16:57:39.799 22877 22889 D DefContainer: Copying /data/local/tmp/com.gusar.datingapp to base.apk
02-23 16:57:53.426   919  3110 I chatty  : uid=1000(system) ConnectivitySer expire 19 lines
02-23 16:57:56.038 23091 23091 E ActivityThread: Failed to find provider info for com.getpure.pure.MetricaContentProvider
02-23 16:57:57.159   919   933 I chatty  : uid=1000(system) android.ui expire 2 lines
02-23 16:57:57.261   919   937 I chatty  : uid=1000(system) android.display expire 12 lines
02-23 17:00:27.812   919   919 I chatty  : uid=1000 system_server expire 13 lines
02-23 17:01:05.686   919  3834 I chatty  : uid=1000(system) Binder_A expire 6 lines
02-23 17:01:11.102 23091 23091 E ActivityThread: Failed to find provider info for com.getpure.pure.MetricaContentProvider
02-23 17:01:37.146   919   939 I chatty  : uid=1000(system) PowerManagerSer expire 5 lines
02-23 17:03:45.823   919  3110 I chatty  : uid=1000(system) ConnectivitySer expire 4 lines
02-23 17:05:02.276   919   942 I chatty  : uid=1000(system) PackageManager expire 4 lines
02-23 17:05:02.541 29866 29866 I chatty  : uid=1000(system) expire 2 lines
02-23 17:05:10.382   919  5905 I chatty  : uid=1000(system) Binder_F expire 10 lines
02-23 17:05:11.976   919  3482 I chatty  : uid=1000(system) Binder_4 expire 3 lines
02-23 17:05:12.061   919  5901 I chatty  : uid=1000(system) Binder_D expire 8 lines
02-23 17:05:13.024   919   919 I chatty  : uid=1000 system_server expire 8 lines
02-23 17:05:15.848   919   931 I chatty  : uid=1000(system) android.bg expire 2 lines
02-23 17:05:28.330   919  3110 I chatty  : uid=1000(system) ConnectivitySer expire 14 lines
02-23 17:05:58.000   919  3521 I chatty  : uid=1000(system) Binder_5 expire 11 lines
02-23 17:05:58.050   919  5908 I chatty  : uid=1000(system) Binder_10 expire 11 lines
02-23 17:05:58.108   919  3834 I chatty  : uid=1000(system) Binder_A expire 5 lines
02-23 17:05:58.266   919  5626 I chatty  : uid=1000(system) Binder_C expire 10 lines
02-23 17:06:00.177   919  3523 I chatty  : uid=1000(system) Binder_6 expire 8 lines
02-23 17:06:38.226   919   942 I chatty  : uid=1000(system) PackageManager expire 3 lines
02-23 17:06:39.763 30317 30327 D DefContainer: Copying /data/local/tmp/com.gusar.datingapp to base.apk
02-23 17:06:53.144   919   930 I chatty  : uid=1000(system) Binder_2 expire 5 lines
02-23 17:06:53.563   919   932 I chatty  : uid=1000(system) ActivityManager expire 5 lines
02-23 17:06:53.822   919  3616 I chatty  : uid=1000(system) Binder_7 expire 6 lines
02-23 17:06:53.946   919  3830 I chatty  : uid=1000(system) Binder_8 expire 9 lines
02-23 17:06:55.365   919  5904 I chatty  : uid=1000(system) Binder_E expire 7 lines
02-23 17:06:56.352 30479 30479 E ActivityThread: Failed to find provider info for com.getpure.pure.MetricaContentProvider
02-23 17:07:01.599   351   389 D vold    : Remounting 10356 as mode read
02-23 17:07:01.613   351   389 D vold    : Found matching PID 30418
02-23 17:07:01.623   919  3101 I chatty  : uid=1000(system) VoldConnector expire 2 lines
02-23 17:07:01.625   919   929 I chatty  : uid=1000(system) Binder_1 expire 10 lines
02-23 17:07:01.626   351   389 D vold    : Remounting 10356 as mode write
02-23 17:07:01.633   351   389 D vold    : Found matching PID 30418
02-23 17:07:06.023   919  3835 I chatty  : uid=1000(system) Binder_B expire 5 lines
02-23 17:07:10.421   919   933 I chatty  : uid=1000(system) android.ui expire 26 lines
02-23 17:07:10.656   919   937 I chatty  : uid=1000(system) android.display expire 12 lines
02-23 17:07:12.513   919  3109 I chatty  : uid=1000(system) WifiService expire 1 line
02-23 17:07:17.047   919  3218 I chatty  : uid=1000(system) Binder_3 expire 3 lines
02-23 17:08:01.648 31810 31810 W ActivityThread: Application com.gusar.datingapp is waiting for the debugger on port 8100...
02-23 17:08:03.623   919   937 I chatty  : uid=1000(system) android.display expire 38 lines
02-23 17:08:49.393   919  3831 I chatty  : uid=1000(system) Binder_9 expire 4 lines
02-23 17:08:49.497 32610 32610 W ActivityThread: Application com.gusar.datingapp is waiting for the debugger on port 8100...
02-23 17:09:17.515   919  3110 I chatty  : uid=1000(system) ConnectivitySer expire 21 lines
02-23 17:09:20.104   919   939 I chatty  : uid=1000(system) PowerManagerSer expire 6 lines
02-23 17:09:21.072   919   934 I chatty  : uid=1000(system) android.fg expire 6 lines
02-23 17:14:19.696   919  3110 I chatty  : uid=1000(system) ConnectivitySer expire 35 lines
02-23 17:14:36.685   919   932 I chatty  : uid=1000(system) ActivityManager expire 11 lines
02-23 17:15:01.505   919  3616 I chatty  : uid=1000(system) Binder_7 expire 7 lines
02-23 17:15:44.063   919  5908 I chatty  : uid=1000(system) Binder_10 expire 4 lines
02-23 17:15:44.067   919  3834 I chatty  : uid=1000(system) Binder_A expire 9 lines
02-23 17:15:44.463   919  3482 I chatty  : uid=1000(system) Binder_4 expire 3 lines
02-23 17:16:11.260   919  5626 I chatty  : uid=1000(system) Binder_C expire 2 lines
02-23 17:16:11.364   919  5904 I chatty  : uid=1000(system) Binder_E expire 3 lines
02-23 17:16:11.608   919  5905 I chatty  : uid=1000(system) Binder_F expire 7 lines
02-23 17:16:11.676   919   937 I chatty  : uid=1000(system) android.display expire 10 lines
02-23 17:16:12.188   919   939 I chatty  : uid=1000(system) PowerManagerSer expire 16 lines
02-23 17:16:13.912   919   919 I chatty  : uid=1000 system_server expire 14 lines
02-23 17:16:16.440   919  3523 I chatty  : uid=1000(system) Binder_6 expire 5 lines
02-23 17:16:16.576   919   929 I chatty  : uid=1000(system) Binder_1 expire 11 lines
02-23 17:16:16.627   919  3831 I chatty  : uid=1000(system) Binder_9 expire 13 lines
02-23 17:16:16.819  8195  8195 W ActivityThread: Application com.gusar.datingapp is waiting for the debugger on port 8100...
02-23 17:16:20.754   919   933 I chatty  : uid=1000(system) android.ui expire 16 lines
02-23 17:17:11.287   919  3835 I chatty  : uid=1000(system) Binder_B expire 6 lines
02-23 17:18:26.194   919  3072 I chatty  : uid=1000(system) InputDispatcher expire 1 line
02-23 17:18:29.879   919  3521 I chatty  : uid=1000(system) Binder_5 expire 6 lines
02-23 17:19:18.228   919  3218 I chatty  : uid=1000(system) Binder_3 expire 2 lines
02-23 17:20:14.434   919  5901 I chatty  : uid=1000(system) Binder_D expire 4 lines
02-23 17:20:14.510 12155 12155 W ActivityThread: Application com.gusar.datingapp is waiting for the debugger on port 8100...
02-23 17:20:16.518   919   937 I chatty  : uid=1000(system) android.display expire 16 lines
02-23 17:20:17.631   919  3110 I chatty  : uid=1000(system) ConnectivitySer expire 10 lines
02-23 17:20:26.156   919  3830 I chatty  : uid=1000(system) Binder_8 expire 1 line
02-23 17:20:52.914   919   930 I chatty  : uid=1000(system) Binder_2 expire 3 lines
02-23 17:22:14.996 13772 13772 W ActivityThread: Application com.gusar.datingapp is waiting for the debugger on port 8100...
02-23 17:22:15.184   919  3110 I chatty  : uid=1000(system) ConnectivitySer expire 11 lines
02-23 17:23:40.155  3207  3207 V DeadZone: consuming errant click: (361.0,32.0)
02-23 17:23:51.051   919   933 I chatty  : uid=1000(system) android.ui expire 2 lines
02-23 17:23:51.284   919   937 I chatty  : uid=1000(system) android.display expire 10 lines
02-23 17:23:51.594   919  3110 I chatty  : uid=1000(system) ConnectivitySer expire 10 lines
02-23 17:25:30.521   919  3073 I chatty  : uid=1000(system) InputReader expire 2 lines
02-23 17:26:38.259   919   931 I chatty  : uid=1000(system) android.bg expire 5 lines
02-23 17:26:52.993   919   939 I chatty  : uid=1000(system) PowerManagerSer expire 15 lines
02-23 17:26:52.994   919   934 I chatty  : uid=1000(system) android.fg expire 4 lines
02-23 17:26:54.156   919   919 I chatty  : uid=1000 system_server expire 10 lines
02-23 17:26:54.385   919   937 I chatty  : uid=1000(system) android.display expire 13 lines
02-23 17:27:06.522   919  3834 I chatty  : uid=1000(system) Binder_A expire 5 lines
02-23 17:27:06.586   919  5901 I chatty  : uid=1000(system) Binder_D expire 7 lines
02-23 17:27:06.607   919  3835 I chatty  : uid=1000(system) Binder_B expire 11 lines
02-23 17:27:09.225   919   932 I chatty  : uid=1000(system) ActivityManager expire 7 lines
02-23 17:27:10.696   919  5904 I chatty  : uid=1000(system) Binder_E expire 5 lines
02-23 17:27:11.472   919   933 I chatty  : uid=1000(system) android.ui expire 8 lines
02-23 17:27:11.592   919  5908 I chatty  : uid=1000(system) Binder_10 expire 9 lines
02-23 17:27:12.625   919  3110 I chatty  : uid=1000(system) ConnectivitySer expire 18 lines
02-23 17:29:03.054   919  5905 I chatty  : uid=1000(system) Binder_F expire 5 lines
02-23 17:29:03.778   919  3616 I chatty  : uid=1000(system) Binder_7 expire 7 lines
02-23 17:29:04.441   919   942 I chatty  : uid=1000(system) PackageManager expire 11 lines
02-23 17:29:04.565   919  5626 I chatty  : uid=1000(system) Binder_C expire 10 lines
02-23 17:29:04.862 20801 20801 I chatty  : uid=1000(system) expire 1 line
02-23 17:29:05.588   919   930 I chatty  : uid=1000(system) Binder_2 expire 9 lines
02-23 17:29:06.456   919  3482 I chatty  : uid=1000(system) Binder_4 expire 11 lines
02-23 17:29:07.221   919  3831 I chatty  : uid=1000(system) Binder_9 expire 5 lines
02-23 17:29:08.615   919  3109 I chatty  : uid=1000(system) WifiService expire 4 lines
02-23 17:29:09.839   919   929 I chatty  : uid=1000(system) Binder_1 expire 8 lines
02-23 17:29:11.222   919  3523 I chatty  : uid=1000(system) Binder_6 expire 8 lines
02-23 17:29:51.887   919  3830 I chatty  : uid=1000(system) Binder_8 expire 8 lines
02-23 17:30:01.045   919  3521 I chatty  : uid=1000(system) Binder_5 expire 5 lines
02-23 17:30:01.256   919  3218 I chatty  : uid=1000(system) Binder_3 expire 3 lines
02-23 17:30:26.929 21237 21247 D DefContainer: Copying /data/local/tmp/com.gusar.datingapp to base.apk
02-23 17:30:42.617 21401 21401 E ActivityThread: Failed to find provider info for com.getpure.pure.MetricaContentProvider
02-23 17:30:49.638   919  3110 I chatty  : uid=1000(system) ConnectivitySer expire 9 lines
02-23 17:31:09.676   919   919 I chatty  : uid=1000 system_server expire 11 lines
02-23 17:32:22.712 16246 16246 E ActivityThread: Performing stop of activity that is not resumed: {org.geometerplus.zlibrary.ui.android/org.geometerplus.android.fbreader.FBReader}
02-23 17:32:22.712 16246 16246 E ActivityThread: java.lang.RuntimeException: Performing stop of activity that is not resumed: {org.geometerplus.zlibrary.ui.android/org.geometerplus.android.fbreader.FBReader}
02-23 17:32:22.712 16246 16246 E ActivityThread: 	at android.app.ActivityThread.performStopActivityInner(ActivityThread.java:3465)
02-23 17:32:22.712 16246 16246 E ActivityThread: 	at android.app.ActivityThread.handleStopActivity(ActivityThread.java:3550)
02-23 17:32:22.712 16246 16246 E ActivityThread: 	at android.app.ActivityThread.-wrap20(ActivityThread.java)
02-23 17:32:22.712 16246 16246 E ActivityThread: 	at android.app.ActivityThread$H.handleMessage(ActivityThread.java:1373)
02-23 17:32:22.712 16246 16246 E ActivityThread: 	at android.os.Handler.dispatchMessage(Handler.java:102)
02-23 17:32:22.712 16246 16246 E ActivityThread: 	at android.os.Looper.loop(Looper.java:148)
02-23 17:32:22.712 16246 16246 E ActivityThread: 	at android.app.ActivityThread.main(ActivityThread.java:5417)
02-23 17:32:22.712 16246 16246 E ActivityThread: 	at java.lang.reflect.Method.invoke(Native Method)
02-23 17:32:22.712 16246 16246 E ActivityThread: 	at com.android.internal.os.ZygoteInit$MethodAndArgsCaller.run(ZygoteInit.java:726)
02-23 17:32:22.712 16246 16246 E ActivityThread: 	at com.android.internal.os.ZygoteInit.main(ZygoteInit.java:616)
02-23 17:32:24.870   919   939 I chatty  : uid=1000(system) PowerManagerSer expire 3 lines
02-23 17:32:24.906   919   937 I chatty  : uid=1000(system) android.display expire 13 lines
02-23 17:32:31.974 23367 23367 I chatty  : uid=1000(system) com.google.android.gms expire 1 line
02-23 17:33:43.894 23762 23773 D DefContainer: Copying /data/local/tmp/com.gusar.datingapp to base.apk
02-23 17:33:57.829   919  3835 I chatty  : uid=1000(system) Binder_B expire 1 line
02-23 17:33:58.757 21401 21401 E ActivityThread: Failed to find provider info for com.getpure.pure.MetricaContentProvider
02-23 17:34:01.135   919   937 I chatty  : uid=1000(system) android.display expire 4 lines
02-23 17:34:39.875   351   389 D vold    : Remounting 10358 as mode read
02-23 17:34:39.885   351   389 D vold    : Found matching PID 23856
02-23 17:34:39.890   919  3101 I chatty  : uid=1000(system) VoldConnector expire 2 lines
02-23 17:34:39.892   351   389 D vold    : Remounting 10358 as mode write
02-23 17:34:39.898   351   389 D vold    : Found matching PID 23856
02-23 17:34:50.250   919   937 I chatty  : uid=1000(system) android.display expire 25 lines
02-23 17:34:51.051   919  3521 I chatty  : uid=1000(system) Binder_5 expire 6 lines
02-23 17:34:51.108   919  3834 I chatty  : uid=1000(system) Binder_A expire 9 lines
02-23 17:34:51.955   919   933 I chatty  : uid=1000(system) android.ui expire 10 lines
02-23 17:34:58.655   919  5901 I chatty  : uid=1000(system) Binder_D expire 5 lines
02-23 17:35:04.700   919  3110 I chatty  : uid=1000(system) ConnectivitySer expire 26 lines
02-23 17:35:10.680   919  5626 I chatty  : uid=1000(system) Binder_C expire 5 lines
02-23 17:35:25.182   919  3218 I chatty  : uid=1000(system) Binder_3 expire 6 lines
02-23 17:35:26.300   919   929 I chatty  : uid=1000(system) Binder_1 expire 9 lines
02-23 17:35:27.405   919  3830 I chatty  : uid=1000(system) Binder_8 expire 7 lines
02-23 17:35:34.123   919  3831 I chatty  : uid=1000(system) Binder_9 expire 6 lines
02-23 17:35:34.162 25674 25674 W ActivityThread: Application com.gusar.datingapp is waiting for the debugger on port 8100...
02-23 17:35:44.090   919   932 I chatty  : uid=1000(system) ActivityManager expire 10 lines
02-23 17:36:24.851   919  5905 I chatty  : uid=1000(system) Binder_F expire 9 lines
02-23 17:36:26.301   919  3482 I chatty  : uid=1000(system) Binder_4 expire 5 lines
02-23 17:36:27.207   919  3523 I chatty  : uid=1000(system) Binder_6 expire 10 lines
02-23 17:36:27.616   919  3616 I chatty  : uid=1000(system) Binder_7 expire 6 lines
02-23 17:36:28.261   919  3835 I chatty  : uid=1000(system) Binder_B expire 6 lines
02-23 17:36:32.826   919  5904 I chatty  : uid=1000(system) Binder_E expire 7 lines
02-23 17:36:32.898 26637 26637 W ActivityThread: Application com.gusar.datingapp is waiting for the debugger on port 8100...
02-23 17:37:03.458   919  5908 I chatty  : uid=1000(system) Binder_10 expire 18 lines
02-23 17:39:03.100   919   939 I chatty  : uid=1000(system) PowerManagerSer expire 12 lines
02-23 17:39:04.023   919   934 I chatty  : uid=1000(system) android.fg expire 2 lines
02-23 17:39:04.759   919   919 I chatty  : uid=1000 system_server expire 10 lines
02-23 17:40:20.966   919  3073 I chatty  : uid=1000(system) InputReader expire 1 line
02-23 17:40:57.397   919   942 I chatty  : uid=1000(system) PackageManager expire 5 lines
02-23 17:40:57.467   919   931 I chatty  : uid=1000(system) android.bg expire 2 lines
02-23 17:40:57.724 27923 27923 I chatty  : uid=1000(system) expire 1 line
02-23 17:40:57.826   919   930 I chatty  : uid=1000(system) Binder_2 expire 6 lines
02-23 17:40:59.455   919  3109 I chatty  : uid=1000(system) WifiService expire 2 lines
02-23 17:42:17.297 28346 28356 D DefContainer: Copying /data/local/tmp/com.gusar.datingapp to base.apk
02-23 17:42:31.620   919   937 I chatty  : uid=1000(system) android.display expire 10 lines
02-23 17:42:32.888 28526 28526 E ActivityThread: Failed to find provider info for com.getpure.pure.MetricaContentProvider
02-23 17:42:48.794   919  3110 I chatty  : uid=1000(system) ConnectivitySer expire 10 lines
02-23 17:43:23.565 29414 29414 W ActivityThread: Application com.gusar.datingapp is waiting for the debugger on port 8100...
02-23 17:43:25.536   919   937 I chatty  : uid=1000(system) android.display expire 7 lines
02-23 17:43:44.273 29663 29663 W ActivityThread: Application com.gusar.datingapp is waiting for the debugger on port 8100...
02-23 17:43:47.375   919   933 I chatty  : uid=1000(system) android.ui expire 1 line
02-23 17:44:49.085   919   919 I chatty  : uid=1000 system_server expire 27 lines
02-23 17:44:55.989   919  3831 I chatty  : uid=1000(system) Binder_9 expire 7 lines
02-23 17:44:56.027   919  3523 I chatty  : uid=1000(system) Binder_6 expire 6 lines
02-23 17:44:56.094   919  5908 I chatty  : uid=1000(system) Binder_10 expire 6 lines
02-23 17:44:56.163 31128 31128 W ActivityThread: Application com.gusar.datingapp is waiting for the debugger on port 8100...
02-23 17:44:57.437   919  3110 I chatty  : uid=1000(system) ConnectivitySer expire 41 lines
02-23 17:44:57.774   919   933 I chatty  : uid=1000(system) android.ui expire 7 lines
02-23 17:44:57.817   919   930 I chatty  : uid=1000(system) Binder_2 expire 7 lines
02-23 17:44:58.070   919   937 I chatty  : uid=1000(system) android.display expire 13 lines
02-23 17:45:05.998   919   932 I chatty  : uid=1000(system) ActivityManager expire 15 lines
02-23 17:45:22.320   919  3109 I chatty  : uid=1000(system) WifiService expire 1 line
02-23 17:45:31.535   919  3218 I chatty  : uid=1000(system) Binder_3 expire 2 lines
02-23 17:45:31.539   919  5626 I chatty  : uid=1000(system) Binder_C expire 7 lines
02-23 17:45:38.545   919   939 I chatty  : uid=1000(system) PowerManagerSer expire 10 lines
02-23 17:45:39.423   919   934 I chatty  : uid=1000(system) android.fg expire 7 lines
02-23 17:45:39.664   919   929 I chatty  : uid=1000(system) Binder_1 expire 3 lines
02-23 17:46:11.957   919  3616 I chatty  : uid=1000(system) Binder_7 expire 2 lines
02-23 17:46:26.746   919  5904 I chatty  : uid=1000(system) Binder_E expire 7 lines
02-23 17:46:27.346   919  3521 I chatty  : uid=1000(system) Binder_5 expire 3 lines
02-23 17:46:27.398   919  3830 I chatty  : uid=1000(system) Binder_8 expire 1 line
02-23 17:46:32.452   671   671 W ActivityThread: Application com.gusar.datingapp is waiting for the debugger on port 8100...
02-23 17:46:39.265   919   937 I chatty  : uid=1000(system) android.display expire 42 lines
02-23 17:46:39.464   919  3482 I chatty  : uid=1000(system) Binder_4 expire 3 lines
02-23 17:46:51.282   919   931 I chatty  : uid=1000(system) android.bg expire 1 line
02-23 17:46:59.676   919  5905 I chatty  : uid=1000(system) Binder_F expire 7 lines
02-23 17:47:11.592   919  5901 I chatty  : uid=1000(system) Binder_D expire 2 lines
02-23 17:47:11.651   919  3835 I chatty  : uid=1000(system) Binder_B expire 2 lines
02-23 17:47:11.757   919  3834 I chatty  : uid=1000(system) Binder_A expire 1 line
02-23 17:47:20.550  1525  1525 W ActivityThread: Application com.gusar.datingapp is waiting for the debugger on port 8100...
02-23 17:48:39.228   919   939 I chatty  : uid=1000(system) PowerManagerSer expire 27 lines
02-23 17:59:10.243   919   937 I chatty  : uid=1000(system) android.display expire 19 lines
02-23 17:59:56.825   919  3830 I chatty  : uid=1000(system) Binder_8 expire 10 lines
02-23 17:59:57.018   919  5626 I chatty  : uid=1000(system) Binder_C expire 8 lines
02-23 17:59:57.894   919  3109 I chatty  : uid=1000(system) WifiService expire 6 lines
02-23 17:59:58.768   919   930 I chatty  : uid=1000(system) Binder_2 expire 12 lines
02-23 18:00:09.085   919  3835 I chatty  : uid=1000(system) Binder_B expire 8 lines
02-23 18:00:09.883   919  3218 I chatty  : uid=1000(system) Binder_3 expire 9 lines
02-23 18:00:09.916   919  3831 I chatty  : uid=1000(system) Binder_9 expire 5 lines
02-23 18:00:10.587   919  5908 I chatty  : uid=1000(system) Binder_10 expire 7 lines
02-23 18:00:11.353   919  3521 I chatty  : uid=1000(system) Binder_5 expire 5 lines
02-23 18:00:11.897 14114 14114 W ActivityThread: ClassLoader.loadClass: The class loader returned by Thread.getContextClassLoader() may fail for processes that host multiple applications. You should explicitly specify a context class loader. For example: Thread.setContextClassLoader(getClass().getClassLoader());
02-23 18:00:12.542   919  3523 I chatty  : uid=1000(system) Binder_6 expire 8 lines
02-23 18:00:12.597   919  5905 I chatty  : uid=1000(system) Binder_F expire 5 lines
02-23 18:00:12.899   919   929 I chatty  : uid=1000(system) Binder_1 expire 12 lines
02-23 18:00:12.990   919  3616 I chatty  : uid=1000(system) Binder_7 expire 5 lines
02-23 18:00:14.099   919  3834 I chatty  : uid=1000(system) Binder_A expire 11 lines
02-23 18:00:14.100   919  3110 I chatty  : uid=1000(system) ConnectivitySer expire 10 lines
02-23 18:01:51.279   919   919 I chatty  : uid=1000 system_server expire 14 lines
02-23 18:01:51.293   919   939 I chatty  : uid=1000(system) PowerManagerSer expire 20 lines
02-23 18:01:51.409   919   932 I chatty  : uid=1000(system) ActivityManager expire 5 lines
02-23 18:01:51.542   919   934 I chatty  : uid=1000(system) android.fg expire 5 lines
02-23 18:06:45.723   919  5901 I chatty  : uid=1000(system) Binder_D expire 7 lines
02-23 18:06:45.952   919   933 I chatty  : uid=1000(system) android.ui expire 4 lines
02-23 18:07:11.568   919   931 I chatty  : uid=1000(system) android.bg expire 3 lines
02-23 18:09:08.496   919  5904 I chatty  : uid=1000(system) Binder_E expire 3 lines
02-23 18:09:09.284 16246 16246 E ActivityThread: Performing stop of activity that is not resumed: {org.geometerplus.zlibrary.ui.android/org.geometerplus.android.fbreader.FBReader}
02-23 18:09:09.284 16246 16246 E ActivityThread: java.lang.RuntimeException: Performing stop of activity that is not resumed: {org.geometerplus.zlibrary.ui.android/org.geometerplus.android.fbreader.FBReader}
02-23 18:09:09.284 16246 16246 E ActivityThread: 	at android.app.ActivityThread.performStopActivityInner(ActivityThread.java:3465)
02-23 18:09:09.284 16246 16246 E ActivityThread: 	at android.app.ActivityThread.handleStopActivity(ActivityThread.java:3550)
02-23 18:09:09.284 16246 16246 E ActivityThread: 	at android.app.ActivityThread.-wrap20(ActivityThread.java)
02-23 18:09:09.284 16246 16246 E ActivityThread: 	at android.app.ActivityThread$H.handleMessage(ActivityThread.java:1373)
02-23 18:09:09.284 16246 16246 E ActivityThread: 	at android.os.Handler.dispatchMessage(Handler.java:102)
02-23 18:09:09.284 16246 16246 E ActivityThread: 	at android.os.Looper.loop(Looper.java:148)
02-23 18:09:09.284 16246 16246 E ActivityThread: 	at android.app.ActivityThread.main(ActivityThread.java:5417)
02-23 18:09:09.284 16246 16246 E ActivityThread: 	at java.lang.reflect.Method.invoke(Native Method)
02-23 18:09:09.284 16246 16246 E ActivityThread: 	at com.android.internal.os.ZygoteInit$MethodAndArgsCaller.run(ZygoteInit.java:726)
02-23 18:09:09.284 16246 16246 E ActivityThread: 	at com.android.internal.os.ZygoteInit.main(ZygoteInit.java:616)
02-23 18:09:11.967   919   939 I chatty  : uid=1000(system) PowerManagerSer expire 7 lines
02-23 18:09:11.970   919   937 I chatty  : uid=1000(system) android.display expire 15 lines
02-23 18:09:21.821   919   919 I chatty  : uid=1000 system_server expire 7 lines
02-23 18:09:24.921   919  3110 I chatty  : uid=1000(system) ConnectivitySer expire 16 lines
02-23 18:09:43.516   919   942 I chatty  : uid=1000(system) PackageManager expire 6 lines
02-23 18:09:43.893 23026 23026 I chatty  : uid=1000(system) expire 1 line
02-23 18:09:43.929   919  3482 I chatty  : uid=1000(system) Binder_4 expire 10 lines
02-23 18:11:31.515 23555 23565 D DefContainer: Copying /data/local/tmp/com.gusar.datingapp to base.apk
02-23 18:11:46.018   919  5908 I chatty  : uid=1000(system) Binder_10 expire 9 lines
02-23 18:11:46.043   919  3830 I chatty  : uid=1000(system) Binder_8 expire 10 lines
02-23 18:11:46.130   919  3834 I chatty  : uid=1000(system) Binder_A expire 5 lines
02-23 18:11:46.378   919  3616 I chatty  : uid=1000(system) Binder_7 expire 5 lines
02-23 18:11:47.482   919  3109 I chatty  : uid=1000(system) WifiService expire 2 lines
02-23 18:11:48.239 23742 23742 E ActivityThread: Failed to find provider info for com.getpure.pure.MetricaContentProvider
02-23 18:11:48.257   919  3835 I chatty  : uid=1000(system) Binder_B expire 6 lines
02-23 18:11:48.337   919   933 I chatty  : uid=1000(system) android.ui expire 7 lines
02-23 18:11:48.539   919   937 I chatty  : uid=1000(system) android.display expire 24 lines
02-23 18:11:49.728   919  3110 I chatty  : uid=1000(system) ConnectivitySer expire 23 lines
02-23 18:11:49.835   919  3521 I chatty  : uid=1000(system) Binder_5 expire 5 lines
02-23 18:12:09.296   919   932 I chatty  : uid=1000(system) ActivityManager expire 11 lines
02-23 18:12:09.838   919  3523 I chatty  : uid=1000(system) Binder_6 expire 2 lines
02-23 18:12:10.164   919  5904 I chatty  : uid=1000(system) Binder_E expire 3 lines
02-23 18:13:38.241   919   939 I chatty  : uid=1000(system) PowerManagerSer expire 13 lines
02-23 18:13:39.216   919   934 I chatty  : uid=1000(system) android.fg expire 6 lines
02-23 18:13:40.048   919   919 I chatty  : uid=1000 system_server expire 14 lines
02-23 18:13:41.970   919  3831 I chatty  : uid=1000(system) Binder_9 expire 1 line
02-23 18:13:41.972   919  3218 I chatty  : uid=1000(system) Binder_3 expire 4 lines
02-23 18:13:42.104   919   930 I chatty  : uid=1000(system) Binder_2 expire 4 lines
02-23 18:13:42.143   919   929 I chatty  : uid=1000(system) Binder_1 expire 4 lines
02-23 18:13:42.189   919  5901 I chatty  : uid=1000(system) Binder_D expire 4 lines
02-23 18:13:42.289 16246 16246 E ActivityThread: Performing stop of activity that is not resumed: {org.geometerplus.zlibrary.ui.android/org.geometerplus.android.fbreader.FBReader}
02-23 18:13:42.289 16246 16246 E ActivityThread: java.lang.RuntimeException: Performing stop of activity that is not resumed: {org.geometerplus.zlibrary.ui.android/org.geometerplus.android.fbreader.FBReader}
02-23 18:13:42.289 16246 16246 E ActivityThread: 	at android.app.ActivityThread.performStopActivityInner(ActivityThread.java:3465)
02-23 18:13:42.289 16246 16246 E ActivityThread: 	at android.app.ActivityThread.handleStopActivity(ActivityThread.java:3550)
02-23 18:13:42.289 16246 16246 E ActivityThread: 	at android.app.ActivityThread.-wrap20(ActivityThread.java)
02-23 18:13:42.289 16246 16246 E ActivityThread: 	at android.app.ActivityThread$H.handleMessage(ActivityThread.java:1373)
02-23 18:13:42.289 16246 16246 E ActivityThread: 	at android.os.Handler.dispatchMessage(Handler.java:102)
02-23 18:13:42.289 16246 16246 E ActivityThread: 	at android.os.Looper.loop(Looper.java:148)
02-23 18:13:42.289 16246 16246 E ActivityThread: 	at android.app.ActivityThread.main(ActivityThread.java:5417)
02-23 18:13:42.289 16246 16246 E ActivityThread: 	at java.lang.reflect.Method.invoke(Native Method)
02-23 18:13:42.289 16246 16246 E ActivityThread: 	at com.android.internal.os.ZygoteInit$MethodAndArgsCaller.run(ZygoteInit.java:726)
02-23 18:13:42.289 16246 16246 E ActivityThread: 	at com.android.internal.os.ZygoteInit.main(ZygoteInit.java:616)
02-23 18:13:45.381   919  5626 I chatty  : uid=1000(system) Binder_C expire 4 lines
02-23 18:13:52.818 25801 25801 W ActivityThread: Application com.gusar.datingapp is waiting for the debugger on port 8100...
02-23 18:17:19.620 29103 29103 W ActivityThread: Application com.gusar.datingapp is waiting for the debugger on port 8100...
02-23 18:17:21.624   919   937 I chatty  : uid=1000(system) android.display expire 12 lines
02-23 18:17:22.451   919  3110 I chatty  : uid=1000(system) ConnectivitySer expire 14 lines
02-23 18:17:29.544   919   932 I chatty  : uid=1000(system) ActivityManager expire 5 lines
02-23 18:17:48.877   919   939 I chatty  : uid=1000(system) PowerManagerSer expire 10 lines
02-23 18:17:49.972   919   919 I chatty  : uid=1000 system_server expire 8 lines
02-23 18:17:53.993   919  5905 I chatty  : uid=1000(system) Binder_F expire 3 lines
02-23 18:18:23.122 16246 16246 E ActivityThread: Performing stop of activity that is not resumed: {org.geometerplus.zlibrary.ui.android/org.geometerplus.android.fbreader.FBReader}
02-23 18:18:23.122 16246 16246 E ActivityThread: java.lang.RuntimeException: Performing stop of activity that is not resumed: {org.geometerplus.zlibrary.ui.android/org.geometerplus.android.fbreader.FBReader}
02-23 18:18:23.122 16246 16246 E ActivityThread: 	at android.app.ActivityThread.performStopActivityInner(ActivityThread.java:3465)
02-23 18:18:23.122 16246 16246 E ActivityThread: 	at android.app.ActivityThread.handleStopActivity(ActivityThread.java:3550)
02-23 18:18:23.122 16246 16246 E ActivityThread: 	at android.app.ActivityThread.-wrap20(ActivityThread.java)
02-23 18:18:23.122 16246 16246 E ActivityThread: 	at android.app.ActivityThread$H.handleMessage(ActivityThread.java:1373)
02-23 18:18:23.122 16246 16246 E ActivityThread: 	at android.os.Handler.dispatchMessage(Handler.java:102)
02-23 18:18:23.122 16246 16246 E ActivityThread: 	at android.os.Looper.loop(Looper.java:148)
02-23 18:18:23.122 16246 16246 E ActivityThread: 	at android.app.ActivityThread.main(ActivityThread.java:5417)
02-23 18:18:23.122 16246 16246 E ActivityThread: 	at java.lang.reflect.Method.invoke(Native Method)
02-23 18:18:23.122 16246 16246 E ActivityThread: 	at com.android.internal.os.ZygoteInit$MethodAndArgsCaller.run(ZygoteInit.java:726)
02-23 18:18:23.122 16246 16246 E ActivityThread: 	at com.android.internal.os.ZygoteInit.main(ZygoteInit.java:616)
02-23 18:18:24.863   919   937 I chatty  : uid=1000(system) android.display expire 12 lines
02-23 18:19:54.843 31796 31796 W ActivityThread: Application com.gusar.datingapp is waiting for the debugger on port 8100...
02-23 18:19:56.830   919   937 I chatty  : uid=1000(system) android.display expire 9 lines
02-23 18:20:00.955   919  3110 I chatty  : uid=1000(system) ConnectivitySer expire 4 lines
02-23 18:20:27.350   919   939 I chatty  : uid=1000(system) PowerManagerSer expire 12 lines
02-23 18:20:28.314   919   934 I chatty  : uid=1000(system) android.fg expire 10 lines
02-23 18:20:28.420   919   919 I chatty  : uid=1000 system_server expire 11 lines
02-23 18:20:29.318   919  3834 I chatty  : uid=1000(system) Binder_A expire 5 lines
02-23 18:20:29.392   919   937 I chatty  : uid=1000(system) android.display expire 12 lines
02-23 18:20:29.435   919  5901 I chatty  : uid=1000(system) Binder_D expire 8 lines
02-23 18:20:31.012   919   933 I chatty  : uid=1000(system) android.ui expire 10 lines
02-23 18:20:35.444   919  3110 I chatty  : uid=1000(system) ConnectivitySer expire 20 lines
02-23 18:21:04.042   919  3521 I chatty  : uid=1000(system) Binder_5 expire 8 lines
02-23 18:21:07.817   919  3072 I chatty  : uid=1000(system) InputDispatcher expire 1 line
02-23 18:21:11.536   919  3616 I chatty  : uid=1000(system) Binder_7 expire 5 lines
02-23 18:21:11.566   919   930 I chatty  : uid=1000(system) Binder_2 expire 3 lines
02-23 18:21:20.107   919  3073 I chatty  : uid=1000(system) InputReader expire 1 line
02-23 18:21:32.510   919  3835 I chatty  : uid=1000(system) Binder_B expire 10 lines
02-23 18:21:32.570   919   929 I chatty  : uid=1000(system) Binder_1 expire 5 lines
02-23 18:21:32.607   919  3830 I chatty  : uid=1000(system) Binder_8 expire 12 lines
02-23 18:21:32.935 16246 16246 E ActivityThread: Performing stop of activity that is not resumed: {org.geometerplus.zlibrary.ui.android/org.geometerplus.android.fbreader.FBReader}
02-23 18:21:32.935 16246 16246 E ActivityThread: java.lang.RuntimeException: Performing stop of activity that is not resumed: {org.geometerplus.zlibrary.ui.android/org.geometerplus.android.fbreader.FBReader}
02-23 18:21:32.935 16246 16246 E ActivityThread: 	at android.app.ActivityThread.performStopActivityInner(ActivityThread.java:3465)
02-23 18:21:32.935 16246 16246 E ActivityThread: 	at android.app.ActivityThread.handleStopActivity(ActivityThread.java:3550)
02-23 18:21:32.935 16246 16246 E ActivityThread: 	at android.app.ActivityThread.-wrap20(ActivityThread.java)
02-23 18:21:32.935 16246 16246 E ActivityThread: 	at android.app.ActivityThread$H.handleMessage(ActivityThread.java:1373)
02-23 18:21:32.935 16246 16246 E ActivityThread: 	at android.os.Handler.dispatchMessage(Handler.java:102)
02-23 18:21:32.935 16246 16246 E ActivityThread: 	at android.os.Looper.loop(Looper.java:148)
02-23 18:21:32.935 16246 16246 E ActivityThread: 	at android.app.ActivityThread.main(ActivityThread.java:5417)
02-23 18:21:32.935 16246 16246 E ActivityThread: 	at java.lang.reflect.Method.invoke(Native Method)
02-23 18:21:32.935 16246 16246 E ActivityThread: 	at com.android.internal.os.ZygoteInit$MethodAndArgsCaller.run(ZygoteInit.java:726)
02-23 18:21:32.935 16246 16246 E ActivityThread: 	at com.android.internal.os.ZygoteInit.main(ZygoteInit.java:616)
02-23 18:21:34.366   919   919 I chatty  : uid=1000 system_server expire 15 lines
02-23 18:21:34.383   919   937 I chatty  : uid=1000(system) android.display expire 22 lines
02-23 18:21:34.396   919   939 I chatty  : uid=1000(system) PowerManagerSer expire 12 lines
02-23 18:21:34.473   919  5626 I chatty  : uid=1000(system) Binder_C expire 1 line
02-23 18:21:41.084   919  3482 I chatty  : uid=1000(system) Binder_4 expire 2 lines
02-23 18:22:23.693   919  3218 I chatty  : uid=1000(system) Binder_3 expire 1 line
02-23 18:22:23.765   919  5904 I chatty  : uid=1000(system) Binder_E expire 4 lines
02-23 18:22:27.860   919  5908 I chatty  : uid=1000(system) Binder_10 expire 1 line
02-23 18:22:27.906  2094  2094 W ActivityThread: Application com.gusar.datingapp is waiting for the debugger on port 8100...
02-23 18:22:37.772   919   932 I chatty  : uid=1000(system) ActivityManager expire 4 lines
02-23 18:24:23.702   919  3831 I chatty  : uid=1000(system) Binder_9 expire 6 lines
02-23 18:24:23.764   919  5905 I chatty  : uid=1000(system) Binder_F expire 2 lines
02-23 18:27:39.288 16246 16246 E ActivityThread: Performing stop of activity that is not resumed: {org.geometerplus.zlibrary.ui.android/org.geometerplus.android.fbreader.FBReader}
02-23 18:27:39.288 16246 16246 E ActivityThread: java.lang.RuntimeException: Performing stop of activity that is not resumed: {org.geometerplus.zlibrary.ui.android/org.geometerplus.android.fbreader.FBReader}
02-23 18:27:39.288 16246 16246 E ActivityThread: 	at android.app.ActivityThread.performStopActivityInner(ActivityThread.java:3465)
02-23 18:27:39.288 16246 16246 E ActivityThread: 	at android.app.ActivityThread.handleStopActivity(ActivityThread.java:3550)
02-23 18:27:39.288 16246 16246 E ActivityThread: 	at android.app.ActivityThread.-wrap20(ActivityThread.java)
02-23 18:27:39.288 16246 16246 E ActivityThread: 	at android.app.ActivityThread$H.handleMessage(ActivityThread.java:1373)
02-23 18:27:39.288 16246 16246 E ActivityThread: 	at android.os.Handler.dispatchMessage(Handler.java:102)
02-23 18:27:39.288 16246 16246 E ActivityThread: 	at android.os.Looper.loop(Looper.java:148)
02-23 18:27:39.288 16246 16246 E ActivityThread: 	at android.app.ActivityThread.main(ActivityThread.java:5417)
