02-24 14:13:48.631   919  3482 I chatty  : uid=1000(system) Binder_4 expire 7 lines
02-24 14:13:48.699   919  5908 I chatty  : uid=1000(system) Binder_10 expire 8 lines
02-24 14:15:34.219   919  3521 I chatty  : uid=1000(system) Binder_5 expire 6 lines
02-24 14:22:57.291   919  3073 I chatty  : uid=1000(system) InputReader expire 2 lines
02-24 14:22:57.968   919  5905 I chatty  : uid=1000(system) Binder_F expire 10 lines
02-24 14:23:06.599   919   931 I chatty  : uid=1000(system) android.bg expire 2 lines
02-24 14:25:43.429   919  3218 I chatty  : uid=1000(system) Binder_3 expire 5 lines
02-24 14:29:55.324   919  5626 I chatty  : uid=1000(system) Binder_C expire 9 lines
02-24 14:31:11.574   919  5901 I chatty  : uid=1000(system) Binder_D expire 7 lines
02-24 14:31:16.235 18018 18032 W FileUtils: Failed to chmod(/data/user/0/com.android.chrome/app_chrome): android.system.ErrnoException: chmod failed: EACCES (Permission denied)
02-24 14:31:29.851   919  3523 I chatty  : uid=1000(system) Binder_6 expire 4 lines
02-24 14:31:33.808   919  3110 I chatty  : uid=1000(system) ConnectivitySer expire 31 lines
02-24 14:31:37.009 18369 18369 E ActivityThread: Failed to find provider info for com.dropbox.carousel.CuOwnerCheckProvider
02-24 14:31:39.038   919  3109 I chatty  : uid=1000(system) WifiService expire 1 line
02-24 14:31:54.654   919   937 I chatty  : uid=1000(system) android.display expire 4 lines
02-24 14:31:54.951   919   939 I chatty  : uid=1000(system) PowerManagerSer expire 8 lines
02-24 14:31:56.851   919   919 I chatty  : uid=1000 system_server expire 10 lines
02-24 14:32:08.656   919  3835 I chatty  : uid=1000(system) Binder_B expire 1 line
02-24 14:37:11.721   919  3108 I chatty  : uid=1000(system) WifiStateMachin expire 1 line
02-24 14:37:13.153   919  3110 I chatty  : uid=1000(system) ConnectivitySer expire 12 lines
02-24 14:37:13.380   919   932 I chatty  : uid=1000(system) ActivityManager expire 5 lines
02-24 14:37:13.409   919  5908 I chatty  : uid=1000(system) Binder_10 expire 8 lines
02-24 14:37:13.922   919  3616 I chatty  : uid=1000(system) Binder_7 expire 16 lines
02-24 14:37:13.924   919  3830 I chatty  : uid=1000(system) Binder_8 expire 11 lines
02-24 14:37:14.008   919  5904 I chatty  : uid=1000(system) Binder_E expire 7 lines
02-24 14:37:14.341   919  3218 I chatty  : uid=1000(system) Binder_3 expire 10 lines
02-24 14:37:14.343   919  5626 I chatty  : uid=1000(system) Binder_C expire 13 lines
02-24 14:37:14.345   919  3834 I chatty  : uid=1000(system) Binder_A expire 6 lines
02-24 14:37:15.778   919  3521 I chatty  : uid=1000(system) Binder_5 expire 11 lines
02-24 14:37:16.267   919  3835 I chatty  : uid=1000(system) Binder_B expire 14 lines
02-24 14:37:17.717   919  3482 I chatty  : uid=1000(system) Binder_4 expire 8 lines
02-24 14:37:17.911   919   930 I chatty  : uid=1000(system) Binder_2 expire 12 lines
02-24 14:37:18.279   919   929 I chatty  : uid=1000(system) Binder_1 expire 10 lines
02-24 14:37:18.357   919  5901 I chatty  : uid=1000(system) Binder_D expire 6 lines
02-24 14:37:19.601   919  3109 I chatty  : uid=1000(system) WifiService expire 11 lines
02-24 14:37:21.669   919  3831 I chatty  : uid=1000(system) Binder_9 expire 11 lines
02-24 14:37:22.929   919  5905 I chatty  : uid=1000(system) Binder_F expire 4 lines
02-24 14:37:28.132   919  3523 I chatty  : uid=1000(system) Binder_6 expire 10 lines
02-24 14:37:30.106 20052 20127 I ActivityThread: Removing dead content provider:android.content.ContentProviderProxy@b1d25a
02-24 14:41:24.024   919   919 I chatty  : uid=1000 system_server expire 7 lines
02-24 14:41:24.092   919   939 I chatty  : uid=1000(system) PowerManagerSer expire 13 lines
02-24 14:41:24.099   919   937 I chatty  : uid=1000(system) android.display expire 11 lines
02-24 14:41:24.467   919   934 I chatty  : uid=1000(system) android.fg expire 2 lines
02-24 14:41:25.540   919  3072 I chatty  : uid=1000(system) InputDispatcher expire 1 line
02-24 14:41:58.520   919  3073 I chatty  : uid=1000(system) InputReader expire 1 line
02-24 14:54:25.670 21307 21307 W ActivityThread: ClassLoader.loadClass: The class loader returned by Thread.getContextClassLoader() may fail for processes that host multiple applications. You should explicitly specify a context class loader. For example: Thread.setContextClassLoader(getClass().getClassLoader());
02-24 14:54:26.984   919   929 I chatty  : uid=1000(system) Binder_1 expire 2 lines
02-24 15:01:09.336   919  3058 I chatty  : uid=1000(system) AlarmManager expire 2 lines
02-24 15:05:16.834   919   939 I chatty  : uid=1000(system) PowerManagerSer expire 8 lines
02-24 15:05:16.838   919   937 I chatty  : uid=1000(system) android.display expire 8 lines
02-24 15:18:24.068   919   931 I chatty  : uid=1000(system) android.bg expire 4 lines
02-24 15:18:24.584 22038 22069 D ActivityThread: Loading provider com.google.android.gmail.provider;com.android.mail.notifier;com.google.android.gm.email.provider;com.google.android.gm.email.notifier: com.android.email.provider.EmailProvider
02-24 15:18:25.170   919  5626 I chatty  : uid=1000(system) Binder_C expire 2 lines
02-24 15:18:25.300   919  3831 I chatty  : uid=1000(system) Binder_9 expire 2 lines
02-24 15:18:30.929   919  3109 I chatty  : uid=1000(system) WifiService expire 2 lines
02-24 15:18:30.930   919  3110 I chatty  : uid=1000(system) ConnectivitySer expire 2 lines
02-24 15:18:30.934   919  3521 I chatty  : uid=1000(system) Binder_5 expire 2 lines
02-24 15:18:34.617   919  3523 I chatty  : uid=1000(system) Binder_6 expire 5 lines
02-24 15:18:34.720   919  5626 I chatty  : uid=1000(system) Binder_C expire 3 lines
02-24 15:18:34.979   919  3831 I chatty  : uid=1000(system) Binder_9 expire 5 lines
02-24 15:18:37.464   919  3835 I chatty  : uid=1000(system) Binder_B expire 4 lines
02-24 15:18:48.590   919   939 I chatty  : uid=1000(system) PowerManagerSer expire 63 lines
02-24 15:18:48.591   919   937 I chatty  : uid=1000(system) android.display expire 48 lines
02-24 15:18:52.077   919   919 I chatty  : uid=1000 system_server expire 42 lines
02-24 15:18:52.473   919  5901 I chatty  : uid=1000(system) Binder_D expire 13 lines
02-24 15:18:52.546   919  3521 I chatty  : uid=1000(system) Binder_5 expire 2 lines
02-24 15:18:52.546   919   934 I chatty  : uid=1000(system) android.fg expire 9 lines
02-24 15:18:53.392   919  3218 I chatty  : uid=1000(system) Binder_3 expire 4 lines
02-24 15:18:53.555   919  3834 I chatty  : uid=1000(system) Binder_A expire 3 lines
02-24 15:18:53.636   919  3616 I chatty  : uid=1000(system) Binder_7 expire 3 lines
02-24 15:18:55.154   919  5905 I chatty  : uid=1000(system) Binder_F expire 7 lines
02-24 15:18:55.156   919  3482 I chatty  : uid=1000(system) Binder_4 expire 5 lines
02-24 15:18:58.032   919  3109 I chatty  : uid=1000(system) WifiService expire 6 lines
02-24 15:19:02.257   919   930 I chatty  : uid=1000(system) Binder_2 expire 7 lines
02-24 15:19:02.263   919  3110 I chatty  : uid=1000(system) ConnectivitySer expire 8 lines
02-24 15:19:02.326   919   929 I chatty  : uid=1000(system) Binder_1 expire 5 lines
02-24 15:21:56.122   919   932 I chatty  : uid=1000(system) ActivityManager expire 4 lines
02-24 15:22:02.307   919  5904 I chatty  : uid=1000(system) Binder_E expire 2 lines
02-24 15:22:18.876   919   938 I chatty  : uid=1000(system) CpuTracker expire 3 lines
02-24 15:26:05.288   919   931 I chatty  : uid=1000(system) android.bg expire 1 line
02-24 15:26:34.978   919  3072 I chatty  : uid=1000(system) InputDispatcher expire 1 line
02-24 15:26:45.754   919  3073 I chatty  : uid=1000(system) InputReader expire 4 lines
02-24 15:30:52.092   919  3110 I chatty  : uid=1000(system) ConnectivitySer expire 27 lines
02-24 15:30:52.951   919   939 I chatty  : uid=1000(system) PowerManagerSer expire 14 lines
02-24 15:30:53.496   919   937 I chatty  : uid=1000(system) android.display expire 11 lines
02-24 15:30:53.865   919   934 I chatty  : uid=1000(system) android.fg expire 4 lines
02-24 15:30:53.970   919   919 I chatty  : uid=1000 system_server expire 10 lines
02-24 15:30:53.999   919   930 I chatty  : uid=1000(system) Binder_2 expire 16 lines
02-24 15:30:54.061   919  3681 I chatty  : uid=1000(system) FLP Service Cal expire 1 line
02-24 15:30:56.040   919   932 I chatty  : uid=1000(system) ActivityManager expire 11 lines
02-24 15:30:56.549   919   929 I chatty  : uid=1000(system) Binder_1 expire 4 lines
02-24 15:30:56.551   919  3831 I chatty  : uid=1000(system) Binder_9 expire 10 lines
02-24 15:30:56.662   919   931 I chatty  : uid=1000(system) android.bg expire 3 lines
02-24 15:31:36.436   919  5904 I chatty  : uid=1000(system) Binder_E expire 7 lines
02-24 15:35:21.100   919  3523 I chatty  : uid=1000(system) Binder_6 expire 7 lines
02-24 15:35:21.108   919  3218 I chatty  : uid=1000(system) Binder_3 expire 11 lines
02-24 15:35:21.348   919  3834 I chatty  : uid=1000(system) Binder_A expire 6 lines
02-24 15:35:21.412   919  5905 I chatty  : uid=1000(system) Binder_F expire 6 lines
02-24 15:35:21.455   919  3835 I chatty  : uid=1000(system) Binder_B expire 7 lines
02-24 15:35:21.469   919  3830 I chatty  : uid=1000(system) Binder_8 expire 3 lines
02-24 15:35:22.341   919  3109 I chatty  : uid=1000(system) WifiService expire 6 lines
02-24 15:36:05.065   919   942 I chatty  : uid=1000(system) PackageManager expire 6 lines
02-24 15:36:05.907   919  3162 I chatty  : uid=1000(system) backup expire 1 line
02-24 15:36:09.194   721   731 D DefContainer: Copying /data/local/tmp/com.gusar.datingapp to base.apk
02-24 15:36:19.427   919  5908 I chatty  : uid=1000(system) Binder_10 expire 7 lines
02-24 15:36:23.061   919  3521 I chatty  : uid=1000(system) Binder_5 expire 10 lines
02-24 15:36:23.148   840   840 I chatty  : uid=1000(system) /system/bin/ATFWD-daemon expire 1 line
02-24 15:36:30.930   919  3616 I chatty  : uid=1000(system) Binder_7 expire 3 lines
02-24 15:36:34.567  1262  1262 E ActivityThread: Failed to find provider info for com.getpure.pure.MetricaContentProvider
02-24 15:36:36.251  1428  1428 W ActivityThread: Application com.gusar.datingapp is waiting for the debugger on port 8100...
02-24 15:36:36.469   919  5901 I chatty  : uid=1000(system) Binder_D expire 7 lines
02-24 15:36:37.079   919  5626 I chatty  : uid=1000(system) Binder_C expire 5 lines
02-24 15:36:40.093   919   937 I chatty  : uid=1000(system) android.display expire 10 lines
02-24 15:36:56.620   919  3058 I chatty  : uid=1000(system) AlarmManager expire 1 line
02-24 15:37:00.292   919  3482 I chatty  : uid=1000(system) Binder_4 expire 2 lines
02-24 15:37:00.941   919  3110 I chatty  : uid=1000(system) ConnectivitySer expire 10 lines
02-24 15:39:01.646   919   939 I chatty  : uid=1000(system) PowerManagerSer expire 12 lines
02-24 15:39:04.176   919   919 I chatty  : uid=1000 system_server expire 8 lines
02-24 15:42:57.108 18604 18604 E ActivityThread: Performing stop of activity that is not resumed: {com.whatsapp/com.whatsapp.Conversation}
02-24 15:42:57.108 18604 18604 E ActivityThread: java.lang.RuntimeException: Performing stop of activity that is not resumed: {com.whatsapp/com.whatsapp.Conversation}
02-24 15:42:57.108 18604 18604 E ActivityThread: 	at android.app.ActivityThread.performStopActivityInner(ActivityThread.java:3465)
02-24 15:42:57.108 18604 18604 E ActivityThread: 	at android.app.ActivityThread.handleStopActivity(ActivityThread.java:3550)
02-24 15:42:57.108 18604 18604 E ActivityThread: 	at android.app.ActivityThread.-wrap20(ActivityThread.java)
02-24 15:42:57.108 18604 18604 E ActivityThread: 	at android.app.ActivityThread$H.handleMessage(ActivityThread.java:1373)
02-24 15:42:57.108 18604 18604 E ActivityThread: 	at android.os.Handler.dispatchMessage(Handler.java:102)
02-24 15:42:57.108 18604 18604 E ActivityThread: 	at android.os.Looper.loop(Looper.java:148)
02-24 15:42:57.108 18604 18604 E ActivityThread: 	at android.app.ActivityThread.main(ActivityThread.java:5417)
02-24 15:42:57.108 18604 18604 E ActivityThread: 	at java.lang.reflect.Method.invoke(Native Method)
02-24 15:42:57.108 18604 18604 E ActivityThread: 	at com.android.internal.os.ZygoteInit$MethodAndArgsCaller.run(ZygoteInit.java:726)
02-24 15:42:57.108 18604 18604 E ActivityThread: 	at com.android.internal.os.ZygoteInit.main(ZygoteInit.java:616)
02-24 15:43:01.435   919   932 I chatty  : uid=1000(system) ActivityManager expire 2 lines
02-24 15:43:13.452  8172  8172 W ActivityThread: Application com.gusar.datingapp is waiting for the debugger on port 8100...
02-24 15:43:16.261   919   937 I chatty  : uid=1000(system) android.display expire 1 line
02-24 15:43:23.113   919   930 I chatty  : uid=1000(system) Binder_2 expire 1 line
02-24 15:44:05.046   919   939 I chatty  : uid=1000(system) PowerManagerSer expire 21 lines
02-24 15:44:05.059   919   937 I chatty  : uid=1000(system) android.display expire 15 lines
02-24 15:44:05.111   919  3109 I chatty  : uid=1000(system) WifiService expire 7 lines
02-24 15:44:05.116   919   930 I chatty  : uid=1000(system) Binder_2 expire 6 lines
02-24 15:44:05.365   919   934 I chatty  : uid=1000(system) android.fg expire 5 lines
02-24 15:44:05.634   919   919 I chatty  : uid=1000 system_server expire 19 lines
02-24 15:44:05.653   919  3218 I chatty  : uid=1000(system) Binder_3 expire 9 lines
02-24 15:44:05.701   919  3831 I chatty  : uid=1000(system) Binder_9 expire 4 lines
02-24 15:44:05.719   919  5905 I chatty  : uid=1000(system) Binder_F expire 10 lines
02-24 15:44:06.720   919   932 I chatty  : uid=1000(system) ActivityManager expire 9 lines
02-24 15:45:04.539   919  3523 I chatty  : uid=1000(system) Binder_6 expire 9 lines
02-24 15:45:04.539   919  3835 I chatty  : uid=1000(system) Binder_B expire 11 lines
02-24 15:46:32.925   919   931 I chatty  : uid=1000(system) android.bg expire 4 lines
02-24 15:47:57.595   919  3616 I chatty  : uid=1000(system) Binder_7 expire 2 lines
02-24 15:52:18.911   919  3058 I chatty  : uid=1000(system) AlarmManager expire 1 line
02-24 15:52:41.658   919   938 I chatty  : uid=1000(system) CpuTracker expire 2 lines
02-24 15:53:19.042   919  5904 I chatty  : uid=1000(system) Binder_E expire 5 lines
02-24 15:53:19.185   919  5901 I chatty  : uid=1000(system) Binder_D expire 7 lines
02-24 15:58:19.285   919  3482 I chatty  : uid=1000(system) Binder_4 expire 6 lines
02-24 16:03:19.211   919  3834 I chatty  : uid=1000(system) Binder_A expire 7 lines
02-24 16:03:19.292   919  3521 I chatty  : uid=1000(system) Binder_5 expire 8 lines
02-24 16:08:19.276   919  5908 I chatty  : uid=1000(system) Binder_10 expire 4 lines
02-24 16:09:42.336   919  3110 I chatty  : uid=1000(system) ConnectivitySer expire 38 lines
02-24 16:09:58.260   919  5626 I chatty  : uid=1000(system) Binder_C expire 5 lines
02-24 16:13:19.428   919  3830 I chatty  : uid=1000(system) Binder_8 expire 2 lines
02-24 16:18:20.674   919  3681 I chatty  : uid=1000(system) FLP Service Cal expire 1 line
02-24 16:22:52.345   919   929 I chatty  : uid=1000(system) Binder_1 expire 2 lines
02-24 16:24:13.151 14030 14030 W ActivityThread: Application com.gusar.datingapp is waiting for the debugger on port 8100...
02-24 16:24:16.162   919   937 I chatty  : uid=1000(system) android.display expire 13 lines
02-24 16:24:21.576   919  3110 I chatty  : uid=1000(system) ConnectivitySer expire 7 lines
02-24 16:25:11.789   919  3073 I chatty  : uid=1000(system) InputReader expire 2 lines
02-24 16:25:12.708   919   939 I chatty  : uid=1000(system) PowerManagerSer expire 16 lines
02-24 16:32:40.937   919  3835 I chatty  : uid=1000(system) Binder_B expire 7 lines
02-24 16:32:45.208   919   937 I chatty  : uid=1000(system) android.display expire 10 lines
02-24 16:32:45.310   919   939 I chatty  : uid=1000(system) PowerManagerSer expire 10 lines
02-24 16:33:19.790   919   931 I chatty  : uid=1000(system) android.bg expire 2 lines
02-24 16:34:45.142   919  3058 I chatty  : uid=1000(system) AlarmManager expire 2 lines
02-24 16:34:45.601 22010 22010 W ActivityThread: ClassLoader.loadClass: The class loader returned by Thread.getContextClassLoader() may fail for processes that host multiple applications. You should explicitly specify a context class loader. For example: Thread.setContextClassLoader(getClass().getClassLoader());
02-24 16:36:59.562   919   932 I chatty  : uid=1000(system) ActivityManager expire 15 lines
02-24 16:37:00.275   919  3482 I chatty  : uid=1000(system) Binder_4 expire 6 lines
02-24 16:37:01.460   919  3834 I chatty  : uid=1000(system) Binder_A expire 7 lines
02-24 16:37:41.159   919  3523 I chatty  : uid=1000(system) Binder_6 expire 7 lines
02-24 16:41:56.874   919   919 I chatty  : uid=1000 system_server expire 14 lines
02-24 16:41:56.879   919  3521 I chatty  : uid=1000(system) Binder_5 expire 11 lines
02-24 16:41:57.036   919   929 I chatty  : uid=1000(system) Binder_1 expire 9 lines
02-24 16:41:57.037   919   934 I chatty  : uid=1000(system) android.fg expire 4 lines
02-24 16:41:57.113   919  3110 I chatty  : uid=1000(system) ConnectivitySer expire 16 lines
02-24 16:41:59.217   919  3616 I chatty  : uid=1000(system) Binder_7 expire 5 lines
02-24 16:41:59.291   919  5626 I chatty  : uid=1000(system) Binder_C expire 5 lines
02-24 16:42:11.006   919   942 I chatty  : uid=1000(system) PackageManager expire 6 lines
02-24 16:42:15.824 22430 22441 D DefContainer: Copying /data/local/tmp/com.gusar.datingapp to base.apk
02-24 16:42:18.717   919  3831 I chatty  : uid=1000(system) Binder_9 expire 10 lines
02-24 16:42:29.945   919  3218 I chatty  : uid=1000(system) Binder_3 expire 7 lines
02-24 16:42:30.160 22532 22532 I chatty  : uid=1000(system) expire 1 line
02-24 16:42:31.230   919  5908 I chatty  : uid=1000(system) Binder_10 expire 2 lines
02-24 16:42:32.625   919  3830 I chatty  : uid=1000(system) Binder_8 expire 7 lines
02-24 16:42:32.641   919  5901 I chatty  : uid=1000(system) Binder_D expire 11 lines
02-24 16:42:33.536   919  5905 I chatty  : uid=1000(system) Binder_F expire 10 lines
02-24 16:42:35.305   919  3109 I chatty  : uid=1000(system) WifiService expire 7 lines
02-24 16:42:41.105 22870 22870 E ActivityThread: Failed to find provider info for com.getpure.pure.MetricaContentProvider
02-24 16:42:44.371   919   930 I chatty  : uid=1000(system) Binder_2 expire 11 lines
02-24 16:42:47.770   919  5904 I chatty  : uid=1000(system) Binder_E expire 4 lines
02-24 16:43:18.036 24127 24127 E ActivityThread: Failed to find provider info for com.dropbox.carousel.CuOwnerCheckProvider
02-24 16:43:19.474   919  3521 I chatty  : uid=1000(system) Binder_5 expire 2 lines
02-24 16:43:23.306   919   932 I chatty  : uid=1000(system) ActivityManager expire 5 lines
02-24 16:45:04.511   919  5901 I chatty  : uid=1000(system) Binder_D expire 1 line
02-24 16:46:25.571   919   939 I chatty  : uid=1000(system) PowerManagerSer expire 22 lines
02-24 16:46:26.362   919   937 I chatty  : uid=1000(system) android.display expire 17 lines
02-24 16:52:57.078   919  3831 I chatty  : uid=1000(system) Binder_9 expire 1 line
02-24 16:54:08.413   919  3073 I chatty  : uid=1000(system) InputReader expire 5 lines
02-24 16:54:14.533   919   939 I chatty  : uid=1000(system) PowerManagerSer expire 38 lines
02-24 16:54:14.534   919   937 I chatty  : uid=1000(system) android.display expire 32 lines
02-24 16:54:33.675   919   938 I chatty  : uid=1000(system) CpuTracker expire 3 lines
02-24 16:57:02.211   919   931 I chatty  : uid=1000(system) android.bg expire 3 lines
02-24 16:57:57.042   919  3830 I chatty  : uid=1000(system) Binder_8 expire 9 lines
02-24 16:57:57.228   919  5904 I chatty  : uid=1000(system) Binder_E expire 7 lines
02-24 17:02:57.288   919   930 I chatty  : uid=1000(system) Binder_2 expire 3 lines
02-24 17:02:57.305   919  3482 I chatty  : uid=1000(system) Binder_4 expire 5 lines
02-24 17:02:57.382   919  3616 I chatty  : uid=1000(system) Binder_7 expire 6 lines
02-24 17:02:57.475   919  5626 I chatty  : uid=1000(system) Binder_C expire 6 lines
02-24 17:02:58.164   919  5901 I chatty  : uid=1000(system) Binder_D expire 6 lines
02-24 17:02:58.373   919  3218 I chatty  : uid=1000(system) Binder_3 expire 7 lines
02-24 17:02:58.638   919  3681 I chatty  : uid=1000(system) FLP Service Cal expire 1 line
02-24 17:02:58.776   919  3109 I chatty  : uid=1000(system) WifiService expire 7 lines
02-24 17:03:00.872   919   932 I chatty  : uid=1000(system) ActivityManager expire 12 lines
02-24 17:03:01.645   919  5908 I chatty  : uid=1000(system) Binder_10 expire 9 lines
02-24 17:03:01.655   919  3110 I chatty  : uid=1000(system) ConnectivitySer expire 27 lines
02-24 17:03:24.136   919  3521 I chatty  : uid=1000(system) Binder_5 expire 4 lines
02-24 17:04:04.508   919  3835 I chatty  : uid=1000(system) Binder_B expire 5 lines
02-24 17:06:54.852   919   934 I chatty  : uid=1000(system) android.fg expire 6 lines
02-24 17:06:54.947   919   919 I chatty  : uid=1000 system_server expire 16 lines
02-24 17:06:55.013   919  3523 I chatty  : uid=1000(system) Binder_6 expire 5 lines
02-24 17:09:01.743   919  3058 I chatty  : uid=1000(system) AlarmManager expire 1 line
02-24 17:11:55.093   919   929 I chatty  : uid=1000(system) Binder_1 expire 5 lines
02-24 17:14:06.801   919  5905 I chatty  : uid=1000(system) Binder_F expire 3 lines
02-24 17:14:46.151   919  3831 I chatty  : uid=1000(system) Binder_9 expire 3 lines
02-24 17:16:00.372   919  3834 I chatty  : uid=1000(system) Binder_A expire 1 line
02-24 17:16:07.388 22852 22852 E ActivityThread: Failed to find provider info for com.dropbox.carousel.CuOwnerCheckProvider
02-24 17:16:08.783   919   937 I chatty  : uid=1000(system) android.display expire 8 lines
02-24 17:16:09.085   919   939 I chatty  : uid=1000(system) PowerManagerSer expire 10 lines
02-24 17:16:09.406   919   919 I chatty  : uid=1000 system_server expire 13 lines
02-24 17:17:14.514   919   937 I chatty  : uid=1000(system) android.display expire 13 lines
02-24 17:18:12.548   919   930 I chatty  : uid=1000(system) Binder_2 expire 15 lines
02-24 17:18:12.632   919  3831 I chatty  : uid=1000(system) Binder_9 expire 6 lines
02-24 17:18:59.460   919   931 I chatty  : uid=1000(system) android.bg expire 1 line
02-24 17:20:13.705   919  5908 I chatty  : uid=1000(system) Binder_10 expire 10 lines
02-24 17:20:13.810   919  3830 I chatty  : uid=1000(system) Binder_8 expire 7 lines
02-24 17:22:12.922   919   938 I chatty  : uid=1000(system) CpuTracker expire 6 lines
02-24 17:22:14.782   919  3616 I chatty  : uid=1000(system) Binder_7 expire 8 lines
02-24 17:22:14.918   919  3482 I chatty  : uid=1000(system) Binder_4 expire 7 lines
02-24 17:24:18.784   919  3523 I chatty  : uid=1000(system) Binder_6 expire 6 lines
02-24 17:24:18.841   919  3835 I chatty  : uid=1000(system) Binder_B expire 10 lines
02-24 17:26:42.749   919   939 I chatty  : uid=1000(system) PowerManagerSer expire 18 lines
02-24 17:26:42.816   919   934 I chatty  : uid=1000(system) android.fg expire 7 lines
02-24 17:26:43.082   919  5905 I chatty  : uid=1000(system) Binder_F expire 7 lines
02-24 17:26:44.271   919  5626 I chatty  : uid=1000(system) Binder_C expire 4 lines
02-24 17:26:53.951   919  3521 I chatty  : uid=1000(system) Binder_5 expire 5 lines
02-24 17:26:54.455   919  3218 I chatty  : uid=1000(system) Binder_3 expire 10 lines
02-24 17:27:31.237   919   932 I chatty  : uid=1000(system) ActivityManager expire 8 lines
02-24 17:29:19.416   919  3834 I chatty  : uid=1000(system) Binder_A expire 9 lines
02-24 17:31:25.532   919  3110 I chatty  : uid=1000(system) ConnectivitySer expire 9 lines
02-24 17:31:26.338   919  3109 I chatty  : uid=1000(system) WifiService expire 9 lines
02-24 17:31:27.801   919  5901 I chatty  : uid=1000(system) Binder_D expire 11 lines
02-24 17:32:04.719  3207  3207 V DeadZone: consuming errant click: (1439.0,10.0)
02-24 17:32:05.689   919  3073 I chatty  : uid=1000(system) InputReader expire 2 lines
02-24 17:32:06.601   919   937 I chatty  : uid=1000(system) android.display expire 13 lines
02-24 17:32:06.917   919   939 I chatty  : uid=1000(system) PowerManagerSer expire 10 lines
02-24 17:32:07.295   919   919 I chatty  : uid=1000 system_server expire 11 lines
02-24 17:45:05.028   919  5904 I chatty  : uid=1000(system) Binder_E expire 4 lines
02-24 17:52:13.441   919   929 I chatty  : uid=1000(system) Binder_1 expire 4 lines
02-24 18:04:19.347  1660  1660 W ActivityThread: ClassLoader.loadClass: The class loader returned by Thread.getContextClassLoader() may fail for processes that host multiple applications. You should explicitly specify a context class loader. For example: Thread.setContextClassLoader(getClass().getClassLoader());
02-24 18:04:22.883   919   930 I chatty  : uid=1000(system) Binder_2 expire 7 lines
02-24 18:06:22.012  2089  2089 W ActivityThread: ClassLoader.loadClass: The class loader returned by Thread.getContextClassLoader() may fail for processes that host multiple applications. You should explicitly specify a context class loader. For example: Thread.setContextClassLoader(getClass().getClassLoader());
02-24 18:06:57.611   919  3218 I chatty  : uid=1000(system) Binder_3 expire 4 lines
02-24 18:29:17.396   919   939 I chatty  : uid=1000(system) PowerManagerSer expire 16 lines
02-24 18:29:22.151   919   937 I chatty  : uid=1000(system) android.display expire 11 lines
02-24 18:31:13.238   919   919 I chatty  : uid=1000 system_server expire 15 lines
02-24 18:31:13.242   919  3834 I chatty  : uid=1000(system) Binder_A expire 13 lines
02-24 18:31:13.526   919  3831 I chatty  : uid=1000(system) Binder_9 expire 3 lines
02-24 18:31:13.550   919  3523 I chatty  : uid=1000(system) Binder_6 expire 9 lines
02-24 18:31:13.550   919   934 I chatty  : uid=1000(system) android.fg expire 5 lines
02-24 18:31:13.625   919   933 I chatty  : uid=1000(system) android.ui expire 2 lines
02-24 18:31:13.663   919  5626 I chatty  : uid=1000(system) Binder_C expire 10 lines
02-24 18:31:13.876   919  5905 I chatty  : uid=1000(system) Binder_F expire 8 lines
02-24 18:31:14.191   919  3218 I chatty  : uid=1000(system) Binder_3 expire 10 lines
02-24 18:31:20.526   919  3521 I chatty  : uid=1000(system) Binder_5 expire 10 lines
02-24 18:31:20.551 18604 18604 W ViewRootImpl: Cancelling event due to no window focus: KeyEvent { action=ACTION_UP, keyCode=KEYCODE_BACK, scanCode=0, metaState=0, flags=0x68, repeatCount=0, eventTime=1543496539, downTime=1543496468, deviceId=-1, source=0x101 }
02-24 18:31:20.551 18604 18604 W ViewRootImpl: Cancelling event due to no window focus: KeyEvent { action=ACTION_UP, keyCode=KEYCODE_BACK, scanCode=0, metaState=0, flags=0x68, repeatCount=0, eventTime=1543496539, downTime=1543496468, deviceId=-1, source=0x101 }
02-24 18:31:20.551 18604 18604 W ViewRootImpl: Cancelling event due to no window focus: KeyEvent { action=ACTION_UP, keyCode=KEYCODE_BACK, scanCode=0, metaState=0, flags=0x68, repeatCount=0, eventTime=1543496539, downTime=1543496468, deviceId=-1, source=0x101 }
02-24 18:31:23.914   919   937 I chatty  : uid=1000(system) android.display expire 8 lines
02-24 18:31:29.406   919  5908 I chatty  : uid=1000(system) Binder_10 expire 4 lines
02-24 18:31:30.723   919   932 I chatty  : uid=1000(system) ActivityManager expire 10 lines
02-24 18:31:30.828   919  3482 I chatty  : uid=1000(system) Binder_4 expire 7 lines
02-24 18:31:31.254   919   942 I chatty  : uid=1000(system) PackageManager expire 6 lines
02-24 18:31:31.611   919  3835 I chatty  : uid=1000(system) Binder_B expire 6 lines
02-24 18:31:31.787  3064  3064 I chatty  : uid=1000(system) /system/bin/ATFWD-daemon expire 1 line
02-24 18:31:31.808   919   930 I chatty  : uid=1000(system) Binder_2 expire 11 lines
02-24 18:31:32.107   919   931 I chatty  : uid=1000(system) android.bg expire 4 lines
02-24 18:31:35.513   919  3830 I chatty  : uid=1000(system) Binder_8 expire 11 lines
02-24 18:31:35.978   919  3616 I chatty  : uid=1000(system) Binder_7 expire 11 lines
02-24 18:31:36.898   919   929 I chatty  : uid=1000(system) Binder_1 expire 11 lines
02-24 18:31:37.004   919  3109 I chatty  : uid=1000(system) WifiService expire 8 lines
02-24 18:31:37.067   919  5904 I chatty  : uid=1000(system) Binder_E expire 6 lines
02-24 18:31:42.455   919  3110 I chatty  : uid=1000(system) ConnectivitySer expire 26 lines
02-24 18:32:28.578  3687  3697 D DefContainer: Copying /data/local/tmp/com.gusar.datingapp to base.apk
02-24 18:32:46.261  3881  3881 E ActivityThread: Failed to find provider info for com.getpure.pure.MetricaContentProvider
02-24 18:32:54.554   919  5901 I chatty  : uid=1000(system) Binder_D expire 6 lines
02-24 18:32:54.571   351   389 D vold    : Remounting 10371 as mode read
02-24 18:32:54.580   351   389 D vold    : Found matching PID 3771
02-24 18:32:54.615   919  3101 I chatty  : uid=1000(system) VoldConnector expire 2 lines
02-24 18:32:54.617   351   389 D vold    : Remounting 10371 as mode write
02-24 18:32:54.624   351   389 D vold    : Found matching PID 3771
02-24 18:40:42.070   919   939 I chatty  : uid=1000(system) PowerManagerSer expire 10 lines
02-24 18:42:07.949   919   932 I chatty  : uid=1000(system) ActivityManager expire 25 lines
02-24 18:42:08.506   919  5904 I chatty  : uid=1000(system) Binder_E expire 6 lines
02-24 18:42:08.673 13120 13120 E ActivityThread: Failed to find provider info for com.dropbox.carousel.CuOwnerCheckProvider
02-24 18:42:09.801   919  3834 I chatty  : uid=1000(system) Binder_A expire 8 lines
02-24 18:42:10.079   919  3521 I chatty  : uid=1000(system) Binder_5 expire 6 lines
02-24 18:42:12.337   919  3523 I chatty  : uid=1000(system) Binder_6 expire 3 lines
02-24 18:42:12.337   919  3109 I chatty  : uid=1000(system) WifiService expire 3 lines
02-24 18:42:12.338   919   930 I chatty  : uid=1000(system) Binder_2 expire 11 lines
02-24 18:42:21.885   919  3110 I chatty  : uid=1000(system) ConnectivitySer expire 27 lines
02-24 18:42:31.793   919  3073 I chatty  : uid=1000(system) InputReader expire 1 line
02-24 18:42:32.496   919   937 I chatty  : uid=1000(system) android.display expire 33 lines
02-24 18:42:32.804   919   939 I chatty  : uid=1000(system) PowerManagerSer expire 41 lines
02-24 18:42:32.806   919   934 I chatty  : uid=1000(system) android.fg expire 6 lines
02-24 18:42:33.172   919  3616 I chatty  : uid=1000(system) Binder_7 expire 13 lines
02-24 18:42:33.250   919   919 I chatty  : uid=1000 system_server expire 20 lines
02-24 18:42:57.471   919  5901 I chatty  : uid=1000(system) Binder_D expire 10 lines
02-24 18:42:57.946   919  3218 I chatty  : uid=1000(system) Binder_3 expire 4 lines
02-24 18:42:58.577   919   929 I chatty  : uid=1000(system) Binder_1 expire 7 lines
02-24 18:43:57.551   919  3835 I chatty  : uid=1000(system) Binder_B expire 7 lines
02-24 18:43:57.618   919  3830 I chatty  : uid=1000(system) Binder_8 expire 3 lines
02-24 18:45:48.276   919  3482 I chatty  : uid=1000(system) Binder_4 expire 4 lines
02-24 18:46:19.328   919  5626 I chatty  : uid=1000(system) Binder_C expire 6 lines
02-24 18:46:19.416   919  5908 I chatty  : uid=1000(system) Binder_10 expire 6 lines
02-24 18:46:33.604   919  5905 I chatty  : uid=1000(system) Binder_F expire 1 line
02-24 18:57:52.073   919   931 I chatty  : uid=1000(system) android.bg expire 1 line
02-24 19:06:15.327   919  3106 I chatty  : uid=1000(system) NetworkPolicy expire 1 line
02-24 19:06:17.739   919  3831 I chatty  : uid=1000(system) Binder_9 expire 32 lines
02-24 19:06:17.751   919  3110 I chatty  : uid=1000(system) ConnectivitySer expire 20 lines
02-24 19:06:18.015   919  3523 I chatty  : uid=1000(system) Binder_6 expire 5 lines
02-24 19:06:18.258   919   930 I chatty  : uid=1000(system) Binder_2 expire 3 lines
02-24 19:06:19.377   919  3109 I chatty  : uid=1000(system) WifiService expire 4 lines
02-24 19:06:20.974   919   929 I chatty  : uid=1000(system) Binder_1 expire 3 lines
02-24 19:06:22.356   919  3616 I chatty  : uid=1000(system) Binder_7 expire 3 lines
02-24 19:06:22.944   919  3834 I chatty  : uid=1000(system) Binder_A expire 5 lines
02-24 19:06:31.049   919  5901 I chatty  : uid=1000(system) Binder_D expire 6 lines
02-24 19:06:31.138   919  5904 I chatty  : uid=1000(system) Binder_E expire 3 lines
02-24 19:06:36.596   919   932 I chatty  : uid=1000(system) ActivityManager expire 22 lines
02-24 19:07:02.640   919   919 I chatty  : uid=1000 system_server expire 55 lines
02-24 19:07:02.644   919  3830 I chatty  : uid=1000(system) Binder_8 expire 7 lines
02-24 19:07:02.651   919   939 I chatty  : uid=1000(system) PowerManagerSer expire 11 lines
02-24 19:07:02.677   919   937 I chatty  : uid=1000(system) android.display expire 8 lines
02-24 19:07:02.702   919  5905 I chatty  : uid=1000(system) Binder_F expire 2 lines
02-24 19:07:02.955   919  3218 I chatty  : uid=1000(system) Binder_3 expire 3 lines
02-24 19:07:02.956   919   934 I chatty  : uid=1000(system) android.fg expire 4 lines
02-24 19:07:05.442   919  5908 I chatty  : uid=1000(system) Binder_10 expire 3 lines
02-24 19:07:07.954   919  3521 I chatty  : uid=1000(system) Binder_5 expire 23 lines
02-24 19:07:08.075   919  3835 I chatty  : uid=1000(system) Binder_B expire 1 line
02-24 19:07:13.809   919  5626 I chatty  : uid=1000(system) Binder_C expire 14 lines
02-24 19:07:49.529  3207  3207 V DeadZone: consuming errant click: (752.0,37.0)
02-24 19:07:51.337   919  3072 I chatty  : uid=1000(system) InputDispatcher expire 1 line
02-24 19:07:52.827   919  3073 I chatty  : uid=1000(system) InputReader expire 1 line
02-24 19:07:54.073   919   919 I chatty  : uid=1000 system_server expire 10 lines
02-24 19:07:55.897   919  3831 I chatty  : uid=1000(system) Binder_9 expire 1 line
02-24 19:07:55.951   919  3110 I chatty  : uid=1000(system) ConnectivitySer expire 4 lines
02-24 19:08:34.954   919   932 I chatty  : uid=1000(system) ActivityManager expire 2 lines
02-24 19:09:06.427   919  3058 I chatty  : uid=1000(system) AlarmManager expire 1 line
02-24 19:10:54.637   919  3110 I chatty  : uid=1000(system) ConnectivitySer expire 13 lines
02-24 19:10:54.782   919  3218 I chatty  : uid=1000(system) Binder_3 expire 12 lines
02-24 19:10:55.035   919  5626 I chatty  : uid=1000(system) Binder_C expire 9 lines
02-24 19:10:55.119   919  3482 I chatty  : uid=1000(system) Binder_4 expire 11 lines
02-24 19:10:55.126   919  3835 I chatty  : uid=1000(system) Binder_B expire 13 lines
02-24 19:10:55.809   919  5908 I chatty  : uid=1000(system) Binder_10 expire 8 lines
02-24 19:10:56.943   919  3834 I chatty  : uid=1000(system) Binder_A expire 7 lines
02-24 19:10:57.902   919  3109 I chatty  : uid=1000(system) WifiService expire 10 lines
02-24 19:10:59.866   919  3616 I chatty  : uid=1000(system) Binder_7 expire 5 lines
02-24 19:10:59.895   919  3521 I chatty  : uid=1000(system) Binder_5 expire 10 lines
02-24 19:11:00.574   919  3830 I chatty  : uid=1000(system) Binder_8 expire 17 lines
02-24 19:12:00.181   919   932 I chatty  : uid=1000(system) ActivityManager expire 11 lines
02-24 19:12:14.409   919   930 I chatty  : uid=1000(system) Binder_2 expire 8 lines
02-24 19:12:14.416   919   939 I chatty  : uid=1000(system) PowerManagerSer expire 3 lines
02-24 19:12:14.417   919   937 I chatty  : uid=1000(system) android.display expire 2 lines
02-24 19:12:17.271   919  3831 I chatty  : uid=1000(system) Binder_9 expire 3 lines
02-24 19:12:17.271   919   934 I chatty  : uid=1000(system) android.fg expire 1 line
02-24 19:12:17.332   919   919 I chatty  : uid=1000 system_server expire 4 lines
02-24 19:12:17.354   919  5904 I chatty  : uid=1000(system) Binder_E expire 10 lines
02-24 19:12:17.423   919   929 I chatty  : uid=1000(system) Binder_1 expire 7 lines
02-24 19:12:21.938   919  3523 I chatty  : uid=1000(system) Binder_6 expire 7 lines
02-24 19:12:28.308   919  5901 I chatty  : uid=1000(system) Binder_D expire 11 lines
02-24 19:13:57.545  3815  3815 D MccTable: updateMccMncConfiguration mccmnc='null' fromServiceState=true
02-24 19:13:57.545  3815  3815 D MccTable: WIFI_COUNTRY_CODE set to 
02-24 19:14:00.655   919  3110 I chatty  : uid=1000(system) ConnectivitySer expire 18 lines
02-24 19:14:35.054  3815  3815 D MccTable: updateMccMncConfiguration mccmnc='25506' fromServiceState=true
02-24 19:14:35.054  3815  3815 D MccTable: updateMccMncConfiguration defaultMccMnc=25506
02-24 19:14:35.055  3815  3815 D MccTable: updateMccMncConfiguration: mcc=255, mnc=6
02-24 19:14:35.055  3815  3815 D MccTable: WIFI_COUNTRY_CODE set to ua
02-24 19:17:18.093   919   931 I chatty  : uid=1000(system) android.bg expire 3 lines
02-24 19:17:25.790   919  5905 I chatty  : uid=1000(system) Binder_F expire 5 lines
02-24 19:17:28.041   511  1961 W SocketClient: write error (Broken pipe)
02-24 19:17:29.326   919  3110 I chatty  : uid=1000(system) ConnectivitySer expire 33 lines
02-24 19:18:17.315   919  3482 I chatty  : uid=1000(system) Binder_4 expire 4 lines
02-24 19:18:43.891   919  3830 I chatty  : uid=1000(system) Binder_8 expire 1 line
02-24 19:18:50.899   919  3218 I chatty  : uid=1000(system) Binder_3 expire 2 lines
02-24 19:20:31.708  3815  3815 D MccTable: updateMccMncConfiguration mccmnc='null' fromServiceState=true
02-24 19:20:31.708  3815  3815 D MccTable: WIFI_COUNTRY_CODE set to 
02-24 19:20:31.758   919  5904 I chatty  : uid=1000(system) Binder_E expire 2 lines
02-24 19:20:31.784   919  3835 I chatty  : uid=1000(system) Binder_B expire 2 lines
02-24 19:20:33.701   919  3110 I chatty  : uid=1000(system) ConnectivitySer expire 16 lines
02-24 19:20:33.888   919  5908 I chatty  : uid=1000(system) Binder_10 expire 11 lines
02-24 19:22:17.387   919  3523 I chatty  : uid=1000(system) Binder_6 expire 10 lines
02-24 19:22:17.463   919  3482 I chatty  : uid=1000(system) Binder_4 expire 10 lines
02-24 19:22:17.501  3815  3815 D MccTable: updateMccMncConfiguration mccmnc='25506' fromServiceState=true
02-24 19:22:17.502  3815  3815 D MccTable: updateMccMncConfiguration defaultMccMnc=25506
02-24 19:22:17.502  3815  3815 D MccTable: updateMccMncConfiguration: mcc=255, mnc=6
02-24 19:22:17.502  3815  3815 D MccTable: WIFI_COUNTRY_CODE set to ua
02-24 19:22:17.502   919  5904 I chatty  : uid=1000(system) Binder_E expire 12 lines
02-24 19:22:17.572   919  5905 I chatty  : uid=1000(system) Binder_F expire 7 lines
02-24 19:22:17.588   919  3616 I chatty  : uid=1000(system) Binder_7 expire 14 lines
02-24 19:22:17.596   919  3218 I chatty  : uid=1000(system) Binder_3 expire 15 lines
02-24 19:23:17.155   919  3110 I chatty  : uid=1000(system) ConnectivitySer expire 32 lines
02-24 19:23:30.322  3815  3815 D MccTable: updateMccMncConfiguration mccmnc='null' fromServiceState=true
02-24 19:23:30.322  3815  3815 D MccTable: WIFI_COUNTRY_CODE set to 
02-24 19:23:30.323   919  3835 I chatty  : uid=1000(system) Binder_B expire 10 lines
02-24 19:24:14.361   919   931 I chatty  : uid=1000(system) android.bg expire 1 line
02-24 19:24:30.715  3815  3815 D MccTable: updateMccMncConfiguration mccmnc='25506' fromServiceState=true
02-24 19:24:30.717  3815  3815 D MccTable: updateMccMncConfiguration defaultMccMnc=25506
02-24 19:24:30.717  3815  3815 D MccTable: updateMccMncConfiguration: mcc=255, mnc=6
02-24 19:24:30.717  3815  3815 D MccTable: WIFI_COUNTRY_CODE set to ua
02-24 19:24:30.717   919  3831 I chatty  : uid=1000(system) Binder_9 expire 16 lines
02-24 19:24:30.832   919  5626 I chatty  : uid=1000(system) Binder_C expire 9 lines
02-24 19:24:30.967   919  3521 I chatty  : uid=1000(system) Binder_5 expire 4 lines
02-24 19:26:29.028  3815  3815 D MccTable: updateMccMncConfiguration mccmnc='null' fromServiceState=true
02-24 19:26:29.028  3815  3815 D MccTable: WIFI_COUNTRY_CODE set to 
02-24 19:26:29.101   919  3834 I chatty  : uid=1000(system) Binder_A expire 2 lines
02-24 19:26:52.081  3815  3815 D MccTable: updateMccMncConfiguration mccmnc='25506' fromServiceState=true
02-24 19:26:52.082  3815  3815 D MccTable: updateMccMncConfiguration defaultMccMnc=25506
02-24 19:26:52.082  3815  3815 D MccTable: updateMccMncConfiguration: mcc=255, mnc=6
02-24 19:26:52.082  3815  3815 D MccTable: WIFI_COUNTRY_CODE set to ua
02-24 19:26:52.135   919   929 I chatty  : uid=1000(system) Binder_1 expire 11 lines
02-24 19:26:52.154   919   930 I chatty  : uid=1000(system) Binder_2 expire 6 lines
02-24 19:28:21.373  3815  3815 D MccTable: updateMccMncConfiguration mccmnc='null' fromServiceState=true
02-24 19:28:21.373  3815  3815 D MccTable: WIFI_COUNTRY_CODE set to 
02-24 19:28:21.448   919  3830 I chatty  : uid=1000(system) Binder_8 expire 7 lines
02-24 19:29:10.208  3815  3815 D MccTable: updateMccMncConfiguration mccmnc='25506' fromServiceState=true
02-24 19:29:10.209  3815  3815 D MccTable: updateMccMncConfiguration defaultMccMnc=25506
02-24 19:29:10.209  3815  3815 D MccTable: updateMccMncConfiguration: mcc=255, mnc=6
02-24 19:29:10.209  3815  3815 D MccTable: WIFI_COUNTRY_CODE set to ua
02-24 19:30:01.050   919   932 I chatty  : uid=1000(system) ActivityManager expire 4 lines
02-24 19:30:01.572   919  3109 I chatty  : uid=1000(system) WifiService expire 4 lines
02-24 19:30:37.753  3815  3815 D MccTable: updateMccMncConfiguration mccmnc='null' fromServiceState=true
02-24 19:30:37.754  3815  3815 D MccTable: WIFI_COUNTRY_CODE set to 
02-24 19:30:37.840   919  3482 I chatty  : uid=1000(system) Binder_4 expire 4 lines
02-24 19:30:57.414   919  5901 I chatty  : uid=1000(system) Binder_D expire 8 lines
02-24 19:31:11.296  3815  3815 D MccTable: updateMccMncConfiguration mccmnc='25506' fromServiceState=true
02-24 19:31:11.297  3815  3815 D MccTable: updateMccMncConfiguration defaultMccMnc=25506
02-24 19:31:11.297  3815  3815 D MccTable: updateMccMncConfiguration: mcc=255, mnc=6
02-24 19:31:11.297  3815  3815 D MccTable: WIFI_COUNTRY_CODE set to ua
02-24 19:31:14.937   919  3073 I chatty  : uid=1000(system) InputReader expire 3 lines
02-24 19:31:15.682   919   937 I chatty  : uid=1000(system) android.display expire 6 lines
02-24 19:31:15.993   919   939 I chatty  : uid=1000(system) PowerManagerSer expire 13 lines
02-24 19:31:15.996   919   934 I chatty  : uid=1000(system) android.fg expire 4 lines
02-24 19:31:17.719   919   919 I chatty  : uid=1000 system_server expire 33 lines
02-24 19:40:29.562   919  3110 I chatty  : uid=1000(system) ConnectivitySer expire 44 lines
02-24 19:40:35.106   919  3523 I chatty  : uid=1000(system) Binder_6 expire 9 lines
02-24 19:41:41.846   919   932 I chatty  : uid=1000(system) ActivityManager expire 7 lines
02-24 19:41:42.009   919  3482 I chatty  : uid=1000(system) Binder_4 expire 5 lines
02-24 19:41:42.032   919  5905 I chatty  : uid=1000(system) Binder_F expire 10 lines
02-24 19:41:42.045   919  3835 I chatty  : uid=1000(system) Binder_B expire 9 lines
02-24 19:41:42.226   919  3218 I chatty  : uid=1000(system) Binder_3 expire 5 lines
02-24 19:41:42.389   919  3830 I chatty  : uid=1000(system) Binder_8 expire 5 lines
02-24 19:41:42.639   919  3834 I chatty  : uid=1000(system) Binder_A expire 13 lines
02-24 19:41:43.477   919   930 I chatty  : uid=1000(system) Binder_2 expire 5 lines
02-24 19:41:45.134   919  3831 I chatty  : uid=1000(system) Binder_9 expire 3 lines
02-24 19:41:45.161   919  5908 I chatty  : uid=1000(system) Binder_10 expire 6 lines
02-24 19:41:45.278   919  3109 I chatty  : uid=1000(system) WifiService expire 8 lines
02-24 19:47:29.054   919   929 I chatty  : uid=1000(system) Binder_1 expire 8 lines
02-24 19:47:29.814   919  5901 I chatty  : uid=1000(system) Binder_D expire 6 lines
02-24 19:48:39.714   919  3073 I chatty  : uid=1000(system) InputReader expire 2 lines
02-24 19:48:40.377   919   937 I chatty  : uid=1000(system) android.display expire 9 lines
02-24 19:48:40.684   919   939 I chatty  : uid=1000(system) PowerManagerSer expire 11 lines
02-24 19:48:40.686   919   934 I chatty  : uid=1000(system) android.fg expire 6 lines
02-24 19:48:42.982   919  3616 I chatty  : uid=1000(system) Binder_7 expire 3 lines
02-24 19:48:43.107   919  5626 I chatty  : uid=1000(system) Binder_C expire 4 lines
02-24 19:48:43.134   919  5904 I chatty  : uid=1000(system) Binder_E expire 7 lines
02-24 19:52:07.274   919  3058 I chatty  : uid=1000(system) AlarmManager expire 1 line
02-24 19:53:14.310   919  3072 I chatty  : uid=1000(system) InputDispatcher expire 1 line
02-24 19:53:16.470   919  3521 I chatty  : uid=1000(system) Binder_5 expire 4 lines
02-24 19:55:02.815   919   931 I chatty  : uid=1000(system) android.bg expire 2 lines
02-24 20:00:00.523  8529  8529 I chatty  : uid=1000(system) expire 2 lines
02-24 20:00:14.965  8954  8954 W ActivityThread: ClassLoader.loadClass: The class loader returned by Thread.getContextClassLoader() may fail for processes that host multiple applications. You should explicitly specify a context class loader. For example: Thread.setContextClassLoader(getClass().getClassLoader());
02-24 20:00:17.910   919  3110 I chatty  : uid=1000(system) ConnectivitySer expire 31 lines
02-24 20:01:11.459   919   919 I chatty  : uid=1000 system_server expire 8 lines
02-24 20:22:23.189   919   939 I chatty  : uid=1000(system) PowerManagerSer expire 6 lines
02-24 20:22:26.867   919  3834 I chatty  : uid=1000(system) Binder_A expire 8 lines
02-24 20:22:37.578   919   937 I chatty  : uid=1000(system) android.display expire 6 lines
02-24 20:22:37.916   919   939 I chatty  : uid=1000(system) PowerManagerSer expire 10 lines
02-24 20:22:37.918   919   934 I chatty  : uid=1000(system) android.fg expire 3 lines
02-24 20:22:38.116   919   919 I chatty  : uid=1000 system_server expire 15 lines
02-24 20:23:02.417   919  3830 I chatty  : uid=1000(system) Binder_8 expire 6 lines
02-24 20:23:04.448   919  5626 I chatty  : uid=1000(system) Binder_C expire 13 lines
02-24 20:23:32.118   919  3616 I chatty  : uid=1000(system) Binder_7 expire 10 lines
02-24 20:23:32.181   919  3835 I chatty  : uid=1000(system) Binder_B expire 15 lines
02-24 20:24:09.778   919  3109 I chatty  : uid=1000(system) WifiService expire 7 lines
02-24 20:24:38.327   919  5901 I chatty  : uid=1000(system) Binder_D expire 9 lines
02-24 20:25:40.382   919  3521 I chatty  : uid=1000(system) Binder_5 expire 8 lines
02-24 20:27:45.284   919  3218 I chatty  : uid=1000(system) Binder_3 expire 13 lines
02-24 20:27:45.335   919  3482 I chatty  : uid=1000(system) Binder_4 expire 7 lines
02-24 20:28:48.385   919  5905 I chatty  : uid=1000(system) Binder_F expire 8 lines
02-24 20:28:50.218   919  3108 I chatty  : uid=1000(system) WifiStateMachin expire 1 line
02-24 20:28:50.218   919  3110 I chatty  : uid=1000(system) ConnectivitySer expire 60 lines
02-24 20:28:57.871   919  3831 I chatty  : uid=1000(system) Binder_9 expire 12 lines
02-24 20:28:58.634   919   929 I chatty  : uid=1000(system) Binder_1 expire 8 lines
02-24 20:29:06.088   919  5908 I chatty  : uid=1000(system) Binder_10 expire 3 lines
02-24 20:30:02.274   919   932 I chatty  : uid=1000(system) ActivityManager expire 8 lines
02-24 20:30:02.368   919  5904 I chatty  : uid=1000(system) Binder_E expire 8 lines
02-24 20:30:52.365   919  3523 I chatty  : uid=1000(system) Binder_6 expire 4 lines
02-24 20:31:55.435   919  3681 I chatty  : uid=1000(system) FLP Service Cal expire 1 line
02-24 20:31:58.206   919   931 I chatty  : uid=1000(system) android.bg expire 5 lines
02-24 20:32:03.982   919   930 I chatty  : uid=1000(system) Binder_2 expire 7 lines
02-24 20:32:56.468   919  3058 I chatty  : uid=1000(system) AlarmManager expire 7 lines
02-24 21:06:38.406   919  5626 I chatty  : uid=1000(system) Binder_C expire 9 lines
02-24 21:08:40.323   919  3616 I chatty  : uid=1000(system) Binder_7 expire 6 lines
02-24 21:08:40.371   919   929 I chatty  : uid=1000(system) Binder_1 expire 5 lines
02-24 21:10:08.832   919  5905 I chatty  : uid=1000(system) Binder_F expire 6 lines
02-24 21:10:33.906   919  5908 I chatty  : uid=1000(system) Binder_10 expire 10 lines
02-24 21:10:33.990   919  3109 I chatty  : uid=1000(system) WifiService expire 6 lines
02-24 21:10:34.792   919   930 I chatty  : uid=1000(system) Binder_2 expire 10 lines
02-24 21:10:35.226   919  3834 I chatty  : uid=1000(system) Binder_A expire 2 lines
02-24 21:10:41.265   919  3482 I chatty  : uid=1000(system) Binder_4 expire 8 lines
02-24 21:10:41.357   919  3830 I chatty  : uid=1000(system) Binder_8 expire 14 lines
02-24 21:10:42.773   919  3523 I chatty  : uid=1000(system) Binder_6 expire 9 lines
02-24 21:12:43.363   919  3521 I chatty  : uid=1000(system) Binder_5 expire 14 lines
02-24 21:22:44.412   919  3835 I chatty  : uid=1000(system) Binder_B expire 9 lines
02-24 21:26:30.248   919  3110 I chatty  : uid=1000(system) ConnectivitySer expire 57 lines
02-24 21:26:30.287   919   932 I chatty  : uid=1000(system) ActivityManager expire 16 lines
02-24 21:27:56.327   919  3831 I chatty  : uid=1000(system) Binder_9 expire 13 lines
02-24 21:34:06.369   919  5904 I chatty  : uid=1000(system) Binder_E expire 4 lines
02-24 21:43:13.316   919  5901 I chatty  : uid=1000(system) Binder_D expire 4 lines
02-24 21:56:21.186   919   919 I chatty  : uid=1000 system_server expire 12 lines
02-24 21:56:21.583   919  3681 I chatty  : uid=1000(system) FLP Service Cal expire 2 lines
02-24 21:56:24.363   919   931 I chatty  : uid=1000(system) android.bg expire 12 lines
02-24 22:46:02.378   919  3105 I chatty  : uid=1000(system) NetworkStats expire 1 line
02-25 00:43:45.460   919  3218 I chatty  : uid=1000(system) Binder_3 expire 4 lines
02-25 00:43:45.701   919   939 I chatty  : uid=1000(system) PowerManagerSer expire 8 lines
02-25 00:43:45.702   919   937 I chatty  : uid=1000(system) android.display expire 10 lines
02-25 04:42:18.656   919  3831 I chatty  : uid=1000(system) Binder_9 expire 11 lines
02-25 04:42:19.057   919   930 I chatty  : uid=1000(system) Binder_2 expire 4 lines
02-25 04:42:19.141   919  3109 I chatty  : uid=1000(system) WifiService expire 7 lines
02-25 04:42:19.546   919  5901 I chatty  : uid=1000(system) Binder_D expire 6 lines
02-25 04:42:38.406   919  3830 I chatty  : uid=1000(system) Binder_8 expire 10 lines
02-25 04:42:38.500   919  5626 I chatty  : uid=1000(system) Binder_C expire 9 lines
02-25 04:43:40.436   919  5908 I chatty  : uid=1000(system) Binder_10 expire 12 lines
